
   WARN  Metadata found in doc-comment for method Tests\Feature\ComponentManagerTest::teacher_can_view_component_manager_modal(). Metadata in doc-comments is deprecated and will no longer be supported in PHPUnit 12. Update your test code to use attributes instead.

   WARN  Metadata found in doc-comment for method Tests\Feature\ComponentManagerTest::teacher_can_add_component(). Metadata in doc-comments is deprecated and will no longer be supported in PHPUnit 12. Update your test code to use attributes instead.

   WARN  Metadata found in doc-comment for method Tests\Feature\ComponentManagerTest::teacher_can_get_all_components(). Metadata in doc-comments is deprecated and will no longer be supported in PHPUnit 12. Update your test code to use attributes instead.

   WARN  Metadata found in doc-comment for method Tests\Feature\ComponentManagerTest::teacher_can_delete_component(). Metadata in doc-comments is deprecated and will no longer be supported in PHPUnit 12. Update your test code to use attributes instead.

   WARN  Metadata found in doc-comment for method Tests\Feature\ComponentManagerTest::teacher_can_duplicate_component(). Metadata in doc-comments is deprecated and will no longer be supported in PHPUnit 12. Update your test code to use attributes instead.

   WARN  Metadata found in doc-comment for method Tests\Feature\ComponentManagerTest::teacher_can_get_subcategories_for_category(). Metadata in doc-comments is deprecated and will no longer be supported in PHPUnit 12. Update your test code to use attributes instead.

   WARN  Metadata found in doc-comment for method Tests\Feature\ComponentManagerTest::teacher_can_apply_template(). Metadata in doc-comments is deprecated and will no longer be supported in PHPUnit 12. Update your test code to use attributes instead.

   WARN  Metadata found in doc-comment for method Tests\Feature\ComponentManagerTest::component_form_validates_required_fields(). Metadata in doc-comments is deprecated and will no longer be supported in PHPUnit 12. Update your test code to use attributes instead.

   WARN  Metadata found in doc-comment for method Tests\Feature\ComponentManagerTest::component_max_score_must_be_between_1_and_500(). Metadata in doc-comments is deprecated and will no longer be supported in PHPUnit 12. Update your test code to use attributes instead.

   WARN  Metadata found in doc-comment for method Tests\Feature\ComponentManagerTest::non_teacher_cannot_manage_components(). Metadata in doc-comments is deprecated and will no longer be supported in PHPUnit 12. Update your test code to use attributes instead.
Student migration completed: 0 students processed

   FAIL  Tests\Unit\AttendanceSignatureModelTest
  Γ¿» create attendance signature
  Γ¿» get signature student
  Γ¿» get signature class
  Γ¿» approve signature
  Γ¿» reject signature
  Γ¿» archive signature
  Γ¿» signature status enum
  Γ¿» signature type enum
  Γ¿» store base64 signature
  Γ¿» store file path signature
  Γ¿» track signature metadata
  Γ¿» query signatures by status
  Γ¿» query signatures by term
  Γ¿» soft delete signature
  Γ¿» restore soft deleted signature
  Γ¿» permanently delete signature
  Γ¿» valid terms
  Γ¿» can update existing signature
  Γ¿» signature verification flag
  Γ¿» get pending signatures

   PASS  Tests\Unit\ClassModelTest
  Γ£ô ClassModel ΓåÆ it creates class with required attributes                                                                           0.05s  
  Γ£ô ClassModel ΓåÆ it belongs to school                                                                                                0.04s  
  Γ£ô ClassModel ΓåÆ it belongs to teacher                                                                                               0.04s  
  Γ£ô ClassModel ΓåÆ it belongs to subject                                                                                               0.04s  
  Γ£ô ClassModel ΓåÆ it has many students                                                                                                0.04s  
  Γ£ô ClassModel ΓåÆ it validates section values                                                                                         0.06s  
  Γ£ô ClassModel ΓåÆ it validates class level is positive                                                                                0.04s  

   PASS  Tests\Unit\ExampleTest
  Γ£ô that true is true                                                                                                                0.01s  

   FAIL  Tests\Unit\GradingCalculationServiceTest
  Γ¿» calculate standard mode ksa weights
  Γ¿» calculate manual mode direct grade
  Γ¿» calculate automated mode from scores
  Γ¿» calculate hybrid mode per component
  Γ¿» grades calculated correctly
  Γ¿» handle missing student entries
  Γ¿» calculate class average
  Γ¿» identify high low performers

   FAIL  Tests\Unit\StudentModelTest
  Γ¿» Student Model ΓåÆ it creates student with required attributes                                                                      0.06s  
  Γ¿» Student Model ΓåÆ it has unique student_id                                                                                         0.03s  
  Γ¿» Student Model ΓåÆ it belongs to school                                                                                             0.03s  
  Γ¿» Student Model ΓåÆ it belongs to class                                                                                              0.03s  
  Γ¿» Student Model ΓåÆ it has many attendance records                                                                                   0.03s  
  Γ¿» Student Model ΓåÆ it calculates full name correctly                                                                                0.04s  
  Γ¿» Student Model ΓåÆ it validates date of birth is in past                                                                            0.03s  

   FAIL  Tests\Feature\APIEndpointsTest
  Γ¿» API Endpoints ΓåÆ Grade API ΓåÆ it returns grades as JSON                                                                            0.09s  
  Γ¿» API Endpoints ΓåÆ Grade API ΓåÆ it filters grades by student                                                                         0.05s  
  Γ¿» API Endpoints ΓåÆ Grade API ΓåÆ it filters grades by component                                                                       0.05s  
  Γ¿» API Endpoints ΓåÆ Student API ΓåÆ it returns student list as JSON                                                                    0.06s  
  Γ¿» API Endpoints ΓåÆ Student API ΓåÆ it returns single student details                                                                  0.03s  
  Γ£ô API Endpoints ΓåÆ Student API ΓåÆ it allows filtering students by class                                                              0.05s  
  Γ¿» API Endpoints ΓåÆ Class API ΓåÆ it returns classes as JSON                                                                           0.04s  
  Γ¿» API Endpoints ΓåÆ Class API ΓåÆ it returns class details with students                                                               0.05s  
  Γ£ô API Endpoints ΓåÆ Class API ΓåÆ it filters classes by school                                                                         0.04s  
  Γ¿» API Endpoints ΓåÆ Attendance API ΓåÆ it returns attendance records as JSON                                                           0.04s  
  Γ¿» API Endpoints ΓåÆ Attendance API ΓåÆ it returns filtered attendance by date                                                          0.04s  
  Γ¿» API Endpoints ΓåÆ Attendance API ΓåÆ it returns attendance statistics                                                                0.05s  

   FAIL  Tests\Feature\AttendanceSignatureTest
  Γ¿» index displays signatures for class
  Γ¿» create shows upload form
  Γ¿» store digital signature
  Γ¿» approve signature
  Γ¿» reject signature
  Γ¿» delete signature
  Γ¿» get signature statistics
  Γ¿» cannot store signature for unauthorized student
  Γ¿» validate signature required fields
  Γ¿» index filters signatures by status

   FAIL  Tests\Feature\AttendanceTest
  Γ¿» Attendance System ΓåÆ Attendance Signature ΓåÆ it teacher can record attendance signature                                            0.05s  
  Γ¿» Attendance System ΓåÆ Attendance Signature ΓåÆ it validates signature data format                                                    0.04s  
  Γ¿» Attendance System ΓåÆ Attendance Records ΓåÆ it retrieves attendance for student                                                     0.04s  
  Γ¿» Attendance System ΓåÆ Attendance Records ΓåÆ it teacher can view class attendance report                                             0.06s  
  Γ¿» Attendance System ΓåÆ Signature Approval ΓåÆ it admin can approve signature                                                          0.03s  
  Γ¿» Attendance System ΓåÆ Signature Approval ΓåÆ it admin can reject signature with reason                                               0.03s  
  Γ¿» Attendance System ΓåÆ Attendance Statistics ΓåÆ it calculates student attendance rate                                                0.03s  

   FAIL  Tests\Feature\AuthenticationTest
  Γ£ô Authentication System ΓåÆ Login ΓåÆ it accepts valid credentials                                                                     0.06s  
  Γ¿» Authentication System ΓåÆ Login ΓåÆ it rejects invalid credentials                                                                   0.05s  
  Γ£ô Authentication System ΓåÆ Login ΓåÆ it requires email and password                                                                   0.04s  
  Γ¿» Authentication System ΓåÆ Logout ΓåÆ it logs user out successfully                                                                   0.35s  
  Γ£ô Authentication System ΓåÆ User Registration ΓåÆ it shows registration form to guests                                                 0.05s  
  Γ¿» Authentication System ΓåÆ User Registration ΓåÆ it registers new user with valid data                                                0.05s  
  Γ£ô Authentication System ΓåÆ User Registration ΓåÆ it validates password confirmation                                                   0.04s  
  Γ¿» Authentication System ΓåÆ Role-based Access Control ΓåÆ it teacher can access teacher dashboard                                      0.06s  
  Γ¿» Authentication System ΓåÆ Role-based Access Control ΓåÆ it student can access student dashboard                                      0.06s  
  Γ¿» Authentication System ΓåÆ Role-based Access Control ΓåÆ it admin can access admin panel                                              0.06s  
  Γ¿» Authentication System ΓåÆ Role-based Access Control ΓåÆ it prevents unauthorized access to admin panel                               0.06s  

   FAIL  Tests\Feature\ComponentManagementTest
  Γ¿» get components for class                                                                                                         0.07s  
  Γ¿» add component                                                                                                                    0.06s  
  Γ¿» add component with auto weight                                                                                                   0.05s  
  Γ¿» edit component                                                                                                                   0.05s  
  Γ¿» edit component weight redistribution                                                                                             0.05s  
  Γ¿» delete component                                                                                                                 0.05s  
  Γ¿» delete component redistributes weight                                                                                            0.06s  
  Γ¿» delete component cascades entries                                                                                                0.05s  
  Γ¿» reorder components                                                                                                               0.05s  
  Γ£ô get component templates                                                                                                          0.05s  
  Γ¿» apply component template                                                                                                         0.05s  
  Γ£ô validate component max score                                                                                                     0.05s  
  Γ¿» component name unique per class term                                                                                             0.05s  
  Γ¿» cannot edit component unauthorized                                                                                               0.06s  
  Γ¿» bulk delete components                                                                                                           0.04s  
  Γ¿» duplicate component                                                                                                              0.04s  
  Γ¿» get component statistics                                                                                                         0.04s  

   FAIL  Tests\Feature\ComponentManagerTest
  Γ¿» teacher can view component manager modal                                                                                         0.09s  
  Γ¿» teacher can add component                                                                                                        0.06s  
  Γ¿» teacher can get all components                                                                                                   0.05s  
  Γ¿» teacher can delete component                                                                                                     0.04s  
  Γ¿» teacher can duplicate component                                                                                                  0.05s  
  Γ¿» teacher can get subcategories for category                                                                                       0.05s  
  Γ¿» teacher can apply template                                                                                                       0.05s  
  Γ£ô component form validates required fields                                                                                         0.05s  
  Γ£ô component max score must be between 1 and 500                                                                                    0.05s  
  Γ¿» non teacher cannot manage components                                                                                             0.06s  

   FAIL  Tests\Feature\ExampleTest
  Γ¿» the application returns a successful response                                                                                    0.04s  

   FAIL  Tests\Feature\GradingModeTest
  Γ¿» show grading mode selector
  Γ¿» update mode to manual
  Γ¿» update mode to automated
  Γ¿» update mode to hybrid
  Γ¿» calculate standard mode grades
  Γ¿» manual mode accepts direct grades
  Γ¿» automated mode requires score input
  Γ¿» hybrid mode per component selection
  Γ¿» can switch modes preserves entries
  Γ¿» invalid mode rejected
  Γ¿» mode affects grade entry display

   FAIL  Tests\Feature\GradingSystemTest
  Γ¿» Grading System ΓåÆ Grade Entry ΓåÆ it teacher can enter grades for students                                                          0.05s  
  Γ¿» Grading System ΓåÆ Grade Entry ΓåÆ it validates score is within max score range                                                      0.05s  
  Γ¿» Grading System ΓåÆ Grade Entry ΓåÆ it prevents students from entering grades                                                         0.05s  
  Γ¿» Grading System ΓåÆ Grading Modes ΓåÆ it creates grading scale setting with standard mode                                             0.04s  
  Γ¿» Grading System ΓåÆ Grading Modes ΓåÆ it supports hybrid grading mode configuration                                                   0.04s  
  Γ¿» Grading System ΓåÆ Grade Calculation ΓåÆ it calculates final grade from components                                                   0.04s  
  Γ¿» Grading System ΓåÆ Grade Retrieval ΓåÆ it student can view their grades                                                              0.03s  
  Γ¿» Grading System ΓåÆ Grade Retrieval ΓåÆ it teacher can view class grades report                                                       0.05s  

   FAIL  Tests\Feature\SchoolManagementTest
  Γ¿» School Management ΓåÆ School CRUD ΓåÆ it admin can create school                                                                     0.05s  
  Γ¿» School Management ΓåÆ School CRUD ΓåÆ it validates unique school code                                                                0.04s  
  Γ¿» School Management ΓåÆ School CRUD ΓåÆ it admin can update school                                                                     0.05s  
  Γ¿» School Management ΓåÆ School CRUD ΓåÆ it admin can delete school                                                                     0.04s  
  Γ¿» School Management ΓåÆ School Access Control ΓåÆ it prevents non-admin from creating school                                           0.04s  
  Γ¿» School Management ΓåÆ School Access Control ΓåÆ it prevents guest from accessing schools                                             0.04s  
  Γ¿» School Management ΓåÆ School Listing ΓåÆ it returns all schools for admin                                                            0.05s  
  Γ¿» School Management ΓåÆ School Listing ΓåÆ it shows only active schools by default                                                     0.05s  
  ΓöÇΓöÇΓöÇΓöÇΓöÇΓöÇΓöÇΓöÇΓöÇΓöÇΓöÇΓöÇΓöÇΓöÇΓöÇΓöÇΓöÇΓöÇΓöÇΓöÇΓöÇΓöÇΓöÇΓöÇΓöÇΓöÇΓöÇΓöÇΓöÇΓöÇΓöÇΓöÇΓöÇΓöÇΓöÇΓöÇΓöÇΓöÇΓöÇΓöÇΓöÇΓöÇΓöÇΓöÇΓöÇΓöÇΓöÇΓöÇΓöÇΓöÇΓöÇΓöÇΓöÇΓöÇΓöÇΓöÇΓöÇΓöÇΓöÇΓöÇΓöÇΓöÇΓöÇΓöÇΓöÇΓöÇΓöÇΓöÇΓöÇΓöÇΓöÇΓöÇΓöÇΓöÇΓöÇΓöÇΓöÇΓöÇΓöÇΓöÇΓöÇΓöÇΓöÇΓöÇΓöÇΓöÇΓöÇΓöÇΓöÇΓöÇΓöÇΓöÇΓöÇΓöÇΓöÇΓöÇΓöÇΓöÇΓöÇΓöÇΓöÇΓöÇΓöÇΓöÇΓöÇΓöÇΓöÇΓöÇΓöÇΓöÇΓöÇΓöÇΓöÇΓöÇΓöÇΓöÇΓöÇΓöÇΓöÇΓöÇΓöÇΓöÇΓöÇΓöÇΓöÇΓöÇΓöÇΓöÇΓöÇΓöÇΓöÇΓöÇΓöÇΓöÇΓöÇΓöÇ  
   FAILED  Tests\Unit\AttendanceSignatureModelTest > create attendance signature                                 InvalidArgumentException   
  Unknown format "dateOfBirth"

  at vendor\fakerphp\faker\src\Faker\Generator.php:743
    739Γûò                 return $this->formatters[$format];
    740Γûò             }
    741Γûò         }
    742Γûò 
  Γ₧£ 743Γûò         throw new \InvalidArgumentException(sprintf('Unknown format "%s"', $format));
    744Γûò     }
    745Γûò 
    746Γûò     /**
    747Γûò      * Replaces tokens ('{{ tokenName }}') with the result from the token method call

  1   vendor\fakerphp\faker\src\Faker\Generator.php:743
  2   vendor\fakerphp\faker\src\Faker\Generator.php:708

  ΓöÇΓöÇΓöÇΓöÇΓöÇΓöÇΓöÇΓöÇΓöÇΓöÇΓöÇΓöÇΓöÇΓöÇΓöÇΓöÇΓöÇΓöÇΓöÇΓöÇΓöÇΓöÇΓöÇΓöÇΓöÇΓöÇΓöÇΓöÇΓöÇΓöÇΓöÇΓöÇΓöÇΓöÇΓöÇΓöÇΓöÇΓöÇΓöÇΓöÇΓöÇΓöÇΓöÇΓöÇΓöÇΓöÇΓöÇΓöÇΓöÇΓöÇΓöÇΓöÇΓöÇΓöÇΓöÇΓöÇΓöÇΓöÇΓöÇΓöÇΓöÇΓöÇΓöÇΓöÇΓöÇΓöÇΓöÇΓöÇΓöÇΓöÇΓöÇΓöÇΓöÇΓöÇΓöÇΓöÇΓöÇΓöÇΓöÇΓöÇΓöÇΓöÇΓöÇΓöÇΓöÇΓöÇΓöÇΓöÇΓöÇΓöÇΓöÇΓöÇΓöÇΓöÇΓöÇΓöÇΓöÇΓöÇΓöÇΓöÇΓöÇΓöÇΓöÇΓöÇΓöÇΓöÇΓöÇΓöÇΓöÇΓöÇΓöÇΓöÇΓöÇΓöÇΓöÇΓöÇΓöÇΓöÇΓöÇΓöÇΓöÇΓöÇΓöÇΓöÇΓöÇΓöÇΓöÇΓöÇΓöÇΓöÇΓöÇΓöÇΓöÇΓöÇΓöÇΓöÇ  
   FAILED  Tests\Unit\AttendanceSignatureModelTest > get signature student                                       InvalidArgumentException   
  Unknown format "dateOfBirth"

  at vendor\fakerphp\faker\src\Faker\Generator.php:743
    739Γûò                 return $this->formatters[$format];
    740Γûò             }
    741Γûò         }
    742Γûò 
  Γ₧£ 743Γûò         throw new \InvalidArgumentException(sprintf('Unknown format "%s"', $format));
    744Γûò     }
    745Γûò 
    746Γûò     /**
    747Γûò      * Replaces tokens ('{{ tokenName }}') with the result from the token method call

  1   vendor\fakerphp\faker\src\Faker\Generator.php:743
  2   vendor\fakerphp\faker\src\Faker\Generator.php:708

  ΓöÇΓöÇΓöÇΓöÇΓöÇΓöÇΓöÇΓöÇΓöÇΓöÇΓöÇΓöÇΓöÇΓöÇΓöÇΓöÇΓöÇΓöÇΓöÇΓöÇΓöÇΓöÇΓöÇΓöÇΓöÇΓöÇΓöÇΓöÇΓöÇΓöÇΓöÇΓöÇΓöÇΓöÇΓöÇΓöÇΓöÇΓöÇΓöÇΓöÇΓöÇΓöÇΓöÇΓöÇΓöÇΓöÇΓöÇΓöÇΓöÇΓöÇΓöÇΓöÇΓöÇΓöÇΓöÇΓöÇΓöÇΓöÇΓöÇΓöÇΓöÇΓöÇΓöÇΓöÇΓöÇΓöÇΓöÇΓöÇΓöÇΓöÇΓöÇΓöÇΓöÇΓöÇΓöÇΓöÇΓöÇΓöÇΓöÇΓöÇΓöÇΓöÇΓöÇΓöÇΓöÇΓöÇΓöÇΓöÇΓöÇΓöÇΓöÇΓöÇΓöÇΓöÇΓöÇΓöÇΓöÇΓöÇΓöÇΓöÇΓöÇΓöÇΓöÇΓöÇΓöÇΓöÇΓöÇΓöÇΓöÇΓöÇΓöÇΓöÇΓöÇΓöÇΓöÇΓöÇΓöÇΓöÇΓöÇΓöÇΓöÇΓöÇΓöÇΓöÇΓöÇΓöÇΓöÇΓöÇΓöÇΓöÇΓöÇΓöÇΓöÇΓöÇΓöÇΓöÇ  
   FAILED  Tests\Unit\AttendanceSignatureModelTest > get signature class                                         InvalidArgumentException   
  Unknown format "dateOfBirth"

  at vendor\fakerphp\faker\src\Faker\Generator.php:743
    739Γûò                 return $this->formatters[$format];
    740Γûò             }
    741Γûò         }
    742Γûò 
  Γ₧£ 743Γûò         throw new \InvalidArgumentException(sprintf('Unknown format "%s"', $format));
    744Γûò     }
    745Γûò 
    746Γûò     /**
    747Γûò      * Replaces tokens ('{{ tokenName }}') with the result from the token method call

  1   vendor\fakerphp\faker\src\Faker\Generator.php:743
  2   vendor\fakerphp\faker\src\Faker\Generator.php:708

  ΓöÇΓöÇΓöÇΓöÇΓöÇΓöÇΓöÇΓöÇΓöÇΓöÇΓöÇΓöÇΓöÇΓöÇΓöÇΓöÇΓöÇΓöÇΓöÇΓöÇΓöÇΓöÇΓöÇΓöÇΓöÇΓöÇΓöÇΓöÇΓöÇΓöÇΓöÇΓöÇΓöÇΓöÇΓöÇΓöÇΓöÇΓöÇΓöÇΓöÇΓöÇΓöÇΓöÇΓöÇΓöÇΓöÇΓöÇΓöÇΓöÇΓöÇΓöÇΓöÇΓöÇΓöÇΓöÇΓöÇΓöÇΓöÇΓöÇΓöÇΓöÇΓöÇΓöÇΓöÇΓöÇΓöÇΓöÇΓöÇΓöÇΓöÇΓöÇΓöÇΓöÇΓöÇΓöÇΓöÇΓöÇΓöÇΓöÇΓöÇΓöÇΓöÇΓöÇΓöÇΓöÇΓöÇΓöÇΓöÇΓöÇΓöÇΓöÇΓöÇΓöÇΓöÇΓöÇΓöÇΓöÇΓöÇΓöÇΓöÇΓöÇΓöÇΓöÇΓöÇΓöÇΓöÇΓöÇΓöÇΓöÇΓöÇΓöÇΓöÇΓöÇΓöÇΓöÇΓöÇΓöÇΓöÇΓöÇΓöÇΓöÇΓöÇΓöÇΓöÇΓöÇΓöÇΓöÇΓöÇΓöÇΓöÇΓöÇΓöÇΓöÇΓöÇΓöÇΓöÇ  
   FAILED  Tests\Unit\AttendanceSignatureModelTest > approve signature                                           InvalidArgumentException   
  Unknown format "dateOfBirth"

  at vendor\fakerphp\faker\src\Faker\Generator.php:743
    739Γûò                 return $this->formatters[$format];
    740Γûò             }
    741Γûò         }
    742Γûò 
  Γ₧£ 743Γûò         throw new \InvalidArgumentException(sprintf('Unknown format "%s"', $format));
    744Γûò     }
    745Γûò 
    746Γûò     /**
    747Γûò      * Replaces tokens ('{{ tokenName }}') with the result from the token method call

  1   vendor\fakerphp\faker\src\Faker\Generator.php:743
  2   vendor\fakerphp\faker\src\Faker\Generator.php:708

  ΓöÇΓöÇΓöÇΓöÇΓöÇΓöÇΓöÇΓöÇΓöÇΓöÇΓöÇΓöÇΓöÇΓöÇΓöÇΓöÇΓöÇΓöÇΓöÇΓöÇΓöÇΓöÇΓöÇΓöÇΓöÇΓöÇΓöÇΓöÇΓöÇΓöÇΓöÇΓöÇΓöÇΓöÇΓöÇΓöÇΓöÇΓöÇΓöÇΓöÇΓöÇΓöÇΓöÇΓöÇΓöÇΓöÇΓöÇΓöÇΓöÇΓöÇΓöÇΓöÇΓöÇΓöÇΓöÇΓöÇΓöÇΓöÇΓöÇΓöÇΓöÇΓöÇΓöÇΓöÇΓöÇΓöÇΓöÇΓöÇΓöÇΓöÇΓöÇΓöÇΓöÇΓöÇΓöÇΓöÇΓöÇΓöÇΓöÇΓöÇΓöÇΓöÇΓöÇΓöÇΓöÇΓöÇΓöÇΓöÇΓöÇΓöÇΓöÇΓöÇΓöÇΓöÇΓöÇΓöÇΓöÇΓöÇΓöÇΓöÇΓöÇΓöÇΓöÇΓöÇΓöÇΓöÇΓöÇΓöÇΓöÇΓöÇΓöÇΓöÇΓöÇΓöÇΓöÇΓöÇΓöÇΓöÇΓöÇΓöÇΓöÇΓöÇΓöÇΓöÇΓöÇΓöÇΓöÇΓöÇΓöÇΓöÇΓöÇΓöÇΓöÇΓöÇΓöÇΓöÇ  
   FAILED  Tests\Unit\AttendanceSignatureModelTest > reject signature                                            InvalidArgumentException   
  Unknown format "dateOfBirth"

  at vendor\fakerphp\faker\src\Faker\Generator.php:743
    739Γûò                 return $this->formatters[$format];
    740Γûò             }
    741Γûò         }
    742Γûò 
  Γ₧£ 743Γûò         throw new \InvalidArgumentException(sprintf('Unknown format "%s"', $format));
    744Γûò     }
    745Γûò 
    746Γûò     /**
    747Γûò      * Replaces tokens ('{{ tokenName }}') with the result from the token method call

  1   vendor\fakerphp\faker\src\Faker\Generator.php:743
  2   vendor\fakerphp\faker\src\Faker\Generator.php:708

  ΓöÇΓöÇΓöÇΓöÇΓöÇΓöÇΓöÇΓöÇΓöÇΓöÇΓöÇΓöÇΓöÇΓöÇΓöÇΓöÇΓöÇΓöÇΓöÇΓöÇΓöÇΓöÇΓöÇΓöÇΓöÇΓöÇΓöÇΓöÇΓöÇΓöÇΓöÇΓöÇΓöÇΓöÇΓöÇΓöÇΓöÇΓöÇΓöÇΓöÇΓöÇΓöÇΓöÇΓöÇΓöÇΓöÇΓöÇΓöÇΓöÇΓöÇΓöÇΓöÇΓöÇΓöÇΓöÇΓöÇΓöÇΓöÇΓöÇΓöÇΓöÇΓöÇΓöÇΓöÇΓöÇΓöÇΓöÇΓöÇΓöÇΓöÇΓöÇΓöÇΓöÇΓöÇΓöÇΓöÇΓöÇΓöÇΓöÇΓöÇΓöÇΓöÇΓöÇΓöÇΓöÇΓöÇΓöÇΓöÇΓöÇΓöÇΓöÇΓöÇΓöÇΓöÇΓöÇΓöÇΓöÇΓöÇΓöÇΓöÇΓöÇΓöÇΓöÇΓöÇΓöÇΓöÇΓöÇΓöÇΓöÇΓöÇΓöÇΓöÇΓöÇΓöÇΓöÇΓöÇΓöÇΓöÇΓöÇΓöÇΓöÇΓöÇΓöÇΓöÇΓöÇΓöÇΓöÇΓöÇΓöÇΓöÇΓöÇΓöÇΓöÇΓöÇΓöÇΓöÇ  
   FAILED  Tests\Unit\AttendanceSignatureModelTest > archive signature                                           InvalidArgumentException   
  Unknown format "dateOfBirth"

  at vendor\fakerphp\faker\src\Faker\Generator.php:743
    739Γûò                 return $this->formatters[$format];
    740Γûò             }
    741Γûò         }
    742Γûò 
  Γ₧£ 743Γûò         throw new \InvalidArgumentException(sprintf('Unknown format "%s"', $format));
    744Γûò     }
    745Γûò 
    746Γûò     /**
    747Γûò      * Replaces tokens ('{{ tokenName }}') with the result from the token method call

  1   vendor\fakerphp\faker\src\Faker\Generator.php:743
  2   vendor\fakerphp\faker\src\Faker\Generator.php:708

  ΓöÇΓöÇΓöÇΓöÇΓöÇΓöÇΓöÇΓöÇΓöÇΓöÇΓöÇΓöÇΓöÇΓöÇΓöÇΓöÇΓöÇΓöÇΓöÇΓöÇΓöÇΓöÇΓöÇΓöÇΓöÇΓöÇΓöÇΓöÇΓöÇΓöÇΓöÇΓöÇΓöÇΓöÇΓöÇΓöÇΓöÇΓöÇΓöÇΓöÇΓöÇΓöÇΓöÇΓöÇΓöÇΓöÇΓöÇΓöÇΓöÇΓöÇΓöÇΓöÇΓöÇΓöÇΓöÇΓöÇΓöÇΓöÇΓöÇΓöÇΓöÇΓöÇΓöÇΓöÇΓöÇΓöÇΓöÇΓöÇΓöÇΓöÇΓöÇΓöÇΓöÇΓöÇΓöÇΓöÇΓöÇΓöÇΓöÇΓöÇΓöÇΓöÇΓöÇΓöÇΓöÇΓöÇΓöÇΓöÇΓöÇΓöÇΓöÇΓöÇΓöÇΓöÇΓöÇΓöÇΓöÇΓöÇΓöÇΓöÇΓöÇΓöÇΓöÇΓöÇΓöÇΓöÇΓöÇΓöÇΓöÇΓöÇΓöÇΓöÇΓöÇΓöÇΓöÇΓöÇΓöÇΓöÇΓöÇΓöÇΓöÇΓöÇΓöÇΓöÇΓöÇΓöÇΓöÇΓöÇΓöÇΓöÇΓöÇΓöÇΓöÇΓöÇΓöÇΓöÇ  
   FAILED  Tests\Unit\AttendanceSignatureModelTest > signature status enum                                       InvalidArgumentException   
  Unknown format "dateOfBirth"

  at vendor\fakerphp\faker\src\Faker\Generator.php:743
    739Γûò                 return $this->formatters[$format];
    740Γûò             }
    741Γûò         }
    742Γûò 
  Γ₧£ 743Γûò         throw new \InvalidArgumentException(sprintf('Unknown format "%s"', $format));
    744Γûò     }
    745Γûò 
    746Γûò     /**
    747Γûò      * Replaces tokens ('{{ tokenName }}') with the result from the token method call

  1   vendor\fakerphp\faker\src\Faker\Generator.php:743
  2   vendor\fakerphp\faker\src\Faker\Generator.php:708

  ΓöÇΓöÇΓöÇΓöÇΓöÇΓöÇΓöÇΓöÇΓöÇΓöÇΓöÇΓöÇΓöÇΓöÇΓöÇΓöÇΓöÇΓöÇΓöÇΓöÇΓöÇΓöÇΓöÇΓöÇΓöÇΓöÇΓöÇΓöÇΓöÇΓöÇΓöÇΓöÇΓöÇΓöÇΓöÇΓöÇΓöÇΓöÇΓöÇΓöÇΓöÇΓöÇΓöÇΓöÇΓöÇΓöÇΓöÇΓöÇΓöÇΓöÇΓöÇΓöÇΓöÇΓöÇΓöÇΓöÇΓöÇΓöÇΓöÇΓöÇΓöÇΓöÇΓöÇΓöÇΓöÇΓöÇΓöÇΓöÇΓöÇΓöÇΓöÇΓöÇΓöÇΓöÇΓöÇΓöÇΓöÇΓöÇΓöÇΓöÇΓöÇΓöÇΓöÇΓöÇΓöÇΓöÇΓöÇΓöÇΓöÇΓöÇΓöÇΓöÇΓöÇΓöÇΓöÇΓöÇΓöÇΓöÇΓöÇΓöÇΓöÇΓöÇΓöÇΓöÇΓöÇΓöÇΓöÇΓöÇΓöÇΓöÇΓöÇΓöÇΓöÇΓöÇΓöÇΓöÇΓöÇΓöÇΓöÇΓöÇΓöÇΓöÇΓöÇΓöÇΓöÇΓöÇΓöÇΓöÇΓöÇΓöÇΓöÇΓöÇΓöÇΓöÇΓöÇΓöÇ  
   FAILED  Tests\Unit\AttendanceSignatureModelTest > signature type enum                                         InvalidArgumentException   
  Unknown format "dateOfBirth"

  at vendor\fakerphp\faker\src\Faker\Generator.php:743
    739Γûò                 return $this->formatters[$format];
    740Γûò             }
    741Γûò         }
    742Γûò 
  Γ₧£ 743Γûò         throw new \InvalidArgumentException(sprintf('Unknown format "%s"', $format));
    744Γûò     }
    745Γûò 
    746Γûò     /**
    747Γûò      * Replaces tokens ('{{ tokenName }}') with the result from the token method call

  1   vendor\fakerphp\faker\src\Faker\Generator.php:743
  2   vendor\fakerphp\faker\src\Faker\Generator.php:708

  ΓöÇΓöÇΓöÇΓöÇΓöÇΓöÇΓöÇΓöÇΓöÇΓöÇΓöÇΓöÇΓöÇΓöÇΓöÇΓöÇΓöÇΓöÇΓöÇΓöÇΓöÇΓöÇΓöÇΓöÇΓöÇΓöÇΓöÇΓöÇΓöÇΓöÇΓöÇΓöÇΓöÇΓöÇΓöÇΓöÇΓöÇΓöÇΓöÇΓöÇΓöÇΓöÇΓöÇΓöÇΓöÇΓöÇΓöÇΓöÇΓöÇΓöÇΓöÇΓöÇΓöÇΓöÇΓöÇΓöÇΓöÇΓöÇΓöÇΓöÇΓöÇΓöÇΓöÇΓöÇΓöÇΓöÇΓöÇΓöÇΓöÇΓöÇΓöÇΓöÇΓöÇΓöÇΓöÇΓöÇΓöÇΓöÇΓöÇΓöÇΓöÇΓöÇΓöÇΓöÇΓöÇΓöÇΓöÇΓöÇΓöÇΓöÇΓöÇΓöÇΓöÇΓöÇΓöÇΓöÇΓöÇΓöÇΓöÇΓöÇΓöÇΓöÇΓöÇΓöÇΓöÇΓöÇΓöÇΓöÇΓöÇΓöÇΓöÇΓöÇΓöÇΓöÇΓöÇΓöÇΓöÇΓöÇΓöÇΓöÇΓöÇΓöÇΓöÇΓöÇΓöÇΓöÇΓöÇΓöÇΓöÇΓöÇΓöÇΓöÇΓöÇΓöÇΓöÇΓöÇ  
   FAILED  Tests\Unit\AttendanceSignatureModelTest > store base64 signature                                      InvalidArgumentException   
  Unknown format "dateOfBirth"

  at vendor\fakerphp\faker\src\Faker\Generator.php:743
    739Γûò                 return $this->formatters[$format];
    740Γûò             }
    741Γûò         }
    742Γûò 
  Γ₧£ 743Γûò         throw new \InvalidArgumentException(sprintf('Unknown format "%s"', $format));
    744Γûò     }
    745Γûò 
    746Γûò     /**
    747Γûò      * Replaces tokens ('{{ tokenName }}') with the result from the token method call

  1   vendor\fakerphp\faker\src\Faker\Generator.php:743
  2   vendor\fakerphp\faker\src\Faker\Generator.php:708

  ΓöÇΓöÇΓöÇΓöÇΓöÇΓöÇΓöÇΓöÇΓöÇΓöÇΓöÇΓöÇΓöÇΓöÇΓöÇΓöÇΓöÇΓöÇΓöÇΓöÇΓöÇΓöÇΓöÇΓöÇΓöÇΓöÇΓöÇΓöÇΓöÇΓöÇΓöÇΓöÇΓöÇΓöÇΓöÇΓöÇΓöÇΓöÇΓöÇΓöÇΓöÇΓöÇΓöÇΓöÇΓöÇΓöÇΓöÇΓöÇΓöÇΓöÇΓöÇΓöÇΓöÇΓöÇΓöÇΓöÇΓöÇΓöÇΓöÇΓöÇΓöÇΓöÇΓöÇΓöÇΓöÇΓöÇΓöÇΓöÇΓöÇΓöÇΓöÇΓöÇΓöÇΓöÇΓöÇΓöÇΓöÇΓöÇΓöÇΓöÇΓöÇΓöÇΓöÇΓöÇΓöÇΓöÇΓöÇΓöÇΓöÇΓöÇΓöÇΓöÇΓöÇΓöÇΓöÇΓöÇΓöÇΓöÇΓöÇΓöÇΓöÇΓöÇΓöÇΓöÇΓöÇΓöÇΓöÇΓöÇΓöÇΓöÇΓöÇΓöÇΓöÇΓöÇΓöÇΓöÇΓöÇΓöÇΓöÇΓöÇΓöÇΓöÇΓöÇΓöÇΓöÇΓöÇΓöÇΓöÇΓöÇΓöÇΓöÇΓöÇΓöÇΓöÇΓöÇΓöÇ  
   FAILED  Tests\Unit\AttendanceSignatureModelTest > store file path signature                                   InvalidArgumentException   
  Unknown format "dateOfBirth"

  at vendor\fakerphp\faker\src\Faker\Generator.php:743
    739Γûò                 return $this->formatters[$format];
    740Γûò             }
    741Γûò         }
    742Γûò 
  Γ₧£ 743Γûò         throw new \InvalidArgumentException(sprintf('Unknown format "%s"', $format));
    744Γûò     }
    745Γûò 
    746Γûò     /**
    747Γûò      * Replaces tokens ('{{ tokenName }}') with the result from the token method call

  1   vendor\fakerphp\faker\src\Faker\Generator.php:743
  2   vendor\fakerphp\faker\src\Faker\Generator.php:708

  ΓöÇΓöÇΓöÇΓöÇΓöÇΓöÇΓöÇΓöÇΓöÇΓöÇΓöÇΓöÇΓöÇΓöÇΓöÇΓöÇΓöÇΓöÇΓöÇΓöÇΓöÇΓöÇΓöÇΓöÇΓöÇΓöÇΓöÇΓöÇΓöÇΓöÇΓöÇΓöÇΓöÇΓöÇΓöÇΓöÇΓöÇΓöÇΓöÇΓöÇΓöÇΓöÇΓöÇΓöÇΓöÇΓöÇΓöÇΓöÇΓöÇΓöÇΓöÇΓöÇΓöÇΓöÇΓöÇΓöÇΓöÇΓöÇΓöÇΓöÇΓöÇΓöÇΓöÇΓöÇΓöÇΓöÇΓöÇΓöÇΓöÇΓöÇΓöÇΓöÇΓöÇΓöÇΓöÇΓöÇΓöÇΓöÇΓöÇΓöÇΓöÇΓöÇΓöÇΓöÇΓöÇΓöÇΓöÇΓöÇΓöÇΓöÇΓöÇΓöÇΓöÇΓöÇΓöÇΓöÇΓöÇΓöÇΓöÇΓöÇΓöÇΓöÇΓöÇΓöÇΓöÇΓöÇΓöÇΓöÇΓöÇΓöÇΓöÇΓöÇΓöÇΓöÇΓöÇΓöÇΓöÇΓöÇΓöÇΓöÇΓöÇΓöÇΓöÇΓöÇΓöÇΓöÇΓöÇΓöÇΓöÇΓöÇΓöÇΓöÇΓöÇΓöÇΓöÇΓöÇ  
   FAILED  Tests\Unit\AttendanceSignatureModelTest > track signature metadata                                    InvalidArgumentException   
  Unknown format "dateOfBirth"

  at vendor\fakerphp\faker\src\Faker\Generator.php:743
    739Γûò                 return $this->formatters[$format];
    740Γûò             }
    741Γûò         }
    742Γûò 
  Γ₧£ 743Γûò         throw new \InvalidArgumentException(sprintf('Unknown format "%s"', $format));
    744Γûò     }
    745Γûò 
    746Γûò     /**
    747Γûò      * Replaces tokens ('{{ tokenName }}') with the result from the token method call

  1   vendor\fakerphp\faker\src\Faker\Generator.php:743
  2   vendor\fakerphp\faker\src\Faker\Generator.php:708

  ΓöÇΓöÇΓöÇΓöÇΓöÇΓöÇΓöÇΓöÇΓöÇΓöÇΓöÇΓöÇΓöÇΓöÇΓöÇΓöÇΓöÇΓöÇΓöÇΓöÇΓöÇΓöÇΓöÇΓöÇΓöÇΓöÇΓöÇΓöÇΓöÇΓöÇΓöÇΓöÇΓöÇΓöÇΓöÇΓöÇΓöÇΓöÇΓöÇΓöÇΓöÇΓöÇΓöÇΓöÇΓöÇΓöÇΓöÇΓöÇΓöÇΓöÇΓöÇΓöÇΓöÇΓöÇΓöÇΓöÇΓöÇΓöÇΓöÇΓöÇΓöÇΓöÇΓöÇΓöÇΓöÇΓöÇΓöÇΓöÇΓöÇΓöÇΓöÇΓöÇΓöÇΓöÇΓöÇΓöÇΓöÇΓöÇΓöÇΓöÇΓöÇΓöÇΓöÇΓöÇΓöÇΓöÇΓöÇΓöÇΓöÇΓöÇΓöÇΓöÇΓöÇΓöÇΓöÇΓöÇΓöÇΓöÇΓöÇΓöÇΓöÇΓöÇΓöÇΓöÇΓöÇΓöÇΓöÇΓöÇΓöÇΓöÇΓöÇΓöÇΓöÇΓöÇΓöÇΓöÇΓöÇΓöÇΓöÇΓöÇΓöÇΓöÇΓöÇΓöÇΓöÇΓöÇΓöÇΓöÇΓöÇΓöÇΓöÇΓöÇΓöÇΓöÇΓöÇΓöÇ  
   FAILED  Tests\Unit\AttendanceSignatureModelTest > query signatures by status                                  InvalidArgumentException   
  Unknown format "dateOfBirth"

  at vendor\fakerphp\faker\src\Faker\Generator.php:743
    739Γûò                 return $this->formatters[$format];
    740Γûò             }
    741Γûò         }
    742Γûò 
  Γ₧£ 743Γûò         throw new \InvalidArgumentException(sprintf('Unknown format "%s"', $format));
    744Γûò     }
    745Γûò 
    746Γûò     /**
    747Γûò      * Replaces tokens ('{{ tokenName }}') with the result from the token method call

  1   vendor\fakerphp\faker\src\Faker\Generator.php:743
  2   vendor\fakerphp\faker\src\Faker\Generator.php:708

  ΓöÇΓöÇΓöÇΓöÇΓöÇΓöÇΓöÇΓöÇΓöÇΓöÇΓöÇΓöÇΓöÇΓöÇΓöÇΓöÇΓöÇΓöÇΓöÇΓöÇΓöÇΓöÇΓöÇΓöÇΓöÇΓöÇΓöÇΓöÇΓöÇΓöÇΓöÇΓöÇΓöÇΓöÇΓöÇΓöÇΓöÇΓöÇΓöÇΓöÇΓöÇΓöÇΓöÇΓöÇΓöÇΓöÇΓöÇΓöÇΓöÇΓöÇΓöÇΓöÇΓöÇΓöÇΓöÇΓöÇΓöÇΓöÇΓöÇΓöÇΓöÇΓöÇΓöÇΓöÇΓöÇΓöÇΓöÇΓöÇΓöÇΓöÇΓöÇΓöÇΓöÇΓöÇΓöÇΓöÇΓöÇΓöÇΓöÇΓöÇΓöÇΓöÇΓöÇΓöÇΓöÇΓöÇΓöÇΓöÇΓöÇΓöÇΓöÇΓöÇΓöÇΓöÇΓöÇΓöÇΓöÇΓöÇΓöÇΓöÇΓöÇΓöÇΓöÇΓöÇΓöÇΓöÇΓöÇΓöÇΓöÇΓöÇΓöÇΓöÇΓöÇΓöÇΓöÇΓöÇΓöÇΓöÇΓöÇΓöÇΓöÇΓöÇΓöÇΓöÇΓöÇΓöÇΓöÇΓöÇΓöÇΓöÇΓöÇΓöÇΓöÇΓöÇΓöÇΓöÇ  
   FAILED  Tests\Unit\AttendanceSignatureModelTest > query signatures by term                                    InvalidArgumentException   
  Unknown format "dateOfBirth"

  at vendor\fakerphp\faker\src\Faker\Generator.php:743
    739Γûò                 return $this->formatters[$format];
    740Γûò             }
    741Γûò         }
    742Γûò 
  Γ₧£ 743Γûò         throw new \InvalidArgumentException(sprintf('Unknown format "%s"', $format));
    744Γûò     }
    745Γûò 
    746Γûò     /**
    747Γûò      * Replaces tokens ('{{ tokenName }}') with the result from the token method call

  1   vendor\fakerphp\faker\src\Faker\Generator.php:743
  2   vendor\fakerphp\faker\src\Faker\Generator.php:708

  ΓöÇΓöÇΓöÇΓöÇΓöÇΓöÇΓöÇΓöÇΓöÇΓöÇΓöÇΓöÇΓöÇΓöÇΓöÇΓöÇΓöÇΓöÇΓöÇΓöÇΓöÇΓöÇΓöÇΓöÇΓöÇΓöÇΓöÇΓöÇΓöÇΓöÇΓöÇΓöÇΓöÇΓöÇΓöÇΓöÇΓöÇΓöÇΓöÇΓöÇΓöÇΓöÇΓöÇΓöÇΓöÇΓöÇΓöÇΓöÇΓöÇΓöÇΓöÇΓöÇΓöÇΓöÇΓöÇΓöÇΓöÇΓöÇΓöÇΓöÇΓöÇΓöÇΓöÇΓöÇΓöÇΓöÇΓöÇΓöÇΓöÇΓöÇΓöÇΓöÇΓöÇΓöÇΓöÇΓöÇΓöÇΓöÇΓöÇΓöÇΓöÇΓöÇΓöÇΓöÇΓöÇΓöÇΓöÇΓöÇΓöÇΓöÇΓöÇΓöÇΓöÇΓöÇΓöÇΓöÇΓöÇΓöÇΓöÇΓöÇΓöÇΓöÇΓöÇΓöÇΓöÇΓöÇΓöÇΓöÇΓöÇΓöÇΓöÇΓöÇΓöÇΓöÇΓöÇΓöÇΓöÇΓöÇΓöÇΓöÇΓöÇΓöÇΓöÇΓöÇΓöÇΓöÇΓöÇΓöÇΓöÇΓöÇΓöÇΓöÇΓöÇΓöÇΓöÇΓöÇ  
   FAILED  Tests\Unit\AttendanceSignatureModelTest > soft delete signature                                       InvalidArgumentException   
  Unknown format "dateOfBirth"

  at vendor\fakerphp\faker\src\Faker\Generator.php:743
    739Γûò                 return $this->formatters[$format];
    740Γûò             }
    741Γûò         }
    742Γûò 
  Γ₧£ 743Γûò         throw new \InvalidArgumentException(sprintf('Unknown format "%s"', $format));
    744Γûò     }
    745Γûò 
    746Γûò     /**
    747Γûò      * Replaces tokens ('{{ tokenName }}') with the result from the token method call

  1   vendor\fakerphp\faker\src\Faker\Generator.php:743
  2   vendor\fakerphp\faker\src\Faker\Generator.php:708

  ΓöÇΓöÇΓöÇΓöÇΓöÇΓöÇΓöÇΓöÇΓöÇΓöÇΓöÇΓöÇΓöÇΓöÇΓöÇΓöÇΓöÇΓöÇΓöÇΓöÇΓöÇΓöÇΓöÇΓöÇΓöÇΓöÇΓöÇΓöÇΓöÇΓöÇΓöÇΓöÇΓöÇΓöÇΓöÇΓöÇΓöÇΓöÇΓöÇΓöÇΓöÇΓöÇΓöÇΓöÇΓöÇΓöÇΓöÇΓöÇΓöÇΓöÇΓöÇΓöÇΓöÇΓöÇΓöÇΓöÇΓöÇΓöÇΓöÇΓöÇΓöÇΓöÇΓöÇΓöÇΓöÇΓöÇΓöÇΓöÇΓöÇΓöÇΓöÇΓöÇΓöÇΓöÇΓöÇΓöÇΓöÇΓöÇΓöÇΓöÇΓöÇΓöÇΓöÇΓöÇΓöÇΓöÇΓöÇΓöÇΓöÇΓöÇΓöÇΓöÇΓöÇΓöÇΓöÇΓöÇΓöÇΓöÇΓöÇΓöÇΓöÇΓöÇΓöÇΓöÇΓöÇΓöÇΓöÇΓöÇΓöÇΓöÇΓöÇΓöÇΓöÇΓöÇΓöÇΓöÇΓöÇΓöÇΓöÇΓöÇΓöÇΓöÇΓöÇΓöÇΓöÇΓöÇΓöÇΓöÇΓöÇΓöÇΓöÇΓöÇΓöÇΓöÇΓöÇΓöÇ  
   FAILED  Tests\Unit\AttendanceSignatureModelTest > restore soft deleted signature                              InvalidArgumentException   
  Unknown format "dateOfBirth"

  at vendor\fakerphp\faker\src\Faker\Generator.php:743
    739Γûò                 return $this->formatters[$format];
    740Γûò             }
    741Γûò         }
    742Γûò 
  Γ₧£ 743Γûò         throw new \InvalidArgumentException(sprintf('Unknown format "%s"', $format));
    744Γûò     }
    745Γûò 
    746Γûò     /**
    747Γûò      * Replaces tokens ('{{ tokenName }}') with the result from the token method call

  1   vendor\fakerphp\faker\src\Faker\Generator.php:743
  2   vendor\fakerphp\faker\src\Faker\Generator.php:708

  ΓöÇΓöÇΓöÇΓöÇΓöÇΓöÇΓöÇΓöÇΓöÇΓöÇΓöÇΓöÇΓöÇΓöÇΓöÇΓöÇΓöÇΓöÇΓöÇΓöÇΓöÇΓöÇΓöÇΓöÇΓöÇΓöÇΓöÇΓöÇΓöÇΓöÇΓöÇΓöÇΓöÇΓöÇΓöÇΓöÇΓöÇΓöÇΓöÇΓöÇΓöÇΓöÇΓöÇΓöÇΓöÇΓöÇΓöÇΓöÇΓöÇΓöÇΓöÇΓöÇΓöÇΓöÇΓöÇΓöÇΓöÇΓöÇΓöÇΓöÇΓöÇΓöÇΓöÇΓöÇΓöÇΓöÇΓöÇΓöÇΓöÇΓöÇΓöÇΓöÇΓöÇΓöÇΓöÇΓöÇΓöÇΓöÇΓöÇΓöÇΓöÇΓöÇΓöÇΓöÇΓöÇΓöÇΓöÇΓöÇΓöÇΓöÇΓöÇΓöÇΓöÇΓöÇΓöÇΓöÇΓöÇΓöÇΓöÇΓöÇΓöÇΓöÇΓöÇΓöÇΓöÇΓöÇΓöÇΓöÇΓöÇΓöÇΓöÇΓöÇΓöÇΓöÇΓöÇΓöÇΓöÇΓöÇΓöÇΓöÇΓöÇΓöÇΓöÇΓöÇΓöÇΓöÇΓöÇΓöÇΓöÇΓöÇΓöÇΓöÇΓöÇΓöÇΓöÇΓöÇ  
   FAILED  Tests\Unit\AttendanceSignatureModelTest > permanently delete signature                                InvalidArgumentException   
  Unknown format "dateOfBirth"

  at vendor\fakerphp\faker\src\Faker\Generator.php:743
    739Γûò                 return $this->formatters[$format];
    740Γûò             }
    741Γûò         }
    742Γûò 
  Γ₧£ 743Γûò         throw new \InvalidArgumentException(sprintf('Unknown format "%s"', $format));
    744Γûò     }
    745Γûò 
    746Γûò     /**
    747Γûò      * Replaces tokens ('{{ tokenName }}') with the result from the token method call

  1   vendor\fakerphp\faker\src\Faker\Generator.php:743
  2   vendor\fakerphp\faker\src\Faker\Generator.php:708

  ΓöÇΓöÇΓöÇΓöÇΓöÇΓöÇΓöÇΓöÇΓöÇΓöÇΓöÇΓöÇΓöÇΓöÇΓöÇΓöÇΓöÇΓöÇΓöÇΓöÇΓöÇΓöÇΓöÇΓöÇΓöÇΓöÇΓöÇΓöÇΓöÇΓöÇΓöÇΓöÇΓöÇΓöÇΓöÇΓöÇΓöÇΓöÇΓöÇΓöÇΓöÇΓöÇΓöÇΓöÇΓöÇΓöÇΓöÇΓöÇΓöÇΓöÇΓöÇΓöÇΓöÇΓöÇΓöÇΓöÇΓöÇΓöÇΓöÇΓöÇΓöÇΓöÇΓöÇΓöÇΓöÇΓöÇΓöÇΓöÇΓöÇΓöÇΓöÇΓöÇΓöÇΓöÇΓöÇΓöÇΓöÇΓöÇΓöÇΓöÇΓöÇΓöÇΓöÇΓöÇΓöÇΓöÇΓöÇΓöÇΓöÇΓöÇΓöÇΓöÇΓöÇΓöÇΓöÇΓöÇΓöÇΓöÇΓöÇΓöÇΓöÇΓöÇΓöÇΓöÇΓöÇΓöÇΓöÇΓöÇΓöÇΓöÇΓöÇΓöÇΓöÇΓöÇΓöÇΓöÇΓöÇΓöÇΓöÇΓöÇΓöÇΓöÇΓöÇΓöÇΓöÇΓöÇΓöÇΓöÇΓöÇΓöÇΓöÇΓöÇΓöÇΓöÇΓöÇΓöÇ  
   FAILED  Tests\Unit\AttendanceSignatureModelTest > valid terms                                                 InvalidArgumentException   
  Unknown format "dateOfBirth"

  at vendor\fakerphp\faker\src\Faker\Generator.php:743
    739Γûò                 return $this->formatters[$format];
    740Γûò             }
    741Γûò         }
    742Γûò 
  Γ₧£ 743Γûò         throw new \InvalidArgumentException(sprintf('Unknown format "%s"', $format));
    744Γûò     }
    745Γûò 
    746Γûò     /**
    747Γûò      * Replaces tokens ('{{ tokenName }}') with the result from the token method call

  1   vendor\fakerphp\faker\src\Faker\Generator.php:743
  2   vendor\fakerphp\faker\src\Faker\Generator.php:708

  ΓöÇΓöÇΓöÇΓöÇΓöÇΓöÇΓöÇΓöÇΓöÇΓöÇΓöÇΓöÇΓöÇΓöÇΓöÇΓöÇΓöÇΓöÇΓöÇΓöÇΓöÇΓöÇΓöÇΓöÇΓöÇΓöÇΓöÇΓöÇΓöÇΓöÇΓöÇΓöÇΓöÇΓöÇΓöÇΓöÇΓöÇΓöÇΓöÇΓöÇΓöÇΓöÇΓöÇΓöÇΓöÇΓöÇΓöÇΓöÇΓöÇΓöÇΓöÇΓöÇΓöÇΓöÇΓöÇΓöÇΓöÇΓöÇΓöÇΓöÇΓöÇΓöÇΓöÇΓöÇΓöÇΓöÇΓöÇΓöÇΓöÇΓöÇΓöÇΓöÇΓöÇΓöÇΓöÇΓöÇΓöÇΓöÇΓöÇΓöÇΓöÇΓöÇΓöÇΓöÇΓöÇΓöÇΓöÇΓöÇΓöÇΓöÇΓöÇΓöÇΓöÇΓöÇΓöÇΓöÇΓöÇΓöÇΓöÇΓöÇΓöÇΓöÇΓöÇΓöÇΓöÇΓöÇΓöÇΓöÇΓöÇΓöÇΓöÇΓöÇΓöÇΓöÇΓöÇΓöÇΓöÇΓöÇΓöÇΓöÇΓöÇΓöÇΓöÇΓöÇΓöÇΓöÇΓöÇΓöÇΓöÇΓöÇΓöÇΓöÇΓöÇΓöÇΓöÇΓöÇ  
   FAILED  Tests\Unit\AttendanceSignatureModelTest > can update existing signature                               InvalidArgumentException   
  Unknown format "dateOfBirth"

  at vendor\fakerphp\faker\src\Faker\Generator.php:743
    739Γûò                 return $this->formatters[$format];
    740Γûò             }
    741Γûò         }
    742Γûò 
  Γ₧£ 743Γûò         throw new \InvalidArgumentException(sprintf('Unknown format "%s"', $format));
    744Γûò     }
    745Γûò 
    746Γûò     /**
    747Γûò      * Replaces tokens ('{{ tokenName }}') with the result from the token method call

  1   vendor\fakerphp\faker\src\Faker\Generator.php:743
  2   vendor\fakerphp\faker\src\Faker\Generator.php:708

  ΓöÇΓöÇΓöÇΓöÇΓöÇΓöÇΓöÇΓöÇΓöÇΓöÇΓöÇΓöÇΓöÇΓöÇΓöÇΓöÇΓöÇΓöÇΓöÇΓöÇΓöÇΓöÇΓöÇΓöÇΓöÇΓöÇΓöÇΓöÇΓöÇΓöÇΓöÇΓöÇΓöÇΓöÇΓöÇΓöÇΓöÇΓöÇΓöÇΓöÇΓöÇΓöÇΓöÇΓöÇΓöÇΓöÇΓöÇΓöÇΓöÇΓöÇΓöÇΓöÇΓöÇΓöÇΓöÇΓöÇΓöÇΓöÇΓöÇΓöÇΓöÇΓöÇΓöÇΓöÇΓöÇΓöÇΓöÇΓöÇΓöÇΓöÇΓöÇΓöÇΓöÇΓöÇΓöÇΓöÇΓöÇΓöÇΓöÇΓöÇΓöÇΓöÇΓöÇΓöÇΓöÇΓöÇΓöÇΓöÇΓöÇΓöÇΓöÇΓöÇΓöÇΓöÇΓöÇΓöÇΓöÇΓöÇΓöÇΓöÇΓöÇΓöÇΓöÇΓöÇΓöÇΓöÇΓöÇΓöÇΓöÇΓöÇΓöÇΓöÇΓöÇΓöÇΓöÇΓöÇΓöÇΓöÇΓöÇΓöÇΓöÇΓöÇΓöÇΓöÇΓöÇΓöÇΓöÇΓöÇΓöÇΓöÇΓöÇΓöÇΓöÇΓöÇΓöÇΓöÇ  
   FAILED  Tests\Unit\AttendanceSignatureModelTest > signature verification flag                                 InvalidArgumentException   
  Unknown format "dateOfBirth"

  at vendor\fakerphp\faker\src\Faker\Generator.php:743
    739Γûò                 return $this->formatters[$format];
    740Γûò             }
    741Γûò         }
    742Γûò 
  Γ₧£ 743Γûò         throw new \InvalidArgumentException(sprintf('Unknown format "%s"', $format));
    744Γûò     }
    745Γûò 
    746Γûò     /**
    747Γûò      * Replaces tokens ('{{ tokenName }}') with the result from the token method call

  1   vendor\fakerphp\faker\src\Faker\Generator.php:743
  2   vendor\fakerphp\faker\src\Faker\Generator.php:708

  ΓöÇΓöÇΓöÇΓöÇΓöÇΓöÇΓöÇΓöÇΓöÇΓöÇΓöÇΓöÇΓöÇΓöÇΓöÇΓöÇΓöÇΓöÇΓöÇΓöÇΓöÇΓöÇΓöÇΓöÇΓöÇΓöÇΓöÇΓöÇΓöÇΓöÇΓöÇΓöÇΓöÇΓöÇΓöÇΓöÇΓöÇΓöÇΓöÇΓöÇΓöÇΓöÇΓöÇΓöÇΓöÇΓöÇΓöÇΓöÇΓöÇΓöÇΓöÇΓöÇΓöÇΓöÇΓöÇΓöÇΓöÇΓöÇΓöÇΓöÇΓöÇΓöÇΓöÇΓöÇΓöÇΓöÇΓöÇΓöÇΓöÇΓöÇΓöÇΓöÇΓöÇΓöÇΓöÇΓöÇΓöÇΓöÇΓöÇΓöÇΓöÇΓöÇΓöÇΓöÇΓöÇΓöÇΓöÇΓöÇΓöÇΓöÇΓöÇΓöÇΓöÇΓöÇΓöÇΓöÇΓöÇΓöÇΓöÇΓöÇΓöÇΓöÇΓöÇΓöÇΓöÇΓöÇΓöÇΓöÇΓöÇΓöÇΓöÇΓöÇΓöÇΓöÇΓöÇΓöÇΓöÇΓöÇΓöÇΓöÇΓöÇΓöÇΓöÇΓöÇΓöÇΓöÇΓöÇΓöÇΓöÇΓöÇΓöÇΓöÇΓöÇΓöÇΓöÇΓöÇ  
   FAILED  Tests\Unit\AttendanceSignatureModelTest > get pending signatures                                      InvalidArgumentException   
  Unknown format "dateOfBirth"

  at vendor\fakerphp\faker\src\Faker\Generator.php:743
    739Γûò                 return $this->formatters[$format];
    740Γûò             }
    741Γûò         }
    742Γûò 
  Γ₧£ 743Γûò         throw new \InvalidArgumentException(sprintf('Unknown format "%s"', $format));
    744Γûò     }
    745Γûò 
    746Γûò     /**
    747Γûò      * Replaces tokens ('{{ tokenName }}') with the result from the token method call

  1   vendor\fakerphp\faker\src\Faker\Generator.php:743
  2   vendor\fakerphp\faker\src\Faker\Generator.php:708

  ΓöÇΓöÇΓöÇΓöÇΓöÇΓöÇΓöÇΓöÇΓöÇΓöÇΓöÇΓöÇΓöÇΓöÇΓöÇΓöÇΓöÇΓöÇΓöÇΓöÇΓöÇΓöÇΓöÇΓöÇΓöÇΓöÇΓöÇΓöÇΓöÇΓöÇΓöÇΓöÇΓöÇΓöÇΓöÇΓöÇΓöÇΓöÇΓöÇΓöÇΓöÇΓöÇΓöÇΓöÇΓöÇΓöÇΓöÇΓöÇΓöÇΓöÇΓöÇΓöÇΓöÇΓöÇΓöÇΓöÇΓöÇΓöÇΓöÇΓöÇΓöÇΓöÇΓöÇΓöÇΓöÇΓöÇΓöÇΓöÇΓöÇΓöÇΓöÇΓöÇΓöÇΓöÇΓöÇΓöÇΓöÇΓöÇΓöÇΓöÇΓöÇΓöÇΓöÇΓöÇΓöÇΓöÇΓöÇΓöÇΓöÇΓöÇΓöÇΓöÇΓöÇΓöÇΓöÇΓöÇΓöÇΓöÇΓöÇΓöÇΓöÇΓöÇΓöÇΓöÇΓöÇΓöÇΓöÇΓöÇΓöÇΓöÇΓöÇΓöÇΓöÇΓöÇΓöÇΓöÇΓöÇΓöÇΓöÇΓöÇΓöÇΓöÇΓöÇΓöÇΓöÇΓöÇΓöÇΓöÇΓöÇΓöÇΓöÇΓöÇΓöÇΓöÇΓöÇΓöÇ  
   FAILED  Tests\Unit\GradingCalculationServiceTest > calculate standard mode ksa weights                        InvalidArgumentException   
  Unknown format "dateOfBirth"

  at vendor\fakerphp\faker\src\Faker\Generator.php:743
    739Γûò                 return $this->formatters[$format];
    740Γûò             }
    741Γûò         }
    742Γûò 
  Γ₧£ 743Γûò         throw new \InvalidArgumentException(sprintf('Unknown format "%s"', $format));
    744Γûò     }
    745Γûò 
    746Γûò     /**
    747Γûò      * Replaces tokens ('{{ tokenName }}') with the result from the token method call

  1   vendor\fakerphp\faker\src\Faker\Generator.php:743
  2   vendor\fakerphp\faker\src\Faker\Generator.php:708

  ΓöÇΓöÇΓöÇΓöÇΓöÇΓöÇΓöÇΓöÇΓöÇΓöÇΓöÇΓöÇΓöÇΓöÇΓöÇΓöÇΓöÇΓöÇΓöÇΓöÇΓöÇΓöÇΓöÇΓöÇΓöÇΓöÇΓöÇΓöÇΓöÇΓöÇΓöÇΓöÇΓöÇΓöÇΓöÇΓöÇΓöÇΓöÇΓöÇΓöÇΓöÇΓöÇΓöÇΓöÇΓöÇΓöÇΓöÇΓöÇΓöÇΓöÇΓöÇΓöÇΓöÇΓöÇΓöÇΓöÇΓöÇΓöÇΓöÇΓöÇΓöÇΓöÇΓöÇΓöÇΓöÇΓöÇΓöÇΓöÇΓöÇΓöÇΓöÇΓöÇΓöÇΓöÇΓöÇΓöÇΓöÇΓöÇΓöÇΓöÇΓöÇΓöÇΓöÇΓöÇΓöÇΓöÇΓöÇΓöÇΓöÇΓöÇΓöÇΓöÇΓöÇΓöÇΓöÇΓöÇΓöÇΓöÇΓöÇΓöÇΓöÇΓöÇΓöÇΓöÇΓöÇΓöÇΓöÇΓöÇΓöÇΓöÇΓöÇΓöÇΓöÇΓöÇΓöÇΓöÇΓöÇΓöÇΓöÇΓöÇΓöÇΓöÇΓöÇΓöÇΓöÇΓöÇΓöÇΓöÇΓöÇΓöÇΓöÇΓöÇΓöÇΓöÇΓöÇΓöÇ  
   FAILED  Tests\Unit\GradingCalculationServiceTest > calculate manual mode direct grade                         InvalidArgumentException   
  Unknown format "dateOfBirth"

  at vendor\fakerphp\faker\src\Faker\Generator.php:743
    739Γûò                 return $this->formatters[$format];
    740Γûò             }
    741Γûò         }
    742Γûò 
  Γ₧£ 743Γûò         throw new \InvalidArgumentException(sprintf('Unknown format "%s"', $format));
    744Γûò     }
    745Γûò 
    746Γûò     /**
    747Γûò      * Replaces tokens ('{{ tokenName }}') with the result from the token method call

  1   vendor\fakerphp\faker\src\Faker\Generator.php:743
  2   vendor\fakerphp\faker\src\Faker\Generator.php:708

  ΓöÇΓöÇΓöÇΓöÇΓöÇΓöÇΓöÇΓöÇΓöÇΓöÇΓöÇΓöÇΓöÇΓöÇΓöÇΓöÇΓöÇΓöÇΓöÇΓöÇΓöÇΓöÇΓöÇΓöÇΓöÇΓöÇΓöÇΓöÇΓöÇΓöÇΓöÇΓöÇΓöÇΓöÇΓöÇΓöÇΓöÇΓöÇΓöÇΓöÇΓöÇΓöÇΓöÇΓöÇΓöÇΓöÇΓöÇΓöÇΓöÇΓöÇΓöÇΓöÇΓöÇΓöÇΓöÇΓöÇΓöÇΓöÇΓöÇΓöÇΓöÇΓöÇΓöÇΓöÇΓöÇΓöÇΓöÇΓöÇΓöÇΓöÇΓöÇΓöÇΓöÇΓöÇΓöÇΓöÇΓöÇΓöÇΓöÇΓöÇΓöÇΓöÇΓöÇΓöÇΓöÇΓöÇΓöÇΓöÇΓöÇΓöÇΓöÇΓöÇΓöÇΓöÇΓöÇΓöÇΓöÇΓöÇΓöÇΓöÇΓöÇΓöÇΓöÇΓöÇΓöÇΓöÇΓöÇΓöÇΓöÇΓöÇΓöÇΓöÇΓöÇΓöÇΓöÇΓöÇΓöÇΓöÇΓöÇΓöÇΓöÇΓöÇΓöÇΓöÇΓöÇΓöÇΓöÇΓöÇΓöÇΓöÇΓöÇΓöÇΓöÇΓöÇΓöÇΓöÇ  
   FAILED  Tests\Unit\GradingCalculationServiceTest > calculate automated mode from scores                       InvalidArgumentException   
  Unknown format "dateOfBirth"

  at vendor\fakerphp\faker\src\Faker\Generator.php:743
    739Γûò                 return $this->formatters[$format];
    740Γûò             }
    741Γûò         }
    742Γûò 
  Γ₧£ 743Γûò         throw new \InvalidArgumentException(sprintf('Unknown format "%s"', $format));
    744Γûò     }
    745Γûò 
    746Γûò     /**
    747Γûò      * Replaces tokens ('{{ tokenName }}') with the result from the token method call

  1   vendor\fakerphp\faker\src\Faker\Generator.php:743
  2   vendor\fakerphp\faker\src\Faker\Generator.php:708

  ΓöÇΓöÇΓöÇΓöÇΓöÇΓöÇΓöÇΓöÇΓöÇΓöÇΓöÇΓöÇΓöÇΓöÇΓöÇΓöÇΓöÇΓöÇΓöÇΓöÇΓöÇΓöÇΓöÇΓöÇΓöÇΓöÇΓöÇΓöÇΓöÇΓöÇΓöÇΓöÇΓöÇΓöÇΓöÇΓöÇΓöÇΓöÇΓöÇΓöÇΓöÇΓöÇΓöÇΓöÇΓöÇΓöÇΓöÇΓöÇΓöÇΓöÇΓöÇΓöÇΓöÇΓöÇΓöÇΓöÇΓöÇΓöÇΓöÇΓöÇΓöÇΓöÇΓöÇΓöÇΓöÇΓöÇΓöÇΓöÇΓöÇΓöÇΓöÇΓöÇΓöÇΓöÇΓöÇΓöÇΓöÇΓöÇΓöÇΓöÇΓöÇΓöÇΓöÇΓöÇΓöÇΓöÇΓöÇΓöÇΓöÇΓöÇΓöÇΓöÇΓöÇΓöÇΓöÇΓöÇΓöÇΓöÇΓöÇΓöÇΓöÇΓöÇΓöÇΓöÇΓöÇΓöÇΓöÇΓöÇΓöÇΓöÇΓöÇΓöÇΓöÇΓöÇΓöÇΓöÇΓöÇΓöÇΓöÇΓöÇΓöÇΓöÇΓöÇΓöÇΓöÇΓöÇΓöÇΓöÇΓöÇΓöÇΓöÇΓöÇΓöÇΓöÇΓöÇΓöÇ  
   FAILED  Tests\Unit\GradingCalculationServiceTest > calculate hybrid mode per component                        InvalidArgumentException   
  Unknown format "dateOfBirth"

  at vendor\fakerphp\faker\src\Faker\Generator.php:743
    739Γûò                 return $this->formatters[$format];
    740Γûò             }
    741Γûò         }
    742Γûò 
  Γ₧£ 743Γûò         throw new \InvalidArgumentException(sprintf('Unknown format "%s"', $format));
    744Γûò     }
    745Γûò 
    746Γûò     /**
    747Γûò      * Replaces tokens ('{{ tokenName }}') with the result from the token method call

  1   vendor\fakerphp\faker\src\Faker\Generator.php:743
  2   vendor\fakerphp\faker\src\Faker\Generator.php:708

  ΓöÇΓöÇΓöÇΓöÇΓöÇΓöÇΓöÇΓöÇΓöÇΓöÇΓöÇΓöÇΓöÇΓöÇΓöÇΓöÇΓöÇΓöÇΓöÇΓöÇΓöÇΓöÇΓöÇΓöÇΓöÇΓöÇΓöÇΓöÇΓöÇΓöÇΓöÇΓöÇΓöÇΓöÇΓöÇΓöÇΓöÇΓöÇΓöÇΓöÇΓöÇΓöÇΓöÇΓöÇΓöÇΓöÇΓöÇΓöÇΓöÇΓöÇΓöÇΓöÇΓöÇΓöÇΓöÇΓöÇΓöÇΓöÇΓöÇΓöÇΓöÇΓöÇΓöÇΓöÇΓöÇΓöÇΓöÇΓöÇΓöÇΓöÇΓöÇΓöÇΓöÇΓöÇΓöÇΓöÇΓöÇΓöÇΓöÇΓöÇΓöÇΓöÇΓöÇΓöÇΓöÇΓöÇΓöÇΓöÇΓöÇΓöÇΓöÇΓöÇΓöÇΓöÇΓöÇΓöÇΓöÇΓöÇΓöÇΓöÇΓöÇΓöÇΓöÇΓöÇΓöÇΓöÇΓöÇΓöÇΓöÇΓöÇΓöÇΓöÇΓöÇΓöÇΓöÇΓöÇΓöÇΓöÇΓöÇΓöÇΓöÇΓöÇΓöÇΓöÇΓöÇΓöÇΓöÇΓöÇΓöÇΓöÇΓöÇΓöÇΓöÇΓöÇΓöÇΓöÇ  
   FAILED  Tests\Unit\GradingCalculationServiceTest > grades calculated correctly                                InvalidArgumentException   
  Unknown format "dateOfBirth"

  at vendor\fakerphp\faker\src\Faker\Generator.php:743
    739Γûò                 return $this->formatters[$format];
    740Γûò             }
    741Γûò         }
    742Γûò 
  Γ₧£ 743Γûò         throw new \InvalidArgumentException(sprintf('Unknown format "%s"', $format));
    744Γûò     }
    745Γûò 
    746Γûò     /**
    747Γûò      * Replaces tokens ('{{ tokenName }}') with the result from the token method call

  1   vendor\fakerphp\faker\src\Faker\Generator.php:743
  2   vendor\fakerphp\faker\src\Faker\Generator.php:708

  ΓöÇΓöÇΓöÇΓöÇΓöÇΓöÇΓöÇΓöÇΓöÇΓöÇΓöÇΓöÇΓöÇΓöÇΓöÇΓöÇΓöÇΓöÇΓöÇΓöÇΓöÇΓöÇΓöÇΓöÇΓöÇΓöÇΓöÇΓöÇΓöÇΓöÇΓöÇΓöÇΓöÇΓöÇΓöÇΓöÇΓöÇΓöÇΓöÇΓöÇΓöÇΓöÇΓöÇΓöÇΓöÇΓöÇΓöÇΓöÇΓöÇΓöÇΓöÇΓöÇΓöÇΓöÇΓöÇΓöÇΓöÇΓöÇΓöÇΓöÇΓöÇΓöÇΓöÇΓöÇΓöÇΓöÇΓöÇΓöÇΓöÇΓöÇΓöÇΓöÇΓöÇΓöÇΓöÇΓöÇΓöÇΓöÇΓöÇΓöÇΓöÇΓöÇΓöÇΓöÇΓöÇΓöÇΓöÇΓöÇΓöÇΓöÇΓöÇΓöÇΓöÇΓöÇΓöÇΓöÇΓöÇΓöÇΓöÇΓöÇΓöÇΓöÇΓöÇΓöÇΓöÇΓöÇΓöÇΓöÇΓöÇΓöÇΓöÇΓöÇΓöÇΓöÇΓöÇΓöÇΓöÇΓöÇΓöÇΓöÇΓöÇΓöÇΓöÇΓöÇΓöÇΓöÇΓöÇΓöÇΓöÇΓöÇΓöÇΓöÇΓöÇΓöÇΓöÇΓöÇ  
   FAILED  Tests\Unit\GradingCalculationServiceTest > handle missing student entries                             InvalidArgumentException   
  Unknown format "dateOfBirth"

  at vendor\fakerphp\faker\src\Faker\Generator.php:743
    739Γûò                 return $this->formatters[$format];
    740Γûò             }
    741Γûò         }
    742Γûò 
  Γ₧£ 743Γûò         throw new \InvalidArgumentException(sprintf('Unknown format "%s"', $format));
    744Γûò     }
    745Γûò 
    746Γûò     /**
    747Γûò      * Replaces tokens ('{{ tokenName }}') with the result from the token method call

  1   vendor\fakerphp\faker\src\Faker\Generator.php:743
  2   vendor\fakerphp\faker\src\Faker\Generator.php:708

  ΓöÇΓöÇΓöÇΓöÇΓöÇΓöÇΓöÇΓöÇΓöÇΓöÇΓöÇΓöÇΓöÇΓöÇΓöÇΓöÇΓöÇΓöÇΓöÇΓöÇΓöÇΓöÇΓöÇΓöÇΓöÇΓöÇΓöÇΓöÇΓöÇΓöÇΓöÇΓöÇΓöÇΓöÇΓöÇΓöÇΓöÇΓöÇΓöÇΓöÇΓöÇΓöÇΓöÇΓöÇΓöÇΓöÇΓöÇΓöÇΓöÇΓöÇΓöÇΓöÇΓöÇΓöÇΓöÇΓöÇΓöÇΓöÇΓöÇΓöÇΓöÇΓöÇΓöÇΓöÇΓöÇΓöÇΓöÇΓöÇΓöÇΓöÇΓöÇΓöÇΓöÇΓöÇΓöÇΓöÇΓöÇΓöÇΓöÇΓöÇΓöÇΓöÇΓöÇΓöÇΓöÇΓöÇΓöÇΓöÇΓöÇΓöÇΓöÇΓöÇΓöÇΓöÇΓöÇΓöÇΓöÇΓöÇΓöÇΓöÇΓöÇΓöÇΓöÇΓöÇΓöÇΓöÇΓöÇΓöÇΓöÇΓöÇΓöÇΓöÇΓöÇΓöÇΓöÇΓöÇΓöÇΓöÇΓöÇΓöÇΓöÇΓöÇΓöÇΓöÇΓöÇΓöÇΓöÇΓöÇΓöÇΓöÇΓöÇΓöÇΓöÇΓöÇΓöÇΓöÇ  
   FAILED  Tests\Unit\GradingCalculationServiceTest > calculate class average                                    InvalidArgumentException   
  Unknown format "dateOfBirth"

  at vendor\fakerphp\faker\src\Faker\Generator.php:743
    739Γûò                 return $this->formatters[$format];
    740Γûò             }
    741Γûò         }
    742Γûò 
  Γ₧£ 743Γûò         throw new \InvalidArgumentException(sprintf('Unknown format "%s"', $format));
    744Γûò     }
    745Γûò 
    746Γûò     /**
    747Γûò      * Replaces tokens ('{{ tokenName }}') with the result from the token method call

  1   vendor\fakerphp\faker\src\Faker\Generator.php:743
  2   vendor\fakerphp\faker\src\Faker\Generator.php:708

  ΓöÇΓöÇΓöÇΓöÇΓöÇΓöÇΓöÇΓöÇΓöÇΓöÇΓöÇΓöÇΓöÇΓöÇΓöÇΓöÇΓöÇΓöÇΓöÇΓöÇΓöÇΓöÇΓöÇΓöÇΓöÇΓöÇΓöÇΓöÇΓöÇΓöÇΓöÇΓöÇΓöÇΓöÇΓöÇΓöÇΓöÇΓöÇΓöÇΓöÇΓöÇΓöÇΓöÇΓöÇΓöÇΓöÇΓöÇΓöÇΓöÇΓöÇΓöÇΓöÇΓöÇΓöÇΓöÇΓöÇΓöÇΓöÇΓöÇΓöÇΓöÇΓöÇΓöÇΓöÇΓöÇΓöÇΓöÇΓöÇΓöÇΓöÇΓöÇΓöÇΓöÇΓöÇΓöÇΓöÇΓöÇΓöÇΓöÇΓöÇΓöÇΓöÇΓöÇΓöÇΓöÇΓöÇΓöÇΓöÇΓöÇΓöÇΓöÇΓöÇΓöÇΓöÇΓöÇΓöÇΓöÇΓöÇΓöÇΓöÇΓöÇΓöÇΓöÇΓöÇΓöÇΓöÇΓöÇΓöÇΓöÇΓöÇΓöÇΓöÇΓöÇΓöÇΓöÇΓöÇΓöÇΓöÇΓöÇΓöÇΓöÇΓöÇΓöÇΓöÇΓöÇΓöÇΓöÇΓöÇΓöÇΓöÇΓöÇΓöÇΓöÇΓöÇΓöÇΓöÇ  
   FAILED  Tests\Unit\GradingCalculationServiceTest > identify high low performers                               InvalidArgumentException   
  Unknown format "dateOfBirth"

  at vendor\fakerphp\faker\src\Faker\Generator.php:743
    739Γûò                 return $this->formatters[$format];
    740Γûò             }
    741Γûò         }
    742Γûò 
  Γ₧£ 743Γûò         throw new \InvalidArgumentException(sprintf('Unknown format "%s"', $format));
    744Γûò     }
    745Γûò 
    746Γûò     /**
    747Γûò      * Replaces tokens ('{{ tokenName }}') with the result from the token method call

  1   vendor\fakerphp\faker\src\Faker\Generator.php:743
  2   vendor\fakerphp\faker\src\Faker\Generator.php:708

  ΓöÇΓöÇΓöÇΓöÇΓöÇΓöÇΓöÇΓöÇΓöÇΓöÇΓöÇΓöÇΓöÇΓöÇΓöÇΓöÇΓöÇΓöÇΓöÇΓöÇΓöÇΓöÇΓöÇΓöÇΓöÇΓöÇΓöÇΓöÇΓöÇΓöÇΓöÇΓöÇΓöÇΓöÇΓöÇΓöÇΓöÇΓöÇΓöÇΓöÇΓöÇΓöÇΓöÇΓöÇΓöÇΓöÇΓöÇΓöÇΓöÇΓöÇΓöÇΓöÇΓöÇΓöÇΓöÇΓöÇΓöÇΓöÇΓöÇΓöÇΓöÇΓöÇΓöÇΓöÇΓöÇΓöÇΓöÇΓöÇΓöÇΓöÇΓöÇΓöÇΓöÇΓöÇΓöÇΓöÇΓöÇΓöÇΓöÇΓöÇΓöÇΓöÇΓöÇΓöÇΓöÇΓöÇΓöÇΓöÇΓöÇΓöÇΓöÇΓöÇΓöÇΓöÇΓöÇΓöÇΓöÇΓöÇΓöÇΓöÇΓöÇΓöÇΓöÇΓöÇΓöÇΓöÇΓöÇΓöÇΓöÇΓöÇΓöÇΓöÇΓöÇΓöÇΓöÇΓöÇΓöÇΓöÇΓöÇΓöÇΓöÇΓöÇΓöÇΓöÇΓöÇΓöÇΓöÇΓöÇΓöÇΓöÇΓöÇΓöÇΓöÇΓöÇΓöÇΓöÇ  
   FAILED  Tests\Unit\StudentModelTest > `Student Model` ΓåÆ it creates student with required attributes           InvalidArgumentException   
  Unknown format "dateOfBirth"

  at vendor\fakerphp\faker\src\Faker\Generator.php:743
    739Γûò                 return $this->formatters[$format];
    740Γûò             }
    741Γûò         }
    742Γûò 
  Γ₧£ 743Γûò         throw new \InvalidArgumentException(sprintf('Unknown format "%s"', $format));
    744Γûò     }
    745Γûò 
    746Γûò     /**
    747Γûò      * Replaces tokens ('{{ tokenName }}') with the result from the token method call

  1   vendor\fakerphp\faker\src\Faker\Generator.php:743
  2   vendor\fakerphp\faker\src\Faker\Generator.php:708

  ΓöÇΓöÇΓöÇΓöÇΓöÇΓöÇΓöÇΓöÇΓöÇΓöÇΓöÇΓöÇΓöÇΓöÇΓöÇΓöÇΓöÇΓöÇΓöÇΓöÇΓöÇΓöÇΓöÇΓöÇΓöÇΓöÇΓöÇΓöÇΓöÇΓöÇΓöÇΓöÇΓöÇΓöÇΓöÇΓöÇΓöÇΓöÇΓöÇΓöÇΓöÇΓöÇΓöÇΓöÇΓöÇΓöÇΓöÇΓöÇΓöÇΓöÇΓöÇΓöÇΓöÇΓöÇΓöÇΓöÇΓöÇΓöÇΓöÇΓöÇΓöÇΓöÇΓöÇΓöÇΓöÇΓöÇΓöÇΓöÇΓöÇΓöÇΓöÇΓöÇΓöÇΓöÇΓöÇΓöÇΓöÇΓöÇΓöÇΓöÇΓöÇΓöÇΓöÇΓöÇΓöÇΓöÇΓöÇΓöÇΓöÇΓöÇΓöÇΓöÇΓöÇΓöÇΓöÇΓöÇΓöÇΓöÇΓöÇΓöÇΓöÇΓöÇΓöÇΓöÇΓöÇΓöÇΓöÇΓöÇΓöÇΓöÇΓöÇΓöÇΓöÇΓöÇΓöÇΓöÇΓöÇΓöÇΓöÇΓöÇΓöÇΓöÇΓöÇΓöÇΓöÇΓöÇΓöÇΓöÇΓöÇΓöÇΓöÇΓöÇΓöÇΓöÇΓöÇΓöÇ  
   FAILED  Tests\Unit\StudentModelTest > `Student Model` ΓåÆ it has unique student_id                              InvalidArgumentException   
  Unknown format "dateOfBirth"

  at vendor\fakerphp\faker\src\Faker\Generator.php:743
    739Γûò                 return $this->formatters[$format];
    740Γûò             }
    741Γûò         }
    742Γûò 
  Γ₧£ 743Γûò         throw new \InvalidArgumentException(sprintf('Unknown format "%s"', $format));
    744Γûò     }
    745Γûò 
    746Γûò     /**
    747Γûò      * Replaces tokens ('{{ tokenName }}') with the result from the token method call

  1   vendor\fakerphp\faker\src\Faker\Generator.php:743
  2   vendor\fakerphp\faker\src\Faker\Generator.php:708

  ΓöÇΓöÇΓöÇΓöÇΓöÇΓöÇΓöÇΓöÇΓöÇΓöÇΓöÇΓöÇΓöÇΓöÇΓöÇΓöÇΓöÇΓöÇΓöÇΓöÇΓöÇΓöÇΓöÇΓöÇΓöÇΓöÇΓöÇΓöÇΓöÇΓöÇΓöÇΓöÇΓöÇΓöÇΓöÇΓöÇΓöÇΓöÇΓöÇΓöÇΓöÇΓöÇΓöÇΓöÇΓöÇΓöÇΓöÇΓöÇΓöÇΓöÇΓöÇΓöÇΓöÇΓöÇΓöÇΓöÇΓöÇΓöÇΓöÇΓöÇΓöÇΓöÇΓöÇΓöÇΓöÇΓöÇΓöÇΓöÇΓöÇΓöÇΓöÇΓöÇΓöÇΓöÇΓöÇΓöÇΓöÇΓöÇΓöÇΓöÇΓöÇΓöÇΓöÇΓöÇΓöÇΓöÇΓöÇΓöÇΓöÇΓöÇΓöÇΓöÇΓöÇΓöÇΓöÇΓöÇΓöÇΓöÇΓöÇΓöÇΓöÇΓöÇΓöÇΓöÇΓöÇΓöÇΓöÇΓöÇΓöÇΓöÇΓöÇΓöÇΓöÇΓöÇΓöÇΓöÇΓöÇΓöÇΓöÇΓöÇΓöÇΓöÇΓöÇΓöÇΓöÇΓöÇΓöÇΓöÇΓöÇΓöÇΓöÇΓöÇΓöÇΓöÇΓöÇΓöÇ  
   FAILED  Tests\Unit\StudentModelTest > `Student Model` ΓåÆ it belongs to school                                  InvalidArgumentException   
  Unknown format "dateOfBirth"

  at vendor\fakerphp\faker\src\Faker\Generator.php:743
    739Γûò                 return $this->formatters[$format];
    740Γûò             }
    741Γûò         }
    742Γûò 
  Γ₧£ 743Γûò         throw new \InvalidArgumentException(sprintf('Unknown format "%s"', $format));
    744Γûò     }
    745Γûò 
    746Γûò     /**
    747Γûò      * Replaces tokens ('{{ tokenName }}') with the result from the token method call

  1   vendor\fakerphp\faker\src\Faker\Generator.php:743
  2   vendor\fakerphp\faker\src\Faker\Generator.php:708

  ΓöÇΓöÇΓöÇΓöÇΓöÇΓöÇΓöÇΓöÇΓöÇΓöÇΓöÇΓöÇΓöÇΓöÇΓöÇΓöÇΓöÇΓöÇΓöÇΓöÇΓöÇΓöÇΓöÇΓöÇΓöÇΓöÇΓöÇΓöÇΓöÇΓöÇΓöÇΓöÇΓöÇΓöÇΓöÇΓöÇΓöÇΓöÇΓöÇΓöÇΓöÇΓöÇΓöÇΓöÇΓöÇΓöÇΓöÇΓöÇΓöÇΓöÇΓöÇΓöÇΓöÇΓöÇΓöÇΓöÇΓöÇΓöÇΓöÇΓöÇΓöÇΓöÇΓöÇΓöÇΓöÇΓöÇΓöÇΓöÇΓöÇΓöÇΓöÇΓöÇΓöÇΓöÇΓöÇΓöÇΓöÇΓöÇΓöÇΓöÇΓöÇΓöÇΓöÇΓöÇΓöÇΓöÇΓöÇΓöÇΓöÇΓöÇΓöÇΓöÇΓöÇΓöÇΓöÇΓöÇΓöÇΓöÇΓöÇΓöÇΓöÇΓöÇΓöÇΓöÇΓöÇΓöÇΓöÇΓöÇΓöÇΓöÇΓöÇΓöÇΓöÇΓöÇΓöÇΓöÇΓöÇΓöÇΓöÇΓöÇΓöÇΓöÇΓöÇΓöÇΓöÇΓöÇΓöÇΓöÇΓöÇΓöÇΓöÇΓöÇΓöÇΓöÇΓöÇΓöÇ  
   FAILED  Tests\Unit\StudentModelTest > `Student Model` ΓåÆ it belongs to class                                   InvalidArgumentException   
  Unknown format "dateOfBirth"

  at vendor\fakerphp\faker\src\Faker\Generator.php:743
    739Γûò                 return $this->formatters[$format];
    740Γûò             }
    741Γûò         }
    742Γûò 
  Γ₧£ 743Γûò         throw new \InvalidArgumentException(sprintf('Unknown format "%s"', $format));
    744Γûò     }
    745Γûò 
    746Γûò     /**
    747Γûò      * Replaces tokens ('{{ tokenName }}') with the result from the token method call

  1   vendor\fakerphp\faker\src\Faker\Generator.php:743
  2   vendor\fakerphp\faker\src\Faker\Generator.php:708

  ΓöÇΓöÇΓöÇΓöÇΓöÇΓöÇΓöÇΓöÇΓöÇΓöÇΓöÇΓöÇΓöÇΓöÇΓöÇΓöÇΓöÇΓöÇΓöÇΓöÇΓöÇΓöÇΓöÇΓöÇΓöÇΓöÇΓöÇΓöÇΓöÇΓöÇΓöÇΓöÇΓöÇΓöÇΓöÇΓöÇΓöÇΓöÇΓöÇΓöÇΓöÇΓöÇΓöÇΓöÇΓöÇΓöÇΓöÇΓöÇΓöÇΓöÇΓöÇΓöÇΓöÇΓöÇΓöÇΓöÇΓöÇΓöÇΓöÇΓöÇΓöÇΓöÇΓöÇΓöÇΓöÇΓöÇΓöÇΓöÇΓöÇΓöÇΓöÇΓöÇΓöÇΓöÇΓöÇΓöÇΓöÇΓöÇΓöÇΓöÇΓöÇΓöÇΓöÇΓöÇΓöÇΓöÇΓöÇΓöÇΓöÇΓöÇΓöÇΓöÇΓöÇΓöÇΓöÇΓöÇΓöÇΓöÇΓöÇΓöÇΓöÇΓöÇΓöÇΓöÇΓöÇΓöÇΓöÇΓöÇΓöÇΓöÇΓöÇΓöÇΓöÇΓöÇΓöÇΓöÇΓöÇΓöÇΓöÇΓöÇΓöÇΓöÇΓöÇΓöÇΓöÇΓöÇΓöÇΓöÇΓöÇΓöÇΓöÇΓöÇΓöÇΓöÇΓöÇΓöÇ  
   FAILED  Tests\Unit\StudentModelTest > `Student Model` ΓåÆ it has many attendance records                        InvalidArgumentException   
  Unknown format "dateOfBirth"

  at vendor\fakerphp\faker\src\Faker\Generator.php:743
    739Γûò                 return $this->formatters[$format];
    740Γûò             }
    741Γûò         }
    742Γûò 
  Γ₧£ 743Γûò         throw new \InvalidArgumentException(sprintf('Unknown format "%s"', $format));
    744Γûò     }
    745Γûò 
    746Γûò     /**
    747Γûò      * Replaces tokens ('{{ tokenName }}') with the result from the token method call

  1   vendor\fakerphp\faker\src\Faker\Generator.php:743
  2   vendor\fakerphp\faker\src\Faker\Generator.php:708

  ΓöÇΓöÇΓöÇΓöÇΓöÇΓöÇΓöÇΓöÇΓöÇΓöÇΓöÇΓöÇΓöÇΓöÇΓöÇΓöÇΓöÇΓöÇΓöÇΓöÇΓöÇΓöÇΓöÇΓöÇΓöÇΓöÇΓöÇΓöÇΓöÇΓöÇΓöÇΓöÇΓöÇΓöÇΓöÇΓöÇΓöÇΓöÇΓöÇΓöÇΓöÇΓöÇΓöÇΓöÇΓöÇΓöÇΓöÇΓöÇΓöÇΓöÇΓöÇΓöÇΓöÇΓöÇΓöÇΓöÇΓöÇΓöÇΓöÇΓöÇΓöÇΓöÇΓöÇΓöÇΓöÇΓöÇΓöÇΓöÇΓöÇΓöÇΓöÇΓöÇΓöÇΓöÇΓöÇΓöÇΓöÇΓöÇΓöÇΓöÇΓöÇΓöÇΓöÇΓöÇΓöÇΓöÇΓöÇΓöÇΓöÇΓöÇΓöÇΓöÇΓöÇΓöÇΓöÇΓöÇΓöÇΓöÇΓöÇΓöÇΓöÇΓöÇΓöÇΓöÇΓöÇΓöÇΓöÇΓöÇΓöÇΓöÇΓöÇΓöÇΓöÇΓöÇΓöÇΓöÇΓöÇΓöÇΓöÇΓöÇΓöÇΓöÇΓöÇΓöÇΓöÇΓöÇΓöÇΓöÇΓöÇΓöÇΓöÇΓöÇΓöÇΓöÇΓöÇΓöÇ  
   FAILED  Tests\Unit\StudentModelTest > `Student Model` ΓåÆ it calculates full name correctly                     InvalidArgumentException   
  Unknown format "dateOfBirth"

  at vendor\fakerphp\faker\src\Faker\Generator.php:743
    739Γûò                 return $this->formatters[$format];
    740Γûò             }
    741Γûò         }
    742Γûò 
  Γ₧£ 743Γûò         throw new \InvalidArgumentException(sprintf('Unknown format "%s"', $format));
    744Γûò     }
    745Γûò 
    746Γûò     /**
    747Γûò      * Replaces tokens ('{{ tokenName }}') with the result from the token method call

  1   vendor\fakerphp\faker\src\Faker\Generator.php:743
  2   vendor\fakerphp\faker\src\Faker\Generator.php:708

  ΓöÇΓöÇΓöÇΓöÇΓöÇΓöÇΓöÇΓöÇΓöÇΓöÇΓöÇΓöÇΓöÇΓöÇΓöÇΓöÇΓöÇΓöÇΓöÇΓöÇΓöÇΓöÇΓöÇΓöÇΓöÇΓöÇΓöÇΓöÇΓöÇΓöÇΓöÇΓöÇΓöÇΓöÇΓöÇΓöÇΓöÇΓöÇΓöÇΓöÇΓöÇΓöÇΓöÇΓöÇΓöÇΓöÇΓöÇΓöÇΓöÇΓöÇΓöÇΓöÇΓöÇΓöÇΓöÇΓöÇΓöÇΓöÇΓöÇΓöÇΓöÇΓöÇΓöÇΓöÇΓöÇΓöÇΓöÇΓöÇΓöÇΓöÇΓöÇΓöÇΓöÇΓöÇΓöÇΓöÇΓöÇΓöÇΓöÇΓöÇΓöÇΓöÇΓöÇΓöÇΓöÇΓöÇΓöÇΓöÇΓöÇΓöÇΓöÇΓöÇΓöÇΓöÇΓöÇΓöÇΓöÇΓöÇΓöÇΓöÇΓöÇΓöÇΓöÇΓöÇΓöÇΓöÇΓöÇΓöÇΓöÇΓöÇΓöÇΓöÇΓöÇΓöÇΓöÇΓöÇΓöÇΓöÇΓöÇΓöÇΓöÇΓöÇΓöÇΓöÇΓöÇΓöÇΓöÇΓöÇΓöÇΓöÇΓöÇΓöÇΓöÇΓöÇΓöÇΓöÇ  
   FAILED  Tests\Unit\StudentModelTest > `Student Model` ΓåÆ it validates date of birth is in past                 InvalidArgumentException   
  Unknown format "dateOfBirth"

  at vendor\fakerphp\faker\src\Faker\Generator.php:743
    739Γûò                 return $this->formatters[$format];
    740Γûò             }
    741Γûò         }
    742Γûò 
  Γ₧£ 743Γûò         throw new \InvalidArgumentException(sprintf('Unknown format "%s"', $format));
    744Γûò     }
    745Γûò 
    746Γûò     /**
    747Γûò      * Replaces tokens ('{{ tokenName }}') with the result from the token method call

  1   vendor\fakerphp\faker\src\Faker\Generator.php:743
  2   vendor\fakerphp\faker\src\Faker\Generator.php:708

  ΓöÇΓöÇΓöÇΓöÇΓöÇΓöÇΓöÇΓöÇΓöÇΓöÇΓöÇΓöÇΓöÇΓöÇΓöÇΓöÇΓöÇΓöÇΓöÇΓöÇΓöÇΓöÇΓöÇΓöÇΓöÇΓöÇΓöÇΓöÇΓöÇΓöÇΓöÇΓöÇΓöÇΓöÇΓöÇΓöÇΓöÇΓöÇΓöÇΓöÇΓöÇΓöÇΓöÇΓöÇΓöÇΓöÇΓöÇΓöÇΓöÇΓöÇΓöÇΓöÇΓöÇΓöÇΓöÇΓöÇΓöÇΓöÇΓöÇΓöÇΓöÇΓöÇΓöÇΓöÇΓöÇΓöÇΓöÇΓöÇΓöÇΓöÇΓöÇΓöÇΓöÇΓöÇΓöÇΓöÇΓöÇΓöÇΓöÇΓöÇΓöÇΓöÇΓöÇΓöÇΓöÇΓöÇΓöÇΓöÇΓöÇΓöÇΓöÇΓöÇΓöÇΓöÇΓöÇΓöÇΓöÇΓöÇΓöÇΓöÇΓöÇΓöÇΓöÇΓöÇΓöÇΓöÇΓöÇΓöÇΓöÇΓöÇΓöÇΓöÇΓöÇΓöÇΓöÇΓöÇΓöÇΓöÇΓöÇΓöÇΓöÇΓöÇΓöÇΓöÇΓöÇΓöÇΓöÇΓöÇΓöÇΓöÇΓöÇΓöÇΓöÇΓöÇΓöÇΓöÇ  
   FAILED  Tests\Feature\APIEndpointsTest > `API Endpoints` ΓåÆ `Grade API` ΓåÆ it returns grades as JSON                                       
  Expected response status code [200] but received 404.
Failed asserting that 404 is identical to 200.

  at tests\Feature\APIEndpointsTest.php:21
     17Γûò             $class = ClassModel::factory()->create(['teacher_id' => $teacher->id]);
     18Γûò 
     19Γûò             $response = $this->actingAs($teacher)
     20Γûò                 ->getJson("/api/classes/{$class->id}/grades")
  Γ₧£  21Γûò                 ->assertStatus(200)
     22Γûò                 ->assertJsonStructure(['data']);
     23Γûò         });
     24Γûò 
     25Γûò         it('filters grades by student', function () {

  ΓöÇΓöÇΓöÇΓöÇΓöÇΓöÇΓöÇΓöÇΓöÇΓöÇΓöÇΓöÇΓöÇΓöÇΓöÇΓöÇΓöÇΓöÇΓöÇΓöÇΓöÇΓöÇΓöÇΓöÇΓöÇΓöÇΓöÇΓöÇΓöÇΓöÇΓöÇΓöÇΓöÇΓöÇΓöÇΓöÇΓöÇΓöÇΓöÇΓöÇΓöÇΓöÇΓöÇΓöÇΓöÇΓöÇΓöÇΓöÇΓöÇΓöÇΓöÇΓöÇΓöÇΓöÇΓöÇΓöÇΓöÇΓöÇΓöÇΓöÇΓöÇΓöÇΓöÇΓöÇΓöÇΓöÇΓöÇΓöÇΓöÇΓöÇΓöÇΓöÇΓöÇΓöÇΓöÇΓöÇΓöÇΓöÇΓöÇΓöÇΓöÇΓöÇΓöÇΓöÇΓöÇΓöÇΓöÇΓöÇΓöÇΓöÇΓöÇΓöÇΓöÇΓöÇΓöÇΓöÇΓöÇΓöÇΓöÇΓöÇΓöÇΓöÇΓöÇΓöÇΓöÇΓöÇΓöÇΓöÇΓöÇΓöÇΓöÇΓöÇΓöÇΓöÇΓöÇΓöÇΓöÇΓöÇΓöÇΓöÇΓöÇΓöÇΓöÇΓöÇΓöÇΓöÇΓöÇΓöÇΓöÇΓöÇΓöÇΓöÇΓöÇΓöÇΓöÇΓöÇ  
   FAILED  Tests\Feature\APIEndpointsTest > `API Endpoints` ΓåÆ `Grade API` ΓåÆ it filters grades by student                                    
  Expected response status code [200] but received 404.
Failed asserting that 404 is identical to 200.

  at tests\Feature\APIEndpointsTest.php:31
     27Γûò             $class = ClassModel::factory()->create(['teacher_id' => $teacher->id]);
     28Γûò 
     29Γûò             $response = $this->actingAs($teacher)
     30Γûò                 ->getJson("/api/classes/{$class->id}/grades?student_id=1")
  Γ₧£  31Γûò                 ->assertStatus(200);
     32Γûò         });
     33Γûò 
     34Γûò         it('filters grades by component', function () {
     35Γûò             $teacher = User::factory()->create(['role' => 'teacher']);

  ΓöÇΓöÇΓöÇΓöÇΓöÇΓöÇΓöÇΓöÇΓöÇΓöÇΓöÇΓöÇΓöÇΓöÇΓöÇΓöÇΓöÇΓöÇΓöÇΓöÇΓöÇΓöÇΓöÇΓöÇΓöÇΓöÇΓöÇΓöÇΓöÇΓöÇΓöÇΓöÇΓöÇΓöÇΓöÇΓöÇΓöÇΓöÇΓöÇΓöÇΓöÇΓöÇΓöÇΓöÇΓöÇΓöÇΓöÇΓöÇΓöÇΓöÇΓöÇΓöÇΓöÇΓöÇΓöÇΓöÇΓöÇΓöÇΓöÇΓöÇΓöÇΓöÇΓöÇΓöÇΓöÇΓöÇΓöÇΓöÇΓöÇΓöÇΓöÇΓöÇΓöÇΓöÇΓöÇΓöÇΓöÇΓöÇΓöÇΓöÇΓöÇΓöÇΓöÇΓöÇΓöÇΓöÇΓöÇΓöÇΓöÇΓöÇΓöÇΓöÇΓöÇΓöÇΓöÇΓöÇΓöÇΓöÇΓöÇΓöÇΓöÇΓöÇΓöÇΓöÇΓöÇΓöÇΓöÇΓöÇΓöÇΓöÇΓöÇΓöÇΓöÇΓöÇΓöÇΓöÇΓöÇΓöÇΓöÇΓöÇΓöÇΓöÇΓöÇΓöÇΓöÇΓöÇΓöÇΓöÇΓöÇΓöÇΓöÇΓöÇΓöÇΓöÇΓöÇΓöÇ  
   FAILED  Tests\Feature\APIEndpointsTest > `API Endpoints` ΓåÆ `Grade API` ΓåÆ it filters grades by component                 QueryException   
  SQLSTATE[42S22]: Column not found: 1054 Unknown column 'term' in 'field list' (Connection: mysql, Host: 127.0.0.1, Port: 3306, Database: edutrack_db, SQL: insert into `assessment_components` (`class_id`, `term`, `name`, `category`, `max_score`, `weight`, `sort_order`, `entry_mode`, `is_active`, `updated_at`, `created_at`) values (41, final, enim, Skills, 35, 100, 11, automated, 1, 2026-04-08 14:44:04, 2026-04-08 14:44:04))

  at vendor\laravel\framework\src\Illuminate\Database\MySqlConnection.php:47
     43Γûò             if ($this->pretending()) {
     44Γûò                 return true;
     45Γûò             }
     46Γûò 
  Γ₧£  47Γûò             $statement = $this->getPdo()->prepare($query);
     48Γûò 
     49Γûò             $this->bindValues($statement, $this->prepareBindings($bindings));
     50Γûò 
     51Γûò             $this->recordsHaveBeenModified();

  1   vendor\laravel\framework\src\Illuminate\Database\MySqlConnection.php:47
  2   vendor\laravel\framework\src\Illuminate\Database\Connection.php:827

  ΓöÇΓöÇΓöÇΓöÇΓöÇΓöÇΓöÇΓöÇΓöÇΓöÇΓöÇΓöÇΓöÇΓöÇΓöÇΓöÇΓöÇΓöÇΓöÇΓöÇΓöÇΓöÇΓöÇΓöÇΓöÇΓöÇΓöÇΓöÇΓöÇΓöÇΓöÇΓöÇΓöÇΓöÇΓöÇΓöÇΓöÇΓöÇΓöÇΓöÇΓöÇΓöÇΓöÇΓöÇΓöÇΓöÇΓöÇΓöÇΓöÇΓöÇΓöÇΓöÇΓöÇΓöÇΓöÇΓöÇΓöÇΓöÇΓöÇΓöÇΓöÇΓöÇΓöÇΓöÇΓöÇΓöÇΓöÇΓöÇΓöÇΓöÇΓöÇΓöÇΓöÇΓöÇΓöÇΓöÇΓöÇΓöÇΓöÇΓöÇΓöÇΓöÇΓöÇΓöÇΓöÇΓöÇΓöÇΓöÇΓöÇΓöÇΓöÇΓöÇΓöÇΓöÇΓöÇΓöÇΓöÇΓöÇΓöÇΓöÇΓöÇΓöÇΓöÇΓöÇΓöÇΓöÇΓöÇΓöÇΓöÇΓöÇΓöÇΓöÇΓöÇΓöÇΓöÇΓöÇΓöÇΓöÇΓöÇΓöÇΓöÇΓöÇΓöÇΓöÇΓöÇΓöÇΓöÇΓöÇΓöÇΓöÇΓöÇΓöÇΓöÇΓöÇΓöÇΓöÇ  
   FAILED  Tests\Feature\APIEndpointsTest > `API Endpoints` ΓåÆ `Student API` ΓåÆ it returns student list as JSON                               
  Failed asserting that an array has the key 'data'.

  at tests\Feature\APIEndpointsTest.php:52
     48Γûò 
     49Γûò             $response = $this->actingAs($admin)
     50Γûò                 ->getJson('/api/students')
     51Γûò                 ->assertStatus(200)
  Γ₧£  52Γûò                 ->assertJsonStructure(['data']);
     53Γûò         });
     54Γûò 
     55Γûò         it('returns single student details', function () {
     56Γûò             $admin = User::factory()->create(['role' => 'admin']);

  ΓöÇΓöÇΓöÇΓöÇΓöÇΓöÇΓöÇΓöÇΓöÇΓöÇΓöÇΓöÇΓöÇΓöÇΓöÇΓöÇΓöÇΓöÇΓöÇΓöÇΓöÇΓöÇΓöÇΓöÇΓöÇΓöÇΓöÇΓöÇΓöÇΓöÇΓöÇΓöÇΓöÇΓöÇΓöÇΓöÇΓöÇΓöÇΓöÇΓöÇΓöÇΓöÇΓöÇΓöÇΓöÇΓöÇΓöÇΓöÇΓöÇΓöÇΓöÇΓöÇΓöÇΓöÇΓöÇΓöÇΓöÇΓöÇΓöÇΓöÇΓöÇΓöÇΓöÇΓöÇΓöÇΓöÇΓöÇΓöÇΓöÇΓöÇΓöÇΓöÇΓöÇΓöÇΓöÇΓöÇΓöÇΓöÇΓöÇΓöÇΓöÇΓöÇΓöÇΓöÇΓöÇΓöÇΓöÇΓöÇΓöÇΓöÇΓöÇΓöÇΓöÇΓöÇΓöÇΓöÇΓöÇΓöÇΓöÇΓöÇΓöÇΓöÇΓöÇΓöÇΓöÇΓöÇΓöÇΓöÇΓöÇΓöÇΓöÇΓöÇΓöÇΓöÇΓöÇΓöÇΓöÇΓöÇΓöÇΓöÇΓöÇΓöÇΓöÇΓöÇΓöÇΓöÇΓöÇΓöÇΓöÇΓöÇΓöÇΓöÇΓöÇΓöÇΓöÇΓöÇ  
   FAILED  Tests\Feature\APIEndpointsTest > `API Endpoints` ΓåÆ `Student API` ΓåÆ it returns single student detailΓÇª  InvalidArgumentException   
  Unknown format "dateOfBirth"

  at vendor\fakerphp\faker\src\Faker\Generator.php:743
    739Γûò                 return $this->formatters[$format];
    740Γûò             }
    741Γûò         }
    742Γûò 
  Γ₧£ 743Γûò         throw new \InvalidArgumentException(sprintf('Unknown format "%s"', $format));
    744Γûò     }
    745Γûò 
    746Γûò     /**
    747Γûò      * Replaces tokens ('{{ tokenName }}') with the result from the token method call

  1   vendor\fakerphp\faker\src\Faker\Generator.php:743
  2   vendor\fakerphp\faker\src\Faker\Generator.php:708

  ΓöÇΓöÇΓöÇΓöÇΓöÇΓöÇΓöÇΓöÇΓöÇΓöÇΓöÇΓöÇΓöÇΓöÇΓöÇΓöÇΓöÇΓöÇΓöÇΓöÇΓöÇΓöÇΓöÇΓöÇΓöÇΓöÇΓöÇΓöÇΓöÇΓöÇΓöÇΓöÇΓöÇΓöÇΓöÇΓöÇΓöÇΓöÇΓöÇΓöÇΓöÇΓöÇΓöÇΓöÇΓöÇΓöÇΓöÇΓöÇΓöÇΓöÇΓöÇΓöÇΓöÇΓöÇΓöÇΓöÇΓöÇΓöÇΓöÇΓöÇΓöÇΓöÇΓöÇΓöÇΓöÇΓöÇΓöÇΓöÇΓöÇΓöÇΓöÇΓöÇΓöÇΓöÇΓöÇΓöÇΓöÇΓöÇΓöÇΓöÇΓöÇΓöÇΓöÇΓöÇΓöÇΓöÇΓöÇΓöÇΓöÇΓöÇΓöÇΓöÇΓöÇΓöÇΓöÇΓöÇΓöÇΓöÇΓöÇΓöÇΓöÇΓöÇΓöÇΓöÇΓöÇΓöÇΓöÇΓöÇΓöÇΓöÇΓöÇΓöÇΓöÇΓöÇΓöÇΓöÇΓöÇΓöÇΓöÇΓöÇΓöÇΓöÇΓöÇΓöÇΓöÇΓöÇΓöÇΓöÇΓöÇΓöÇΓöÇΓöÇΓöÇΓöÇΓöÇΓöÇ  
   FAILED  Tests\Feature\APIEndpointsTest > `API Endpoints` ΓåÆ `Class API` ΓåÆ it returns classes as JSON                                      
  Failed asserting that an array has the key 'data'.

  at tests\Feature\APIEndpointsTest.php:82
     78Γûò 
     79Γûò             $response = $this->actingAs($admin)
     80Γûò                 ->getJson('/api/classes')
     81Γûò                 ->assertStatus(200)
  Γ₧£  82Γûò                 ->assertJsonStructure(['data']);
     83Γûò         });
     84Γûò 
     85Γûò         it('returns class details with students', function () {
     86Γûò             $admin = User::factory()->create(['role' => 'admin']);

  ΓöÇΓöÇΓöÇΓöÇΓöÇΓöÇΓöÇΓöÇΓöÇΓöÇΓöÇΓöÇΓöÇΓöÇΓöÇΓöÇΓöÇΓöÇΓöÇΓöÇΓöÇΓöÇΓöÇΓöÇΓöÇΓöÇΓöÇΓöÇΓöÇΓöÇΓöÇΓöÇΓöÇΓöÇΓöÇΓöÇΓöÇΓöÇΓöÇΓöÇΓöÇΓöÇΓöÇΓöÇΓöÇΓöÇΓöÇΓöÇΓöÇΓöÇΓöÇΓöÇΓöÇΓöÇΓöÇΓöÇΓöÇΓöÇΓöÇΓöÇΓöÇΓöÇΓöÇΓöÇΓöÇΓöÇΓöÇΓöÇΓöÇΓöÇΓöÇΓöÇΓöÇΓöÇΓöÇΓöÇΓöÇΓöÇΓöÇΓöÇΓöÇΓöÇΓöÇΓöÇΓöÇΓöÇΓöÇΓöÇΓöÇΓöÇΓöÇΓöÇΓöÇΓöÇΓöÇΓöÇΓöÇΓöÇΓöÇΓöÇΓöÇΓöÇΓöÇΓöÇΓöÇΓöÇΓöÇΓöÇΓöÇΓöÇΓöÇΓöÇΓöÇΓöÇΓöÇΓöÇΓöÇΓöÇΓöÇΓöÇΓöÇΓöÇΓöÇΓöÇΓöÇΓöÇΓöÇΓöÇΓöÇΓöÇΓöÇΓöÇΓöÇΓöÇΓöÇΓöÇ  
   FAILED  Tests\Feature\APIEndpointsTest > `API Endpoints` ΓåÆ `Class API` ΓåÆ it returns class details with students                          
  Expected response status code [200] but received 404.
Failed asserting that 404 is identical to 200.

  at tests\Feature\APIEndpointsTest.php:91
     87Γûò             $class = ClassModel::factory()->create();
     88Γûò 
     89Γûò             $response = $this->actingAs($admin)
     90Γûò                 ->getJson("/api/classes/{$class->id}")
  Γ₧£  91Γûò                 ->assertStatus(200)
     92Γûò                 ->assertJsonStructure(['data']);
     93Γûò         });
     94Γûò 
     95Γûò         it('filters classes by school', function () {

  ΓöÇΓöÇΓöÇΓöÇΓöÇΓöÇΓöÇΓöÇΓöÇΓöÇΓöÇΓöÇΓöÇΓöÇΓöÇΓöÇΓöÇΓöÇΓöÇΓöÇΓöÇΓöÇΓöÇΓöÇΓöÇΓöÇΓöÇΓöÇΓöÇΓöÇΓöÇΓöÇΓöÇΓöÇΓöÇΓöÇΓöÇΓöÇΓöÇΓöÇΓöÇΓöÇΓöÇΓöÇΓöÇΓöÇΓöÇΓöÇΓöÇΓöÇΓöÇΓöÇΓöÇΓöÇΓöÇΓöÇΓöÇΓöÇΓöÇΓöÇΓöÇΓöÇΓöÇΓöÇΓöÇΓöÇΓöÇΓöÇΓöÇΓöÇΓöÇΓöÇΓöÇΓöÇΓöÇΓöÇΓöÇΓöÇΓöÇΓöÇΓöÇΓöÇΓöÇΓöÇΓöÇΓöÇΓöÇΓöÇΓöÇΓöÇΓöÇΓöÇΓöÇΓöÇΓöÇΓöÇΓöÇΓöÇΓöÇΓöÇΓöÇΓöÇΓöÇΓöÇΓöÇΓöÇΓöÇΓöÇΓöÇΓöÇΓöÇΓöÇΓöÇΓöÇΓöÇΓöÇΓöÇΓöÇΓöÇΓöÇΓöÇΓöÇΓöÇΓöÇΓöÇΓöÇΓöÇΓöÇΓöÇΓöÇΓöÇΓöÇΓöÇΓöÇΓöÇΓöÇ  
   FAILED  Tests\Feature\APIEndpointsTest > `API Endpoints` ΓåÆ `Attendance API` ΓåÆ it returns attendance records as JSON                      
  Expected response status code [200] but received 404.
Failed asserting that 404 is identical to 200.

  at tests\Feature\APIEndpointsTest.php:112
    108Γûò             $class = ClassModel::factory()->create(['teacher_id' => $teacher->id]);
    109Γûò 
    110Γûò             $response = $this->actingAs($teacher)
    111Γûò                 ->getJson("/api/classes/{$class->id}/attendance")
  Γ₧£ 112Γûò                 ->assertStatus(200)
    113Γûò                 ->assertJsonStructure(['data']);
    114Γûò         });
    115Γûò 
    116Γûò         it('returns filtered attendance by date', function () {

  ΓöÇΓöÇΓöÇΓöÇΓöÇΓöÇΓöÇΓöÇΓöÇΓöÇΓöÇΓöÇΓöÇΓöÇΓöÇΓöÇΓöÇΓöÇΓöÇΓöÇΓöÇΓöÇΓöÇΓöÇΓöÇΓöÇΓöÇΓöÇΓöÇΓöÇΓöÇΓöÇΓöÇΓöÇΓöÇΓöÇΓöÇΓöÇΓöÇΓöÇΓöÇΓöÇΓöÇΓöÇΓöÇΓöÇΓöÇΓöÇΓöÇΓöÇΓöÇΓöÇΓöÇΓöÇΓöÇΓöÇΓöÇΓöÇΓöÇΓöÇΓöÇΓöÇΓöÇΓöÇΓöÇΓöÇΓöÇΓöÇΓöÇΓöÇΓöÇΓöÇΓöÇΓöÇΓöÇΓöÇΓöÇΓöÇΓöÇΓöÇΓöÇΓöÇΓöÇΓöÇΓöÇΓöÇΓöÇΓöÇΓöÇΓöÇΓöÇΓöÇΓöÇΓöÇΓöÇΓöÇΓöÇΓöÇΓöÇΓöÇΓöÇΓöÇΓöÇΓöÇΓöÇΓöÇΓöÇΓöÇΓöÇΓöÇΓöÇΓöÇΓöÇΓöÇΓöÇΓöÇΓöÇΓöÇΓöÇΓöÇΓöÇΓöÇΓöÇΓöÇΓöÇΓöÇΓöÇΓöÇΓöÇΓöÇΓöÇΓöÇΓöÇΓöÇΓöÇΓöÇ  
   FAILED  Tests\Feature\APIEndpointsTest > `API Endpoints` ΓåÆ `Attendance API` ΓåÆ it returns filtered attendance by date                     
  Expected response status code [200] but received 404.
Failed asserting that 404 is identical to 200.

  at tests\Feature\APIEndpointsTest.php:122
    118Γûò             $class = ClassModel::factory()->create(['teacher_id' => $teacher->id]);
    119Γûò 
    120Γûò             $response = $this->actingAs($teacher)
    121Γûò                 ->getJson("/api/classes/{$class->id}/attendance?date=2026-04-08")
  Γ₧£ 122Γûò                 ->assertStatus(200);
    123Γûò         });
    124Γûò 
    125Γûò         it('returns attendance statistics', function () {
    126Γûò             $teacher = User::factory()->create(['role' => 'teacher']);

  ΓöÇΓöÇΓöÇΓöÇΓöÇΓöÇΓöÇΓöÇΓöÇΓöÇΓöÇΓöÇΓöÇΓöÇΓöÇΓöÇΓöÇΓöÇΓöÇΓöÇΓöÇΓöÇΓöÇΓöÇΓöÇΓöÇΓöÇΓöÇΓöÇΓöÇΓöÇΓöÇΓöÇΓöÇΓöÇΓöÇΓöÇΓöÇΓöÇΓöÇΓöÇΓöÇΓöÇΓöÇΓöÇΓöÇΓöÇΓöÇΓöÇΓöÇΓöÇΓöÇΓöÇΓöÇΓöÇΓöÇΓöÇΓöÇΓöÇΓöÇΓöÇΓöÇΓöÇΓöÇΓöÇΓöÇΓöÇΓöÇΓöÇΓöÇΓöÇΓöÇΓöÇΓöÇΓöÇΓöÇΓöÇΓöÇΓöÇΓöÇΓöÇΓöÇΓöÇΓöÇΓöÇΓöÇΓöÇΓöÇΓöÇΓöÇΓöÇΓöÇΓöÇΓöÇΓöÇΓöÇΓöÇΓöÇΓöÇΓöÇΓöÇΓöÇΓöÇΓöÇΓöÇΓöÇΓöÇΓöÇΓöÇΓöÇΓöÇΓöÇΓöÇΓöÇΓöÇΓöÇΓöÇΓöÇΓöÇΓöÇΓöÇΓöÇΓöÇΓöÇΓöÇΓöÇΓöÇΓöÇΓöÇΓöÇΓöÇΓöÇΓöÇΓöÇΓöÇΓöÇ  
   FAILED  Tests\Feature\APIEndpointsTest > `API Endpoints` ΓåÆ `Attendance API` ΓåÆ it returns attendance statistics                           
  Expected response status code [200] but received 404.
Failed asserting that 404 is identical to 200.

  at tests\Feature\APIEndpointsTest.php:131
    127Γûò             $class = ClassModel::factory()->create(['teacher_id' => $teacher->id]);
    128Γûò 
    129Γûò             $response = $this->actingAs($teacher)
    130Γûò                 ->getJson("/api/classes/{$class->id}/attendance/stats")
  Γ₧£ 131Γûò                 ->assertStatus(200);
    132Γûò         });
    133Γûò     });
    134Γûò });
    135Γûò

  ΓöÇΓöÇΓöÇΓöÇΓöÇΓöÇΓöÇΓöÇΓöÇΓöÇΓöÇΓöÇΓöÇΓöÇΓöÇΓöÇΓöÇΓöÇΓöÇΓöÇΓöÇΓöÇΓöÇΓöÇΓöÇΓöÇΓöÇΓöÇΓöÇΓöÇΓöÇΓöÇΓöÇΓöÇΓöÇΓöÇΓöÇΓöÇΓöÇΓöÇΓöÇΓöÇΓöÇΓöÇΓöÇΓöÇΓöÇΓöÇΓöÇΓöÇΓöÇΓöÇΓöÇΓöÇΓöÇΓöÇΓöÇΓöÇΓöÇΓöÇΓöÇΓöÇΓöÇΓöÇΓöÇΓöÇΓöÇΓöÇΓöÇΓöÇΓöÇΓöÇΓöÇΓöÇΓöÇΓöÇΓöÇΓöÇΓöÇΓöÇΓöÇΓöÇΓöÇΓöÇΓöÇΓöÇΓöÇΓöÇΓöÇΓöÇΓöÇΓöÇΓöÇΓöÇΓöÇΓöÇΓöÇΓöÇΓöÇΓöÇΓöÇΓöÇΓöÇΓöÇΓöÇΓöÇΓöÇΓöÇΓöÇΓöÇΓöÇΓöÇΓöÇΓöÇΓöÇΓöÇΓöÇΓöÇΓöÇΓöÇΓöÇΓöÇΓöÇΓöÇΓöÇΓöÇΓöÇΓöÇΓöÇΓöÇΓöÇΓöÇΓöÇΓöÇΓöÇΓöÇ  
   FAILED  Tests\Feature\AttendanceSignatureTest > index displays signatures for class                           InvalidArgumentException   
  Unknown format "dateOfBirth"

  at vendor\fakerphp\faker\src\Faker\Generator.php:743
    739Γûò                 return $this->formatters[$format];
    740Γûò             }
    741Γûò         }
    742Γûò 
  Γ₧£ 743Γûò         throw new \InvalidArgumentException(sprintf('Unknown format "%s"', $format));
    744Γûò     }
    745Γûò 
    746Γûò     /**
    747Γûò      * Replaces tokens ('{{ tokenName }}') with the result from the token method call

  1   vendor\fakerphp\faker\src\Faker\Generator.php:743
  2   vendor\fakerphp\faker\src\Faker\Generator.php:708

  ΓöÇΓöÇΓöÇΓöÇΓöÇΓöÇΓöÇΓöÇΓöÇΓöÇΓöÇΓöÇΓöÇΓöÇΓöÇΓöÇΓöÇΓöÇΓöÇΓöÇΓöÇΓöÇΓöÇΓöÇΓöÇΓöÇΓöÇΓöÇΓöÇΓöÇΓöÇΓöÇΓöÇΓöÇΓöÇΓöÇΓöÇΓöÇΓöÇΓöÇΓöÇΓöÇΓöÇΓöÇΓöÇΓöÇΓöÇΓöÇΓöÇΓöÇΓöÇΓöÇΓöÇΓöÇΓöÇΓöÇΓöÇΓöÇΓöÇΓöÇΓöÇΓöÇΓöÇΓöÇΓöÇΓöÇΓöÇΓöÇΓöÇΓöÇΓöÇΓöÇΓöÇΓöÇΓöÇΓöÇΓöÇΓöÇΓöÇΓöÇΓöÇΓöÇΓöÇΓöÇΓöÇΓöÇΓöÇΓöÇΓöÇΓöÇΓöÇΓöÇΓöÇΓöÇΓöÇΓöÇΓöÇΓöÇΓöÇΓöÇΓöÇΓöÇΓöÇΓöÇΓöÇΓöÇΓöÇΓöÇΓöÇΓöÇΓöÇΓöÇΓöÇΓöÇΓöÇΓöÇΓöÇΓöÇΓöÇΓöÇΓöÇΓöÇΓöÇΓöÇΓöÇΓöÇΓöÇΓöÇΓöÇΓöÇΓöÇΓöÇΓöÇΓöÇΓöÇΓöÇ  
   FAILED  Tests\Feature\AttendanceSignatureTest > create shows upload form                                      InvalidArgumentException   
  Unknown format "dateOfBirth"

  at vendor\fakerphp\faker\src\Faker\Generator.php:743
    739Γûò                 return $this->formatters[$format];
    740Γûò             }
    741Γûò         }
    742Γûò 
  Γ₧£ 743Γûò         throw new \InvalidArgumentException(sprintf('Unknown format "%s"', $format));
    744Γûò     }
    745Γûò 
    746Γûò     /**
    747Γûò      * Replaces tokens ('{{ tokenName }}') with the result from the token method call

  1   vendor\fakerphp\faker\src\Faker\Generator.php:743
  2   vendor\fakerphp\faker\src\Faker\Generator.php:708

  ΓöÇΓöÇΓöÇΓöÇΓöÇΓöÇΓöÇΓöÇΓöÇΓöÇΓöÇΓöÇΓöÇΓöÇΓöÇΓöÇΓöÇΓöÇΓöÇΓöÇΓöÇΓöÇΓöÇΓöÇΓöÇΓöÇΓöÇΓöÇΓöÇΓöÇΓöÇΓöÇΓöÇΓöÇΓöÇΓöÇΓöÇΓöÇΓöÇΓöÇΓöÇΓöÇΓöÇΓöÇΓöÇΓöÇΓöÇΓöÇΓöÇΓöÇΓöÇΓöÇΓöÇΓöÇΓöÇΓöÇΓöÇΓöÇΓöÇΓöÇΓöÇΓöÇΓöÇΓöÇΓöÇΓöÇΓöÇΓöÇΓöÇΓöÇΓöÇΓöÇΓöÇΓöÇΓöÇΓöÇΓöÇΓöÇΓöÇΓöÇΓöÇΓöÇΓöÇΓöÇΓöÇΓöÇΓöÇΓöÇΓöÇΓöÇΓöÇΓöÇΓöÇΓöÇΓöÇΓöÇΓöÇΓöÇΓöÇΓöÇΓöÇΓöÇΓöÇΓöÇΓöÇΓöÇΓöÇΓöÇΓöÇΓöÇΓöÇΓöÇΓöÇΓöÇΓöÇΓöÇΓöÇΓöÇΓöÇΓöÇΓöÇΓöÇΓöÇΓöÇΓöÇΓöÇΓöÇΓöÇΓöÇΓöÇΓöÇΓöÇΓöÇΓöÇΓöÇΓöÇ  
   FAILED  Tests\Feature\AttendanceSignatureTest > store digital signature                                       InvalidArgumentException   
  Unknown format "dateOfBirth"

  at vendor\fakerphp\faker\src\Faker\Generator.php:743
    739Γûò                 return $this->formatters[$format];
    740Γûò             }
    741Γûò         }
    742Γûò 
  Γ₧£ 743Γûò         throw new \InvalidArgumentException(sprintf('Unknown format "%s"', $format));
    744Γûò     }
    745Γûò 
    746Γûò     /**
    747Γûò      * Replaces tokens ('{{ tokenName }}') with the result from the token method call

  1   vendor\fakerphp\faker\src\Faker\Generator.php:743
  2   vendor\fakerphp\faker\src\Faker\Generator.php:708

  ΓöÇΓöÇΓöÇΓöÇΓöÇΓöÇΓöÇΓöÇΓöÇΓöÇΓöÇΓöÇΓöÇΓöÇΓöÇΓöÇΓöÇΓöÇΓöÇΓöÇΓöÇΓöÇΓöÇΓöÇΓöÇΓöÇΓöÇΓöÇΓöÇΓöÇΓöÇΓöÇΓöÇΓöÇΓöÇΓöÇΓöÇΓöÇΓöÇΓöÇΓöÇΓöÇΓöÇΓöÇΓöÇΓöÇΓöÇΓöÇΓöÇΓöÇΓöÇΓöÇΓöÇΓöÇΓöÇΓöÇΓöÇΓöÇΓöÇΓöÇΓöÇΓöÇΓöÇΓöÇΓöÇΓöÇΓöÇΓöÇΓöÇΓöÇΓöÇΓöÇΓöÇΓöÇΓöÇΓöÇΓöÇΓöÇΓöÇΓöÇΓöÇΓöÇΓöÇΓöÇΓöÇΓöÇΓöÇΓöÇΓöÇΓöÇΓöÇΓöÇΓöÇΓöÇΓöÇΓöÇΓöÇΓöÇΓöÇΓöÇΓöÇΓöÇΓöÇΓöÇΓöÇΓöÇΓöÇΓöÇΓöÇΓöÇΓöÇΓöÇΓöÇΓöÇΓöÇΓöÇΓöÇΓöÇΓöÇΓöÇΓöÇΓöÇΓöÇΓöÇΓöÇΓöÇΓöÇΓöÇΓöÇΓöÇΓöÇΓöÇΓöÇΓöÇΓöÇΓöÇ  
   FAILED  Tests\Feature\AttendanceSignatureTest > approve signature                                             InvalidArgumentException   
  Unknown format "dateOfBirth"

  at vendor\fakerphp\faker\src\Faker\Generator.php:743
    739Γûò                 return $this->formatters[$format];
    740Γûò             }
    741Γûò         }
    742Γûò 
  Γ₧£ 743Γûò         throw new \InvalidArgumentException(sprintf('Unknown format "%s"', $format));
    744Γûò     }
    745Γûò 
    746Γûò     /**
    747Γûò      * Replaces tokens ('{{ tokenName }}') with the result from the token method call

  1   vendor\fakerphp\faker\src\Faker\Generator.php:743
  2   vendor\fakerphp\faker\src\Faker\Generator.php:708

  ΓöÇΓöÇΓöÇΓöÇΓöÇΓöÇΓöÇΓöÇΓöÇΓöÇΓöÇΓöÇΓöÇΓöÇΓöÇΓöÇΓöÇΓöÇΓöÇΓöÇΓöÇΓöÇΓöÇΓöÇΓöÇΓöÇΓöÇΓöÇΓöÇΓöÇΓöÇΓöÇΓöÇΓöÇΓöÇΓöÇΓöÇΓöÇΓöÇΓöÇΓöÇΓöÇΓöÇΓöÇΓöÇΓöÇΓöÇΓöÇΓöÇΓöÇΓöÇΓöÇΓöÇΓöÇΓöÇΓöÇΓöÇΓöÇΓöÇΓöÇΓöÇΓöÇΓöÇΓöÇΓöÇΓöÇΓöÇΓöÇΓöÇΓöÇΓöÇΓöÇΓöÇΓöÇΓöÇΓöÇΓöÇΓöÇΓöÇΓöÇΓöÇΓöÇΓöÇΓöÇΓöÇΓöÇΓöÇΓöÇΓöÇΓöÇΓöÇΓöÇΓöÇΓöÇΓöÇΓöÇΓöÇΓöÇΓöÇΓöÇΓöÇΓöÇΓöÇΓöÇΓöÇΓöÇΓöÇΓöÇΓöÇΓöÇΓöÇΓöÇΓöÇΓöÇΓöÇΓöÇΓöÇΓöÇΓöÇΓöÇΓöÇΓöÇΓöÇΓöÇΓöÇΓöÇΓöÇΓöÇΓöÇΓöÇΓöÇΓöÇΓöÇΓöÇΓöÇΓöÇ  
   FAILED  Tests\Feature\AttendanceSignatureTest > reject signature                                              InvalidArgumentException   
  Unknown format "dateOfBirth"

  at vendor\fakerphp\faker\src\Faker\Generator.php:743
    739Γûò                 return $this->formatters[$format];
    740Γûò             }
    741Γûò         }
    742Γûò 
  Γ₧£ 743Γûò         throw new \InvalidArgumentException(sprintf('Unknown format "%s"', $format));
    744Γûò     }
    745Γûò 
    746Γûò     /**
    747Γûò      * Replaces tokens ('{{ tokenName }}') with the result from the token method call

  1   vendor\fakerphp\faker\src\Faker\Generator.php:743
  2   vendor\fakerphp\faker\src\Faker\Generator.php:708

  ΓöÇΓöÇΓöÇΓöÇΓöÇΓöÇΓöÇΓöÇΓöÇΓöÇΓöÇΓöÇΓöÇΓöÇΓöÇΓöÇΓöÇΓöÇΓöÇΓöÇΓöÇΓöÇΓöÇΓöÇΓöÇΓöÇΓöÇΓöÇΓöÇΓöÇΓöÇΓöÇΓöÇΓöÇΓöÇΓöÇΓöÇΓöÇΓöÇΓöÇΓöÇΓöÇΓöÇΓöÇΓöÇΓöÇΓöÇΓöÇΓöÇΓöÇΓöÇΓöÇΓöÇΓöÇΓöÇΓöÇΓöÇΓöÇΓöÇΓöÇΓöÇΓöÇΓöÇΓöÇΓöÇΓöÇΓöÇΓöÇΓöÇΓöÇΓöÇΓöÇΓöÇΓöÇΓöÇΓöÇΓöÇΓöÇΓöÇΓöÇΓöÇΓöÇΓöÇΓöÇΓöÇΓöÇΓöÇΓöÇΓöÇΓöÇΓöÇΓöÇΓöÇΓöÇΓöÇΓöÇΓöÇΓöÇΓöÇΓöÇΓöÇΓöÇΓöÇΓöÇΓöÇΓöÇΓöÇΓöÇΓöÇΓöÇΓöÇΓöÇΓöÇΓöÇΓöÇΓöÇΓöÇΓöÇΓöÇΓöÇΓöÇΓöÇΓöÇΓöÇΓöÇΓöÇΓöÇΓöÇΓöÇΓöÇΓöÇΓöÇΓöÇΓöÇΓöÇΓöÇ  
   FAILED  Tests\Feature\AttendanceSignatureTest > delete signature                                              InvalidArgumentException   
  Unknown format "dateOfBirth"

  at vendor\fakerphp\faker\src\Faker\Generator.php:743
    739Γûò                 return $this->formatters[$format];
    740Γûò             }
    741Γûò         }
    742Γûò 
  Γ₧£ 743Γûò         throw new \InvalidArgumentException(sprintf('Unknown format "%s"', $format));
    744Γûò     }
    745Γûò 
    746Γûò     /**
    747Γûò      * Replaces tokens ('{{ tokenName }}') with the result from the token method call

  1   vendor\fakerphp\faker\src\Faker\Generator.php:743
  2   vendor\fakerphp\faker\src\Faker\Generator.php:708

  ΓöÇΓöÇΓöÇΓöÇΓöÇΓöÇΓöÇΓöÇΓöÇΓöÇΓöÇΓöÇΓöÇΓöÇΓöÇΓöÇΓöÇΓöÇΓöÇΓöÇΓöÇΓöÇΓöÇΓöÇΓöÇΓöÇΓöÇΓöÇΓöÇΓöÇΓöÇΓöÇΓöÇΓöÇΓöÇΓöÇΓöÇΓöÇΓöÇΓöÇΓöÇΓöÇΓöÇΓöÇΓöÇΓöÇΓöÇΓöÇΓöÇΓöÇΓöÇΓöÇΓöÇΓöÇΓöÇΓöÇΓöÇΓöÇΓöÇΓöÇΓöÇΓöÇΓöÇΓöÇΓöÇΓöÇΓöÇΓöÇΓöÇΓöÇΓöÇΓöÇΓöÇΓöÇΓöÇΓöÇΓöÇΓöÇΓöÇΓöÇΓöÇΓöÇΓöÇΓöÇΓöÇΓöÇΓöÇΓöÇΓöÇΓöÇΓöÇΓöÇΓöÇΓöÇΓöÇΓöÇΓöÇΓöÇΓöÇΓöÇΓöÇΓöÇΓöÇΓöÇΓöÇΓöÇΓöÇΓöÇΓöÇΓöÇΓöÇΓöÇΓöÇΓöÇΓöÇΓöÇΓöÇΓöÇΓöÇΓöÇΓöÇΓöÇΓöÇΓöÇΓöÇΓöÇΓöÇΓöÇΓöÇΓöÇΓöÇΓöÇΓöÇΓöÇΓöÇΓöÇ  
   FAILED  Tests\Feature\AttendanceSignatureTest > get signature statistics                                      InvalidArgumentException   
  Unknown format "dateOfBirth"

  at vendor\fakerphp\faker\src\Faker\Generator.php:743
    739Γûò                 return $this->formatters[$format];
    740Γûò             }
    741Γûò         }
    742Γûò 
  Γ₧£ 743Γûò         throw new \InvalidArgumentException(sprintf('Unknown format "%s"', $format));
    744Γûò     }
    745Γûò 
    746Γûò     /**
    747Γûò      * Replaces tokens ('{{ tokenName }}') with the result from the token method call

  1   vendor\fakerphp\faker\src\Faker\Generator.php:743
  2   vendor\fakerphp\faker\src\Faker\Generator.php:708

  ΓöÇΓöÇΓöÇΓöÇΓöÇΓöÇΓöÇΓöÇΓöÇΓöÇΓöÇΓöÇΓöÇΓöÇΓöÇΓöÇΓöÇΓöÇΓöÇΓöÇΓöÇΓöÇΓöÇΓöÇΓöÇΓöÇΓöÇΓöÇΓöÇΓöÇΓöÇΓöÇΓöÇΓöÇΓöÇΓöÇΓöÇΓöÇΓöÇΓöÇΓöÇΓöÇΓöÇΓöÇΓöÇΓöÇΓöÇΓöÇΓöÇΓöÇΓöÇΓöÇΓöÇΓöÇΓöÇΓöÇΓöÇΓöÇΓöÇΓöÇΓöÇΓöÇΓöÇΓöÇΓöÇΓöÇΓöÇΓöÇΓöÇΓöÇΓöÇΓöÇΓöÇΓöÇΓöÇΓöÇΓöÇΓöÇΓöÇΓöÇΓöÇΓöÇΓöÇΓöÇΓöÇΓöÇΓöÇΓöÇΓöÇΓöÇΓöÇΓöÇΓöÇΓöÇΓöÇΓöÇΓöÇΓöÇΓöÇΓöÇΓöÇΓöÇΓöÇΓöÇΓöÇΓöÇΓöÇΓöÇΓöÇΓöÇΓöÇΓöÇΓöÇΓöÇΓöÇΓöÇΓöÇΓöÇΓöÇΓöÇΓöÇΓöÇΓöÇΓöÇΓöÇΓöÇΓöÇΓöÇΓöÇΓöÇΓöÇΓöÇΓöÇΓöÇΓöÇΓöÇ  
   FAILED  Tests\Feature\AttendanceSignatureTest > cannot store signature for unauthorized student               InvalidArgumentException   
  Unknown format "dateOfBirth"

  at vendor\fakerphp\faker\src\Faker\Generator.php:743
    739Γûò                 return $this->formatters[$format];
    740Γûò             }
    741Γûò         }
    742Γûò 
  Γ₧£ 743Γûò         throw new \InvalidArgumentException(sprintf('Unknown format "%s"', $format));
    744Γûò     }
    745Γûò 
    746Γûò     /**
    747Γûò      * Replaces tokens ('{{ tokenName }}') with the result from the token method call

  1   vendor\fakerphp\faker\src\Faker\Generator.php:743
  2   vendor\fakerphp\faker\src\Faker\Generator.php:708

  ΓöÇΓöÇΓöÇΓöÇΓöÇΓöÇΓöÇΓöÇΓöÇΓöÇΓöÇΓöÇΓöÇΓöÇΓöÇΓöÇΓöÇΓöÇΓöÇΓöÇΓöÇΓöÇΓöÇΓöÇΓöÇΓöÇΓöÇΓöÇΓöÇΓöÇΓöÇΓöÇΓöÇΓöÇΓöÇΓöÇΓöÇΓöÇΓöÇΓöÇΓöÇΓöÇΓöÇΓöÇΓöÇΓöÇΓöÇΓöÇΓöÇΓöÇΓöÇΓöÇΓöÇΓöÇΓöÇΓöÇΓöÇΓöÇΓöÇΓöÇΓöÇΓöÇΓöÇΓöÇΓöÇΓöÇΓöÇΓöÇΓöÇΓöÇΓöÇΓöÇΓöÇΓöÇΓöÇΓöÇΓöÇΓöÇΓöÇΓöÇΓöÇΓöÇΓöÇΓöÇΓöÇΓöÇΓöÇΓöÇΓöÇΓöÇΓöÇΓöÇΓöÇΓöÇΓöÇΓöÇΓöÇΓöÇΓöÇΓöÇΓöÇΓöÇΓöÇΓöÇΓöÇΓöÇΓöÇΓöÇΓöÇΓöÇΓöÇΓöÇΓöÇΓöÇΓöÇΓöÇΓöÇΓöÇΓöÇΓöÇΓöÇΓöÇΓöÇΓöÇΓöÇΓöÇΓöÇΓöÇΓöÇΓöÇΓöÇΓöÇΓöÇΓöÇΓöÇΓöÇ  
   FAILED  Tests\Feature\AttendanceSignatureTest > validate signature required fields                            InvalidArgumentException   
  Unknown format "dateOfBirth"

  at vendor\fakerphp\faker\src\Faker\Generator.php:743
    739Γûò                 return $this->formatters[$format];
    740Γûò             }
    741Γûò         }
    742Γûò 
  Γ₧£ 743Γûò         throw new \InvalidArgumentException(sprintf('Unknown format "%s"', $format));
    744Γûò     }
    745Γûò 
    746Γûò     /**
    747Γûò      * Replaces tokens ('{{ tokenName }}') with the result from the token method call

  1   vendor\fakerphp\faker\src\Faker\Generator.php:743
  2   vendor\fakerphp\faker\src\Faker\Generator.php:708

  ΓöÇΓöÇΓöÇΓöÇΓöÇΓöÇΓöÇΓöÇΓöÇΓöÇΓöÇΓöÇΓöÇΓöÇΓöÇΓöÇΓöÇΓöÇΓöÇΓöÇΓöÇΓöÇΓöÇΓöÇΓöÇΓöÇΓöÇΓöÇΓöÇΓöÇΓöÇΓöÇΓöÇΓöÇΓöÇΓöÇΓöÇΓöÇΓöÇΓöÇΓöÇΓöÇΓöÇΓöÇΓöÇΓöÇΓöÇΓöÇΓöÇΓöÇΓöÇΓöÇΓöÇΓöÇΓöÇΓöÇΓöÇΓöÇΓöÇΓöÇΓöÇΓöÇΓöÇΓöÇΓöÇΓöÇΓöÇΓöÇΓöÇΓöÇΓöÇΓöÇΓöÇΓöÇΓöÇΓöÇΓöÇΓöÇΓöÇΓöÇΓöÇΓöÇΓöÇΓöÇΓöÇΓöÇΓöÇΓöÇΓöÇΓöÇΓöÇΓöÇΓöÇΓöÇΓöÇΓöÇΓöÇΓöÇΓöÇΓöÇΓöÇΓöÇΓöÇΓöÇΓöÇΓöÇΓöÇΓöÇΓöÇΓöÇΓöÇΓöÇΓöÇΓöÇΓöÇΓöÇΓöÇΓöÇΓöÇΓöÇΓöÇΓöÇΓöÇΓöÇΓöÇΓöÇΓöÇΓöÇΓöÇΓöÇΓöÇΓöÇΓöÇΓöÇΓöÇΓöÇ  
   FAILED  Tests\Feature\AttendanceSignatureTest > index filters signatures by status                            InvalidArgumentException   
  Unknown format "dateOfBirth"

  at vendor\fakerphp\faker\src\Faker\Generator.php:743
    739Γûò                 return $this->formatters[$format];
    740Γûò             }
    741Γûò         }
    742Γûò 
  Γ₧£ 743Γûò         throw new \InvalidArgumentException(sprintf('Unknown format "%s"', $format));
    744Γûò     }
    745Γûò 
    746Γûò     /**
    747Γûò      * Replaces tokens ('{{ tokenName }}') with the result from the token method call

  1   vendor\fakerphp\faker\src\Faker\Generator.php:743
  2   vendor\fakerphp\faker\src\Faker\Generator.php:708

  ΓöÇΓöÇΓöÇΓöÇΓöÇΓöÇΓöÇΓöÇΓöÇΓöÇΓöÇΓöÇΓöÇΓöÇΓöÇΓöÇΓöÇΓöÇΓöÇΓöÇΓöÇΓöÇΓöÇΓöÇΓöÇΓöÇΓöÇΓöÇΓöÇΓöÇΓöÇΓöÇΓöÇΓöÇΓöÇΓöÇΓöÇΓöÇΓöÇΓöÇΓöÇΓöÇΓöÇΓöÇΓöÇΓöÇΓöÇΓöÇΓöÇΓöÇΓöÇΓöÇΓöÇΓöÇΓöÇΓöÇΓöÇΓöÇΓöÇΓöÇΓöÇΓöÇΓöÇΓöÇΓöÇΓöÇΓöÇΓöÇΓöÇΓöÇΓöÇΓöÇΓöÇΓöÇΓöÇΓöÇΓöÇΓöÇΓöÇΓöÇΓöÇΓöÇΓöÇΓöÇΓöÇΓöÇΓöÇΓöÇΓöÇΓöÇΓöÇΓöÇΓöÇΓöÇΓöÇΓöÇΓöÇΓöÇΓöÇΓöÇΓöÇΓöÇΓöÇΓöÇΓöÇΓöÇΓöÇΓöÇΓöÇΓöÇΓöÇΓöÇΓöÇΓöÇΓöÇΓöÇΓöÇΓöÇΓöÇΓöÇΓöÇΓöÇΓöÇΓöÇΓöÇΓöÇΓöÇΓöÇΓöÇΓöÇΓöÇΓöÇΓöÇΓöÇΓöÇΓöÇ  
   FAILED  Tests\Feature\AttendanceTest > `Attendance System` ΓåÆ `Attendance Signature` ΓåÆ it teacher can recordΓÇª  InvalidArgumentException   
  Unknown format "dateOfBirth"

  at vendor\fakerphp\faker\src\Faker\Generator.php:743
    739Γûò                 return $this->formatters[$format];
    740Γûò             }
    741Γûò         }
    742Γûò 
  Γ₧£ 743Γûò         throw new \InvalidArgumentException(sprintf('Unknown format "%s"', $format));
    744Γûò     }
    745Γûò 
    746Γûò     /**
    747Γûò      * Replaces tokens ('{{ tokenName }}') with the result from the token method call

  1   vendor\fakerphp\faker\src\Faker\Generator.php:743
  2   vendor\fakerphp\faker\src\Faker\Generator.php:708

  ΓöÇΓöÇΓöÇΓöÇΓöÇΓöÇΓöÇΓöÇΓöÇΓöÇΓöÇΓöÇΓöÇΓöÇΓöÇΓöÇΓöÇΓöÇΓöÇΓöÇΓöÇΓöÇΓöÇΓöÇΓöÇΓöÇΓöÇΓöÇΓöÇΓöÇΓöÇΓöÇΓöÇΓöÇΓöÇΓöÇΓöÇΓöÇΓöÇΓöÇΓöÇΓöÇΓöÇΓöÇΓöÇΓöÇΓöÇΓöÇΓöÇΓöÇΓöÇΓöÇΓöÇΓöÇΓöÇΓöÇΓöÇΓöÇΓöÇΓöÇΓöÇΓöÇΓöÇΓöÇΓöÇΓöÇΓöÇΓöÇΓöÇΓöÇΓöÇΓöÇΓöÇΓöÇΓöÇΓöÇΓöÇΓöÇΓöÇΓöÇΓöÇΓöÇΓöÇΓöÇΓöÇΓöÇΓöÇΓöÇΓöÇΓöÇΓöÇΓöÇΓöÇΓöÇΓöÇΓöÇΓöÇΓöÇΓöÇΓöÇΓöÇΓöÇΓöÇΓöÇΓöÇΓöÇΓöÇΓöÇΓöÇΓöÇΓöÇΓöÇΓöÇΓöÇΓöÇΓöÇΓöÇΓöÇΓöÇΓöÇΓöÇΓöÇΓöÇΓöÇΓöÇΓöÇΓöÇΓöÇΓöÇΓöÇΓöÇΓöÇΓöÇΓöÇΓöÇΓöÇ  
   FAILED  Tests\Feature\AttendanceTest > `Attendance System` ΓåÆ `Attendance Signature` ΓåÆ it validates signaturΓÇª  InvalidArgumentException   
  Unknown format "dateOfBirth"

  at vendor\fakerphp\faker\src\Faker\Generator.php:743
    739Γûò                 return $this->formatters[$format];
    740Γûò             }
    741Γûò         }
    742Γûò 
  Γ₧£ 743Γûò         throw new \InvalidArgumentException(sprintf('Unknown format "%s"', $format));
    744Γûò     }
    745Γûò 
    746Γûò     /**
    747Γûò      * Replaces tokens ('{{ tokenName }}') with the result from the token method call

  1   vendor\fakerphp\faker\src\Faker\Generator.php:743
  2   vendor\fakerphp\faker\src\Faker\Generator.php:708

  ΓöÇΓöÇΓöÇΓöÇΓöÇΓöÇΓöÇΓöÇΓöÇΓöÇΓöÇΓöÇΓöÇΓöÇΓöÇΓöÇΓöÇΓöÇΓöÇΓöÇΓöÇΓöÇΓöÇΓöÇΓöÇΓöÇΓöÇΓöÇΓöÇΓöÇΓöÇΓöÇΓöÇΓöÇΓöÇΓöÇΓöÇΓöÇΓöÇΓöÇΓöÇΓöÇΓöÇΓöÇΓöÇΓöÇΓöÇΓöÇΓöÇΓöÇΓöÇΓöÇΓöÇΓöÇΓöÇΓöÇΓöÇΓöÇΓöÇΓöÇΓöÇΓöÇΓöÇΓöÇΓöÇΓöÇΓöÇΓöÇΓöÇΓöÇΓöÇΓöÇΓöÇΓöÇΓöÇΓöÇΓöÇΓöÇΓöÇΓöÇΓöÇΓöÇΓöÇΓöÇΓöÇΓöÇΓöÇΓöÇΓöÇΓöÇΓöÇΓöÇΓöÇΓöÇΓöÇΓöÇΓöÇΓöÇΓöÇΓöÇΓöÇΓöÇΓöÇΓöÇΓöÇΓöÇΓöÇΓöÇΓöÇΓöÇΓöÇΓöÇΓöÇΓöÇΓöÇΓöÇΓöÇΓöÇΓöÇΓöÇΓöÇΓöÇΓöÇΓöÇΓöÇΓöÇΓöÇΓöÇΓöÇΓöÇΓöÇΓöÇΓöÇΓöÇΓöÇΓöÇ  
   FAILED  Tests\Feature\AttendanceTest > `Attendance System` ΓåÆ `Attendance Records` ΓåÆ it retrieves attendanceΓÇª  InvalidArgumentException   
  Unknown format "dateOfBirth"

  at vendor\fakerphp\faker\src\Faker\Generator.php:743
    739Γûò                 return $this->formatters[$format];
    740Γûò             }
    741Γûò         }
    742Γûò 
  Γ₧£ 743Γûò         throw new \InvalidArgumentException(sprintf('Unknown format "%s"', $format));
    744Γûò     }
    745Γûò 
    746Γûò     /**
    747Γûò      * Replaces tokens ('{{ tokenName }}') with the result from the token method call

  1   vendor\fakerphp\faker\src\Faker\Generator.php:743
  2   vendor\fakerphp\faker\src\Faker\Generator.php:708

  ΓöÇΓöÇΓöÇΓöÇΓöÇΓöÇΓöÇΓöÇΓöÇΓöÇΓöÇΓöÇΓöÇΓöÇΓöÇΓöÇΓöÇΓöÇΓöÇΓöÇΓöÇΓöÇΓöÇΓöÇΓöÇΓöÇΓöÇΓöÇΓöÇΓöÇΓöÇΓöÇΓöÇΓöÇΓöÇΓöÇΓöÇΓöÇΓöÇΓöÇΓöÇΓöÇΓöÇΓöÇΓöÇΓöÇΓöÇΓöÇΓöÇΓöÇΓöÇΓöÇΓöÇΓöÇΓöÇΓöÇΓöÇΓöÇΓöÇΓöÇΓöÇΓöÇΓöÇΓöÇΓöÇΓöÇΓöÇΓöÇΓöÇΓöÇΓöÇΓöÇΓöÇΓöÇΓöÇΓöÇΓöÇΓöÇΓöÇΓöÇΓöÇΓöÇΓöÇΓöÇΓöÇΓöÇΓöÇΓöÇΓöÇΓöÇΓöÇΓöÇΓöÇΓöÇΓöÇΓöÇΓöÇΓöÇΓöÇΓöÇΓöÇΓöÇΓöÇΓöÇΓöÇΓöÇΓöÇΓöÇΓöÇΓöÇΓöÇΓöÇΓöÇΓöÇΓöÇΓöÇΓöÇΓöÇΓöÇΓöÇΓöÇΓöÇΓöÇΓöÇΓöÇΓöÇΓöÇΓöÇΓöÇΓöÇΓöÇΓöÇΓöÇΓöÇΓöÇΓöÇ  
   FAILED  Tests\Feature\AttendanceTest > `Attendance System` ΓåÆ `Attendance Records` ΓåÆ it teacher can view class attendance report          
  Expected response status code [200] but received 404.
Failed asserting that 404 is identical to 200.

  at tests\Feature\AttendanceTest.php:75
     71Γûò 
     72Γûò             $response = $this->actingAs($teacher)
     73Γûò                 ->get("/api/class/{$class->id}/attendance");
     74Γûò 
  Γ₧£  75Γûò             $response->assertStatus(200);
     76Γûò         });
     77Γûò     });
     78Γûò 
     79Γûò     describe('Signature Approval', function () {

  ΓöÇΓöÇΓöÇΓöÇΓöÇΓöÇΓöÇΓöÇΓöÇΓöÇΓöÇΓöÇΓöÇΓöÇΓöÇΓöÇΓöÇΓöÇΓöÇΓöÇΓöÇΓöÇΓöÇΓöÇΓöÇΓöÇΓöÇΓöÇΓöÇΓöÇΓöÇΓöÇΓöÇΓöÇΓöÇΓöÇΓöÇΓöÇΓöÇΓöÇΓöÇΓöÇΓöÇΓöÇΓöÇΓöÇΓöÇΓöÇΓöÇΓöÇΓöÇΓöÇΓöÇΓöÇΓöÇΓöÇΓöÇΓöÇΓöÇΓöÇΓöÇΓöÇΓöÇΓöÇΓöÇΓöÇΓöÇΓöÇΓöÇΓöÇΓöÇΓöÇΓöÇΓöÇΓöÇΓöÇΓöÇΓöÇΓöÇΓöÇΓöÇΓöÇΓöÇΓöÇΓöÇΓöÇΓöÇΓöÇΓöÇΓöÇΓöÇΓöÇΓöÇΓöÇΓöÇΓöÇΓöÇΓöÇΓöÇΓöÇΓöÇΓöÇΓöÇΓöÇΓöÇΓöÇΓöÇΓöÇΓöÇΓöÇΓöÇΓöÇΓöÇΓöÇΓöÇΓöÇΓöÇΓöÇΓöÇΓöÇΓöÇΓöÇΓöÇΓöÇΓöÇΓöÇΓöÇΓöÇΓöÇΓöÇΓöÇΓöÇΓöÇΓöÇΓöÇΓöÇ  
   FAILED  Tests\Feature\AttendanceTest > `Attendance System` ΓåÆ `Signature Approval` ΓåÆ it admin can approve signΓÇª  BadMethodCallException   
  Call to undefined method App\Models\AttendanceSignature::factory()

  at vendor\laravel\framework\src\Illuminate\Support\Traits\ForwardsCalls.php:67
     63Γûò      * @throws \BadMethodCallException
     64Γûò      */
     65Γûò     protected static function throwBadMethodCallException($method)
     66Γûò     {
  Γ₧£  67Γûò         throw new BadMethodCallException(sprintf(
     68Γûò             'Call to undefined method %s::%s()', static::class, $method
     69Γûò         ));
     70Γûò     }
     71Γûò }

  1   vendor\laravel\framework\src\Illuminate\Support\Traits\ForwardsCalls.php:67
  2   vendor\laravel\framework\src\Illuminate\Support\Traits\ForwardsCalls.php:36

  ΓöÇΓöÇΓöÇΓöÇΓöÇΓöÇΓöÇΓöÇΓöÇΓöÇΓöÇΓöÇΓöÇΓöÇΓöÇΓöÇΓöÇΓöÇΓöÇΓöÇΓöÇΓöÇΓöÇΓöÇΓöÇΓöÇΓöÇΓöÇΓöÇΓöÇΓöÇΓöÇΓöÇΓöÇΓöÇΓöÇΓöÇΓöÇΓöÇΓöÇΓöÇΓöÇΓöÇΓöÇΓöÇΓöÇΓöÇΓöÇΓöÇΓöÇΓöÇΓöÇΓöÇΓöÇΓöÇΓöÇΓöÇΓöÇΓöÇΓöÇΓöÇΓöÇΓöÇΓöÇΓöÇΓöÇΓöÇΓöÇΓöÇΓöÇΓöÇΓöÇΓöÇΓöÇΓöÇΓöÇΓöÇΓöÇΓöÇΓöÇΓöÇΓöÇΓöÇΓöÇΓöÇΓöÇΓöÇΓöÇΓöÇΓöÇΓöÇΓöÇΓöÇΓöÇΓöÇΓöÇΓöÇΓöÇΓöÇΓöÇΓöÇΓöÇΓöÇΓöÇΓöÇΓöÇΓöÇΓöÇΓöÇΓöÇΓöÇΓöÇΓöÇΓöÇΓöÇΓöÇΓöÇΓöÇΓöÇΓöÇΓöÇΓöÇΓöÇΓöÇΓöÇΓöÇΓöÇΓöÇΓöÇΓöÇΓöÇΓöÇΓöÇΓöÇΓöÇΓöÇ  
   FAILED  Tests\Feature\AttendanceTest > `Attendance System` ΓåÆ `Signature Approval` ΓåÆ it admin can reject signaΓÇª  BadMethodCallException   
  Call to undefined method App\Models\AttendanceSignature::factory()

  at vendor\laravel\framework\src\Illuminate\Support\Traits\ForwardsCalls.php:67
     63Γûò      * @throws \BadMethodCallException
     64Γûò      */
     65Γûò     protected static function throwBadMethodCallException($method)
     66Γûò     {
  Γ₧£  67Γûò         throw new BadMethodCallException(sprintf(
     68Γûò             'Call to undefined method %s::%s()', static::class, $method
     69Γûò         ));
     70Γûò     }
     71Γûò }

  1   vendor\laravel\framework\src\Illuminate\Support\Traits\ForwardsCalls.php:67
  2   vendor\laravel\framework\src\Illuminate\Support\Traits\ForwardsCalls.php:36

  ΓöÇΓöÇΓöÇΓöÇΓöÇΓöÇΓöÇΓöÇΓöÇΓöÇΓöÇΓöÇΓöÇΓöÇΓöÇΓöÇΓöÇΓöÇΓöÇΓöÇΓöÇΓöÇΓöÇΓöÇΓöÇΓöÇΓöÇΓöÇΓöÇΓöÇΓöÇΓöÇΓöÇΓöÇΓöÇΓöÇΓöÇΓöÇΓöÇΓöÇΓöÇΓöÇΓöÇΓöÇΓöÇΓöÇΓöÇΓöÇΓöÇΓöÇΓöÇΓöÇΓöÇΓöÇΓöÇΓöÇΓöÇΓöÇΓöÇΓöÇΓöÇΓöÇΓöÇΓöÇΓöÇΓöÇΓöÇΓöÇΓöÇΓöÇΓöÇΓöÇΓöÇΓöÇΓöÇΓöÇΓöÇΓöÇΓöÇΓöÇΓöÇΓöÇΓöÇΓöÇΓöÇΓöÇΓöÇΓöÇΓöÇΓöÇΓöÇΓöÇΓöÇΓöÇΓöÇΓöÇΓöÇΓöÇΓöÇΓöÇΓöÇΓöÇΓöÇΓöÇΓöÇΓöÇΓöÇΓöÇΓöÇΓöÇΓöÇΓöÇΓöÇΓöÇΓöÇΓöÇΓöÇΓöÇΓöÇΓöÇΓöÇΓöÇΓöÇΓöÇΓöÇΓöÇΓöÇΓöÇΓöÇΓöÇΓöÇΓöÇΓöÇΓöÇΓöÇΓöÇ  
   FAILED  Tests\Feature\AttendanceTest > `Attendance System` ΓåÆ `Attendance Statistics` ΓåÆ it calculates studenΓÇª  InvalidArgumentException   
  Unknown format "dateOfBirth"

  at vendor\fakerphp\faker\src\Faker\Generator.php:743
    739Γûò                 return $this->formatters[$format];
    740Γûò             }
    741Γûò         }
    742Γûò 
  Γ₧£ 743Γûò         throw new \InvalidArgumentException(sprintf('Unknown format "%s"', $format));
    744Γûò     }
    745Γûò 
    746Γûò     /**
    747Γûò      * Replaces tokens ('{{ tokenName }}') with the result from the token method call

  1   vendor\fakerphp\faker\src\Faker\Generator.php:743
  2   vendor\fakerphp\faker\src\Faker\Generator.php:708

  ΓöÇΓöÇΓöÇΓöÇΓöÇΓöÇΓöÇΓöÇΓöÇΓöÇΓöÇΓöÇΓöÇΓöÇΓöÇΓöÇΓöÇΓöÇΓöÇΓöÇΓöÇΓöÇΓöÇΓöÇΓöÇΓöÇΓöÇΓöÇΓöÇΓöÇΓöÇΓöÇΓöÇΓöÇΓöÇΓöÇΓöÇΓöÇΓöÇΓöÇΓöÇΓöÇΓöÇΓöÇΓöÇΓöÇΓöÇΓöÇΓöÇΓöÇΓöÇΓöÇΓöÇΓöÇΓöÇΓöÇΓöÇΓöÇΓöÇΓöÇΓöÇΓöÇΓöÇΓöÇΓöÇΓöÇΓöÇΓöÇΓöÇΓöÇΓöÇΓöÇΓöÇΓöÇΓöÇΓöÇΓöÇΓöÇΓöÇΓöÇΓöÇΓöÇΓöÇΓöÇΓöÇΓöÇΓöÇΓöÇΓöÇΓöÇΓöÇΓöÇΓöÇΓöÇΓöÇΓöÇΓöÇΓöÇΓöÇΓöÇΓöÇΓöÇΓöÇΓöÇΓöÇΓöÇΓöÇΓöÇΓöÇΓöÇΓöÇΓöÇΓöÇΓöÇΓöÇΓöÇΓöÇΓöÇΓöÇΓöÇΓöÇΓöÇΓöÇΓöÇΓöÇΓöÇΓöÇΓöÇΓöÇΓöÇΓöÇΓöÇΓöÇΓöÇΓöÇΓöÇ  
   FAILED  Tests\Feature\AuthenticationTest > `Authentication System` ΓåÆ `Login` ΓåÆ it rejects invalid credentials                            
  Session is missing expected key [errors].
Failed asserting that false is true.

  at tests\Feature\AuthenticationTest.php:34
     30Γûò                 'email' => 'nonexistent@example.com',
     31Γûò                 'password' => 'wrongpassword',
     32Γûò             ]);
     33Γûò 
  Γ₧£  34Γûò             $response->assertSessionHasErrors();
     35Γûò             $this->assertGuest();
     36Γûò         });
     37Γûò 
     38Γûò         it('requires email and password', function () {

  ΓöÇΓöÇΓöÇΓöÇΓöÇΓöÇΓöÇΓöÇΓöÇΓöÇΓöÇΓöÇΓöÇΓöÇΓöÇΓöÇΓöÇΓöÇΓöÇΓöÇΓöÇΓöÇΓöÇΓöÇΓöÇΓöÇΓöÇΓöÇΓöÇΓöÇΓöÇΓöÇΓöÇΓöÇΓöÇΓöÇΓöÇΓöÇΓöÇΓöÇΓöÇΓöÇΓöÇΓöÇΓöÇΓöÇΓöÇΓöÇΓöÇΓöÇΓöÇΓöÇΓöÇΓöÇΓöÇΓöÇΓöÇΓöÇΓöÇΓöÇΓöÇΓöÇΓöÇΓöÇΓöÇΓöÇΓöÇΓöÇΓöÇΓöÇΓöÇΓöÇΓöÇΓöÇΓöÇΓöÇΓöÇΓöÇΓöÇΓöÇΓöÇΓöÇΓöÇΓöÇΓöÇΓöÇΓöÇΓöÇΓöÇΓöÇΓöÇΓöÇΓöÇΓöÇΓöÇΓöÇΓöÇΓöÇΓöÇΓöÇΓöÇΓöÇΓöÇΓöÇΓöÇΓöÇΓöÇΓöÇΓöÇΓöÇΓöÇΓöÇΓöÇΓöÇΓöÇΓöÇΓöÇΓöÇΓöÇΓöÇΓöÇΓöÇΓöÇΓöÇΓöÇΓöÇΓöÇΓöÇΓöÇΓöÇΓöÇΓöÇΓöÇΓöÇΓöÇΓöÇ  
   FAILED  Tests\Feature\AuthenticationTest > `Authentication System` ΓåÆ `Logout` ΓåÆ it logs user out successfully                            
  Expected response status code [201, 301, 302, 303, 307, 308] but received 405.
Failed asserting that false is true.

  at tests\Feature\AuthenticationTest.php:53
     49Γûò             ]);
     50Γûò 
     51Γûò             $this->actingAs($user)
     52Γûò                 ->post('/logout')
  Γ₧£  53Γûò                 ->assertRedirect('/');
     54Γûò 
     55Γûò             $this->assertGuest();
     56Γûò         });
     57Γûò     });

  ΓöÇΓöÇΓöÇΓöÇΓöÇΓöÇΓöÇΓöÇΓöÇΓöÇΓöÇΓöÇΓöÇΓöÇΓöÇΓöÇΓöÇΓöÇΓöÇΓöÇΓöÇΓöÇΓöÇΓöÇΓöÇΓöÇΓöÇΓöÇΓöÇΓöÇΓöÇΓöÇΓöÇΓöÇΓöÇΓöÇΓöÇΓöÇΓöÇΓöÇΓöÇΓöÇΓöÇΓöÇΓöÇΓöÇΓöÇΓöÇΓöÇΓöÇΓöÇΓöÇΓöÇΓöÇΓöÇΓöÇΓöÇΓöÇΓöÇΓöÇΓöÇΓöÇΓöÇΓöÇΓöÇΓöÇΓöÇΓöÇΓöÇΓöÇΓöÇΓöÇΓöÇΓöÇΓöÇΓöÇΓöÇΓöÇΓöÇΓöÇΓöÇΓöÇΓöÇΓöÇΓöÇΓöÇΓöÇΓöÇΓöÇΓöÇΓöÇΓöÇΓöÇΓöÇΓöÇΓöÇΓöÇΓöÇΓöÇΓöÇΓöÇΓöÇΓöÇΓöÇΓöÇΓöÇΓöÇΓöÇΓöÇΓöÇΓöÇΓöÇΓöÇΓöÇΓöÇΓöÇΓöÇΓöÇΓöÇΓöÇΓöÇΓöÇΓöÇΓöÇΓöÇΓöÇΓöÇΓöÇΓöÇΓöÇΓöÇΓöÇΓöÇΓöÇΓöÇΓöÇ  
   FAILED  Tests\Feature\AuthenticationTest > `Authentication System` ΓåÆ `User Registration` ΓåÆ it registers new user with valid data         
  Failed asserting that a row in the table [users] matches the attributes {
    "email": "john@example.com",
    "name": "John Doe",
    "role": "student"
}.

The table is empty.

  at tests\Feature\AuthenticationTest.php:74
     70Γûò                 'password_confirmation' => 'Password123!',
     71Γûò                 'role' => 'student',
     72Γûò             ]);
     73Γûò 
  Γ₧£  74Γûò             $this->assertDatabaseHas('users', [
     75Γûò                 'email' => 'john@example.com',
     76Γûò                 'name' => 'John Doe',
     77Γûò                 'role' => 'student',
     78Γûò             ]);

  ΓöÇΓöÇΓöÇΓöÇΓöÇΓöÇΓöÇΓöÇΓöÇΓöÇΓöÇΓöÇΓöÇΓöÇΓöÇΓöÇΓöÇΓöÇΓöÇΓöÇΓöÇΓöÇΓöÇΓöÇΓöÇΓöÇΓöÇΓöÇΓöÇΓöÇΓöÇΓöÇΓöÇΓöÇΓöÇΓöÇΓöÇΓöÇΓöÇΓöÇΓöÇΓöÇΓöÇΓöÇΓöÇΓöÇΓöÇΓöÇΓöÇΓöÇΓöÇΓöÇΓöÇΓöÇΓöÇΓöÇΓöÇΓöÇΓöÇΓöÇΓöÇΓöÇΓöÇΓöÇΓöÇΓöÇΓöÇΓöÇΓöÇΓöÇΓöÇΓöÇΓöÇΓöÇΓöÇΓöÇΓöÇΓöÇΓöÇΓöÇΓöÇΓöÇΓöÇΓöÇΓöÇΓöÇΓöÇΓöÇΓöÇΓöÇΓöÇΓöÇΓöÇΓöÇΓöÇΓöÇΓöÇΓöÇΓöÇΓöÇΓöÇΓöÇΓöÇΓöÇΓöÇΓöÇΓöÇΓöÇΓöÇΓöÇΓöÇΓöÇΓöÇΓöÇΓöÇΓöÇΓöÇΓöÇΓöÇΓöÇΓöÇΓöÇΓöÇΓöÇΓöÇΓöÇΓöÇΓöÇΓöÇΓöÇΓöÇΓöÇΓöÇΓöÇΓöÇΓöÇ  
   FAILED  Tests\Feature\AuthenticationTest > `Authentication System` ΓåÆ `Role-based Access Control` ΓåÆ it teacher can access teacher dashΓÇª   
  Expected response status code [200] but received 404.
Failed asserting that 404 is identical to 200.

  at tests\Feature\AuthenticationTest.php:100
     96Γûò 
     97Γûò             $response = $this->actingAs($teacher)
     98Γûò                 ->get('/dashboard');
     99Γûò 
  Γ₧£ 100Γûò             $response->assertStatus(200);
    101Γûò         });
    102Γûò 
    103Γûò         it('student can access student dashboard', function () {
    104Γûò             $student = User::factory()->create(['role' => 'student']);

  ΓöÇΓöÇΓöÇΓöÇΓöÇΓöÇΓöÇΓöÇΓöÇΓöÇΓöÇΓöÇΓöÇΓöÇΓöÇΓöÇΓöÇΓöÇΓöÇΓöÇΓöÇΓöÇΓöÇΓöÇΓöÇΓöÇΓöÇΓöÇΓöÇΓöÇΓöÇΓöÇΓöÇΓöÇΓöÇΓöÇΓöÇΓöÇΓöÇΓöÇΓöÇΓöÇΓöÇΓöÇΓöÇΓöÇΓöÇΓöÇΓöÇΓöÇΓöÇΓöÇΓöÇΓöÇΓöÇΓöÇΓöÇΓöÇΓöÇΓöÇΓöÇΓöÇΓöÇΓöÇΓöÇΓöÇΓöÇΓöÇΓöÇΓöÇΓöÇΓöÇΓöÇΓöÇΓöÇΓöÇΓöÇΓöÇΓöÇΓöÇΓöÇΓöÇΓöÇΓöÇΓöÇΓöÇΓöÇΓöÇΓöÇΓöÇΓöÇΓöÇΓöÇΓöÇΓöÇΓöÇΓöÇΓöÇΓöÇΓöÇΓöÇΓöÇΓöÇΓöÇΓöÇΓöÇΓöÇΓöÇΓöÇΓöÇΓöÇΓöÇΓöÇΓöÇΓöÇΓöÇΓöÇΓöÇΓöÇΓöÇΓöÇΓöÇΓöÇΓöÇΓöÇΓöÇΓöÇΓöÇΓöÇΓöÇΓöÇΓöÇΓöÇΓöÇΓöÇΓöÇ  
   FAILED  Tests\Feature\AuthenticationTest > `Authentication System` ΓåÆ `Role-based Access Control` ΓåÆ it student can access student dashΓÇª   
  Expected response status code [200] but received 404.
Failed asserting that 404 is identical to 200.

  at tests\Feature\AuthenticationTest.php:109
    105Γûò 
    106Γûò             $response = $this->actingAs($student)
    107Γûò                 ->get('/dashboard');
    108Γûò 
  Γ₧£ 109Γûò             $response->assertStatus(200);
    110Γûò         });
    111Γûò 
    112Γûò         it('admin can access admin panel', function () {
    113Γûò             $admin = User::factory()->create(['role' => 'admin']);

  ΓöÇΓöÇΓöÇΓöÇΓöÇΓöÇΓöÇΓöÇΓöÇΓöÇΓöÇΓöÇΓöÇΓöÇΓöÇΓöÇΓöÇΓöÇΓöÇΓöÇΓöÇΓöÇΓöÇΓöÇΓöÇΓöÇΓöÇΓöÇΓöÇΓöÇΓöÇΓöÇΓöÇΓöÇΓöÇΓöÇΓöÇΓöÇΓöÇΓöÇΓöÇΓöÇΓöÇΓöÇΓöÇΓöÇΓöÇΓöÇΓöÇΓöÇΓöÇΓöÇΓöÇΓöÇΓöÇΓöÇΓöÇΓöÇΓöÇΓöÇΓöÇΓöÇΓöÇΓöÇΓöÇΓöÇΓöÇΓöÇΓöÇΓöÇΓöÇΓöÇΓöÇΓöÇΓöÇΓöÇΓöÇΓöÇΓöÇΓöÇΓöÇΓöÇΓöÇΓöÇΓöÇΓöÇΓöÇΓöÇΓöÇΓöÇΓöÇΓöÇΓöÇΓöÇΓöÇΓöÇΓöÇΓöÇΓöÇΓöÇΓöÇΓöÇΓöÇΓöÇΓöÇΓöÇΓöÇΓöÇΓöÇΓöÇΓöÇΓöÇΓöÇΓöÇΓöÇΓöÇΓöÇΓöÇΓöÇΓöÇΓöÇΓöÇΓöÇΓöÇΓöÇΓöÇΓöÇΓöÇΓöÇΓöÇΓöÇΓöÇΓöÇΓöÇΓöÇΓöÇ  
   FAILED  Tests\Feature\AuthenticationTest > `Authentication System` ΓåÆ `Role-based Access Control` ΓåÆ it admin can access admin panel       
  Expected response status code [200] but received 404.
Failed asserting that 404 is identical to 200.

  at tests\Feature\AuthenticationTest.php:118
    114Γûò 
    115Γûò             $response = $this->actingAs($admin)
    116Γûò                 ->get('/admin');
    117Γûò 
  Γ₧£ 118Γûò             $response->assertStatus(200);
    119Γûò         });
    120Γûò 
    121Γûò         it('prevents unauthorized access to admin panel', function () {
    122Γûò             $student = User::factory()->create(['role' => 'student']);

  ΓöÇΓöÇΓöÇΓöÇΓöÇΓöÇΓöÇΓöÇΓöÇΓöÇΓöÇΓöÇΓöÇΓöÇΓöÇΓöÇΓöÇΓöÇΓöÇΓöÇΓöÇΓöÇΓöÇΓöÇΓöÇΓöÇΓöÇΓöÇΓöÇΓöÇΓöÇΓöÇΓöÇΓöÇΓöÇΓöÇΓöÇΓöÇΓöÇΓöÇΓöÇΓöÇΓöÇΓöÇΓöÇΓöÇΓöÇΓöÇΓöÇΓöÇΓöÇΓöÇΓöÇΓöÇΓöÇΓöÇΓöÇΓöÇΓöÇΓöÇΓöÇΓöÇΓöÇΓöÇΓöÇΓöÇΓöÇΓöÇΓöÇΓöÇΓöÇΓöÇΓöÇΓöÇΓöÇΓöÇΓöÇΓöÇΓöÇΓöÇΓöÇΓöÇΓöÇΓöÇΓöÇΓöÇΓöÇΓöÇΓöÇΓöÇΓöÇΓöÇΓöÇΓöÇΓöÇΓöÇΓöÇΓöÇΓöÇΓöÇΓöÇΓöÇΓöÇΓöÇΓöÇΓöÇΓöÇΓöÇΓöÇΓöÇΓöÇΓöÇΓöÇΓöÇΓöÇΓöÇΓöÇΓöÇΓöÇΓöÇΓöÇΓöÇΓöÇΓöÇΓöÇΓöÇΓöÇΓöÇΓöÇΓöÇΓöÇΓöÇΓöÇΓöÇΓöÇΓöÇ  
   FAILED  Tests\Feature\AuthenticationTest > `Authentication System` ΓåÆ `Role-based Access Control` ΓåÆ it prevents unauthorized access toΓÇª   
  Expected response status code [403] but received 404.
Failed asserting that 404 is identical to 403.

  at tests\Feature\AuthenticationTest.php:127
    123Γûò 
    124Γûò             $response = $this->actingAs($student)
    125Γûò                 ->get('/admin');
    126Γûò 
  Γ₧£ 127Γûò             $response->assertStatus(403);
    128Γûò         });
    129Γûò     });
    130Γûò });
    131Γûò

  ΓöÇΓöÇΓöÇΓöÇΓöÇΓöÇΓöÇΓöÇΓöÇΓöÇΓöÇΓöÇΓöÇΓöÇΓöÇΓöÇΓöÇΓöÇΓöÇΓöÇΓöÇΓöÇΓöÇΓöÇΓöÇΓöÇΓöÇΓöÇΓöÇΓöÇΓöÇΓöÇΓöÇΓöÇΓöÇΓöÇΓöÇΓöÇΓöÇΓöÇΓöÇΓöÇΓöÇΓöÇΓöÇΓöÇΓöÇΓöÇΓöÇΓöÇΓöÇΓöÇΓöÇΓöÇΓöÇΓöÇΓöÇΓöÇΓöÇΓöÇΓöÇΓöÇΓöÇΓöÇΓöÇΓöÇΓöÇΓöÇΓöÇΓöÇΓöÇΓöÇΓöÇΓöÇΓöÇΓöÇΓöÇΓöÇΓöÇΓöÇΓöÇΓöÇΓöÇΓöÇΓöÇΓöÇΓöÇΓöÇΓöÇΓöÇΓöÇΓöÇΓöÇΓöÇΓöÇΓöÇΓöÇΓöÇΓöÇΓöÇΓöÇΓöÇΓöÇΓöÇΓöÇΓöÇΓöÇΓöÇΓöÇΓöÇΓöÇΓöÇΓöÇΓöÇΓöÇΓöÇΓöÇΓöÇΓöÇΓöÇΓöÇΓöÇΓöÇΓöÇΓöÇΓöÇΓöÇΓöÇΓöÇΓöÇΓöÇΓöÇΓöÇΓöÇΓöÇΓöÇ  
   FAILED  Tests\Feature\ComponentManagementTest > get components for class                                                QueryException   
  SQLSTATE[42S22]: Column not found: 1054 Unknown column 'term' in 'field list' (Connection: mysql, Host: 127.0.0.1, Port: 3306, Database: edutrack_db, SQL: insert into `assessment_components` (`class_id`, `term`, `name`, `category`, `max_score`, `weight`, `sort_order`, `entry_mode`, `is_active`, `updated_at`, `created_at`) values (60, midterm, illum, Skills, 97, 58, 8, automated, 1, 2026-04-08 14:44:06, 2026-04-08 14:44:06))

  at vendor\laravel\framework\src\Illuminate\Database\MySqlConnection.php:47
     43Γûò             if ($this->pretending()) {
     44Γûò                 return true;
     45Γûò             }
     46Γûò 
  Γ₧£  47Γûò             $statement = $this->getPdo()->prepare($query);
     48Γûò 
     49Γûò             $this->bindValues($statement, $this->prepareBindings($bindings));
     50Γûò 
     51Γûò             $this->recordsHaveBeenModified();

  1   vendor\laravel\framework\src\Illuminate\Database\MySqlConnection.php:47
  2   vendor\laravel\framework\src\Illuminate\Database\Connection.php:827

  ΓöÇΓöÇΓöÇΓöÇΓöÇΓöÇΓöÇΓöÇΓöÇΓöÇΓöÇΓöÇΓöÇΓöÇΓöÇΓöÇΓöÇΓöÇΓöÇΓöÇΓöÇΓöÇΓöÇΓöÇΓöÇΓöÇΓöÇΓöÇΓöÇΓöÇΓöÇΓöÇΓöÇΓöÇΓöÇΓöÇΓöÇΓöÇΓöÇΓöÇΓöÇΓöÇΓöÇΓöÇΓöÇΓöÇΓöÇΓöÇΓöÇΓöÇΓöÇΓöÇΓöÇΓöÇΓöÇΓöÇΓöÇΓöÇΓöÇΓöÇΓöÇΓöÇΓöÇΓöÇΓöÇΓöÇΓöÇΓöÇΓöÇΓöÇΓöÇΓöÇΓöÇΓöÇΓöÇΓöÇΓöÇΓöÇΓöÇΓöÇΓöÇΓöÇΓöÇΓöÇΓöÇΓöÇΓöÇΓöÇΓöÇΓöÇΓöÇΓöÇΓöÇΓöÇΓöÇΓöÇΓöÇΓöÇΓöÇΓöÇΓöÇΓöÇΓöÇΓöÇΓöÇΓöÇΓöÇΓöÇΓöÇΓöÇΓöÇΓöÇΓöÇΓöÇΓöÇΓöÇΓöÇΓöÇΓöÇΓöÇΓöÇΓöÇΓöÇΓöÇΓöÇΓöÇΓöÇΓöÇΓöÇΓöÇΓöÇΓöÇΓöÇΓöÇΓöÇΓöÇ  
   FAILED  Tests\Feature\ComponentManagementTest > add component                                                                            
  Expected response status code [201] but received 302.
Failed asserting that 302 is identical to 201.

The following errors occurred during the last request:

The subcategory field is required.

  at tests\Feature\ComponentManagementTest.php:85
     81Γûò             'weight' => 25,
     82Γûò             'term' => 'midterm',
     83Γûò         ]);
     84Γûò 
  Γ₧£  85Γûò         $response->assertStatus(201);
     86Γûò         $this->assertDatabaseHas('assessment_components', [
     87Γûò             'class_id' => $this->class->id,
     88Γûò             'name' => 'New Assignment',
     89Γûò             'category' => 'Knowledge',

  ΓöÇΓöÇΓöÇΓöÇΓöÇΓöÇΓöÇΓöÇΓöÇΓöÇΓöÇΓöÇΓöÇΓöÇΓöÇΓöÇΓöÇΓöÇΓöÇΓöÇΓöÇΓöÇΓöÇΓöÇΓöÇΓöÇΓöÇΓöÇΓöÇΓöÇΓöÇΓöÇΓöÇΓöÇΓöÇΓöÇΓöÇΓöÇΓöÇΓöÇΓöÇΓöÇΓöÇΓöÇΓöÇΓöÇΓöÇΓöÇΓöÇΓöÇΓöÇΓöÇΓöÇΓöÇΓöÇΓöÇΓöÇΓöÇΓöÇΓöÇΓöÇΓöÇΓöÇΓöÇΓöÇΓöÇΓöÇΓöÇΓöÇΓöÇΓöÇΓöÇΓöÇΓöÇΓöÇΓöÇΓöÇΓöÇΓöÇΓöÇΓöÇΓöÇΓöÇΓöÇΓöÇΓöÇΓöÇΓöÇΓöÇΓöÇΓöÇΓöÇΓöÇΓöÇΓöÇΓöÇΓöÇΓöÇΓöÇΓöÇΓöÇΓöÇΓöÇΓöÇΓöÇΓöÇΓöÇΓöÇΓöÇΓöÇΓöÇΓöÇΓöÇΓöÇΓöÇΓöÇΓöÇΓöÇΓöÇΓöÇΓöÇΓöÇΓöÇΓöÇΓöÇΓöÇΓöÇΓöÇΓöÇΓöÇΓöÇΓöÇΓöÇΓöÇΓöÇΓöÇ  
   FAILED  Tests\Feature\ComponentManagementTest > add component with auto weight                                          QueryException   
  SQLSTATE[42S22]: Column not found: 1054 Unknown column 'term' in 'field list' (Connection: mysql, Host: 127.0.0.1, Port: 3306, Database: edutrack_db, SQL: insert into `assessment_components` (`class_id`, `term`, `name`, `category`, `max_score`, `weight`, `sort_order`, `entry_mode`, `is_active`, `updated_at`, `created_at`) values (62, midterm, voluptatem, Knowledge, 60, 37.5, 3, manual, 1, 2026-04-08 14:44:06, 2026-04-08 14:44:06))

  at vendor\laravel\framework\src\Illuminate\Database\MySqlConnection.php:47
     43Γûò             if ($this->pretending()) {
     44Γûò                 return true;
     45Γûò             }
     46Γûò 
  Γ₧£  47Γûò             $statement = $this->getPdo()->prepare($query);
     48Γûò 
     49Γûò             $this->bindValues($statement, $this->prepareBindings($bindings));
     50Γûò 
     51Γûò             $this->recordsHaveBeenModified();

  1   vendor\laravel\framework\src\Illuminate\Database\MySqlConnection.php:47
  2   vendor\laravel\framework\src\Illuminate\Database\Connection.php:827

  ΓöÇΓöÇΓöÇΓöÇΓöÇΓöÇΓöÇΓöÇΓöÇΓöÇΓöÇΓöÇΓöÇΓöÇΓöÇΓöÇΓöÇΓöÇΓöÇΓöÇΓöÇΓöÇΓöÇΓöÇΓöÇΓöÇΓöÇΓöÇΓöÇΓöÇΓöÇΓöÇΓöÇΓöÇΓöÇΓöÇΓöÇΓöÇΓöÇΓöÇΓöÇΓöÇΓöÇΓöÇΓöÇΓöÇΓöÇΓöÇΓöÇΓöÇΓöÇΓöÇΓöÇΓöÇΓöÇΓöÇΓöÇΓöÇΓöÇΓöÇΓöÇΓöÇΓöÇΓöÇΓöÇΓöÇΓöÇΓöÇΓöÇΓöÇΓöÇΓöÇΓöÇΓöÇΓöÇΓöÇΓöÇΓöÇΓöÇΓöÇΓöÇΓöÇΓöÇΓöÇΓöÇΓöÇΓöÇΓöÇΓöÇΓöÇΓöÇΓöÇΓöÇΓöÇΓöÇΓöÇΓöÇΓöÇΓöÇΓöÇΓöÇΓöÇΓöÇΓöÇΓöÇΓöÇΓöÇΓöÇΓöÇΓöÇΓöÇΓöÇΓöÇΓöÇΓöÇΓöÇΓöÇΓöÇΓöÇΓöÇΓöÇΓöÇΓöÇΓöÇΓöÇΓöÇΓöÇΓöÇΓöÇΓöÇΓöÇΓöÇΓöÇΓöÇΓöÇΓöÇ  
   FAILED  Tests\Feature\ComponentManagementTest > edit component                                                          QueryException   
  SQLSTATE[42S22]: Column not found: 1054 Unknown column 'term' in 'field list' (Connection: mysql, Host: 127.0.0.1, Port: 3306, Database: edutrack_db, SQL: insert into `assessment_components` (`class_id`, `term`, `name`, `category`, `max_score`, `weight`, `sort_order`, `entry_mode`, `is_active`, `updated_at`, `created_at`) values (63, general, Original Name, Knowledge, 100, 19, 13, automated, 1, 2026-04-08 14:44:07, 2026-04-08 14:44:07))

  at vendor\laravel\framework\src\Illuminate\Database\MySqlConnection.php:47
     43Γûò             if ($this->pretending()) {
     44Γûò                 return true;
     45Γûò             }
     46Γûò 
  Γ₧£  47Γûò             $statement = $this->getPdo()->prepare($query);
     48Γûò 
     49Γûò             $this->bindValues($statement, $this->prepareBindings($bindings));
     50Γûò 
     51Γûò             $this->recordsHaveBeenModified();

  1   vendor\laravel\framework\src\Illuminate\Database\MySqlConnection.php:47
  2   vendor\laravel\framework\src\Illuminate\Database\Connection.php:827

  ΓöÇΓöÇΓöÇΓöÇΓöÇΓöÇΓöÇΓöÇΓöÇΓöÇΓöÇΓöÇΓöÇΓöÇΓöÇΓöÇΓöÇΓöÇΓöÇΓöÇΓöÇΓöÇΓöÇΓöÇΓöÇΓöÇΓöÇΓöÇΓöÇΓöÇΓöÇΓöÇΓöÇΓöÇΓöÇΓöÇΓöÇΓöÇΓöÇΓöÇΓöÇΓöÇΓöÇΓöÇΓöÇΓöÇΓöÇΓöÇΓöÇΓöÇΓöÇΓöÇΓöÇΓöÇΓöÇΓöÇΓöÇΓöÇΓöÇΓöÇΓöÇΓöÇΓöÇΓöÇΓöÇΓöÇΓöÇΓöÇΓöÇΓöÇΓöÇΓöÇΓöÇΓöÇΓöÇΓöÇΓöÇΓöÇΓöÇΓöÇΓöÇΓöÇΓöÇΓöÇΓöÇΓöÇΓöÇΓöÇΓöÇΓöÇΓöÇΓöÇΓöÇΓöÇΓöÇΓöÇΓöÇΓöÇΓöÇΓöÇΓöÇΓöÇΓöÇΓöÇΓöÇΓöÇΓöÇΓöÇΓöÇΓöÇΓöÇΓöÇΓöÇΓöÇΓöÇΓöÇΓöÇΓöÇΓöÇΓöÇΓöÇΓöÇΓöÇΓöÇΓöÇΓöÇΓöÇΓöÇΓöÇΓöÇΓöÇΓöÇΓöÇΓöÇΓöÇΓöÇ  
   FAILED  Tests\Feature\ComponentManagementTest > edit component weight redistribution                                    QueryException   
  SQLSTATE[42S22]: Column not found: 1054 Unknown column 'term' in 'field list' (Connection: mysql, Host: 127.0.0.1, Port: 3306, Database: edutrack_db, SQL: insert into `assessment_components` (`class_id`, `term`, `name`, `category`, `max_score`, `weight`, `sort_order`, `entry_mode`, `is_active`, `updated_at`, `created_at`) values (64, midterm, est, Knowledge, 12, 50, 13, automated, 1, 2026-04-08 14:44:07, 2026-04-08 14:44:07))

  at vendor\laravel\framework\src\Illuminate\Database\MySqlConnection.php:47
     43Γûò             if ($this->pretending()) {
     44Γûò                 return true;
     45Γûò             }
     46Γûò 
  Γ₧£  47Γûò             $statement = $this->getPdo()->prepare($query);
     48Γûò 
     49Γûò             $this->bindValues($statement, $this->prepareBindings($bindings));
     50Γûò 
     51Γûò             $this->recordsHaveBeenModified();

  1   vendor\laravel\framework\src\Illuminate\Database\MySqlConnection.php:47
  2   vendor\laravel\framework\src\Illuminate\Database\Connection.php:827

  ΓöÇΓöÇΓöÇΓöÇΓöÇΓöÇΓöÇΓöÇΓöÇΓöÇΓöÇΓöÇΓöÇΓöÇΓöÇΓöÇΓöÇΓöÇΓöÇΓöÇΓöÇΓöÇΓöÇΓöÇΓöÇΓöÇΓöÇΓöÇΓöÇΓöÇΓöÇΓöÇΓöÇΓöÇΓöÇΓöÇΓöÇΓöÇΓöÇΓöÇΓöÇΓöÇΓöÇΓöÇΓöÇΓöÇΓöÇΓöÇΓöÇΓöÇΓöÇΓöÇΓöÇΓöÇΓöÇΓöÇΓöÇΓöÇΓöÇΓöÇΓöÇΓöÇΓöÇΓöÇΓöÇΓöÇΓöÇΓöÇΓöÇΓöÇΓöÇΓöÇΓöÇΓöÇΓöÇΓöÇΓöÇΓöÇΓöÇΓöÇΓöÇΓöÇΓöÇΓöÇΓöÇΓöÇΓöÇΓöÇΓöÇΓöÇΓöÇΓöÇΓöÇΓöÇΓöÇΓöÇΓöÇΓöÇΓöÇΓöÇΓöÇΓöÇΓöÇΓöÇΓöÇΓöÇΓöÇΓöÇΓöÇΓöÇΓöÇΓöÇΓöÇΓöÇΓöÇΓöÇΓöÇΓöÇΓöÇΓöÇΓöÇΓöÇΓöÇΓöÇΓöÇΓöÇΓöÇΓöÇΓöÇΓöÇΓöÇΓöÇΓöÇΓöÇΓöÇΓöÇ  
   FAILED  Tests\Feature\ComponentManagementTest > delete component                                                        QueryException   
  SQLSTATE[42S22]: Column not found: 1054 Unknown column 'term' in 'field list' (Connection: mysql, Host: 127.0.0.1, Port: 3306, Database: edutrack_db, SQL: insert into `assessment_components` (`class_id`, `term`, `name`, `category`, `max_score`, `weight`, `sort_order`, `entry_mode`, `is_active`, `updated_at`, `created_at`) values (65, midterm, architecto, Knowledge, 10, 72, 12, manual, 1, 2026-04-08 14:44:07, 2026-04-08 14:44:07))

  at vendor\laravel\framework\src\Illuminate\Database\MySqlConnection.php:47
     43Γûò             if ($this->pretending()) {
     44Γûò                 return true;
     45Γûò             }
     46Γûò 
  Γ₧£  47Γûò             $statement = $this->getPdo()->prepare($query);
     48Γûò 
     49Γûò             $this->bindValues($statement, $this->prepareBindings($bindings));
     50Γûò 
     51Γûò             $this->recordsHaveBeenModified();

  1   vendor\laravel\framework\src\Illuminate\Database\MySqlConnection.php:47
  2   vendor\laravel\framework\src\Illuminate\Database\Connection.php:827

  ΓöÇΓöÇΓöÇΓöÇΓöÇΓöÇΓöÇΓöÇΓöÇΓöÇΓöÇΓöÇΓöÇΓöÇΓöÇΓöÇΓöÇΓöÇΓöÇΓöÇΓöÇΓöÇΓöÇΓöÇΓöÇΓöÇΓöÇΓöÇΓöÇΓöÇΓöÇΓöÇΓöÇΓöÇΓöÇΓöÇΓöÇΓöÇΓöÇΓöÇΓöÇΓöÇΓöÇΓöÇΓöÇΓöÇΓöÇΓöÇΓöÇΓöÇΓöÇΓöÇΓöÇΓöÇΓöÇΓöÇΓöÇΓöÇΓöÇΓöÇΓöÇΓöÇΓöÇΓöÇΓöÇΓöÇΓöÇΓöÇΓöÇΓöÇΓöÇΓöÇΓöÇΓöÇΓöÇΓöÇΓöÇΓöÇΓöÇΓöÇΓöÇΓöÇΓöÇΓöÇΓöÇΓöÇΓöÇΓöÇΓöÇΓöÇΓöÇΓöÇΓöÇΓöÇΓöÇΓöÇΓöÇΓöÇΓöÇΓöÇΓöÇΓöÇΓöÇΓöÇΓöÇΓöÇΓöÇΓöÇΓöÇΓöÇΓöÇΓöÇΓöÇΓöÇΓöÇΓöÇΓöÇΓöÇΓöÇΓöÇΓöÇΓöÇΓöÇΓöÇΓöÇΓöÇΓöÇΓöÇΓöÇΓöÇΓöÇΓöÇΓöÇΓöÇΓöÇΓöÇ  
   FAILED  Tests\Feature\ComponentManagementTest > delete component redistributes weight                                   QueryException   
  SQLSTATE[42S22]: Column not found: 1054 Unknown column 'term' in 'field list' (Connection: mysql, Host: 127.0.0.1, Port: 3306, Database: edutrack_db, SQL: insert into `assessment_components` (`class_id`, `term`, `name`, `category`, `max_score`, `weight`, `sort_order`, `entry_mode`, `is_active`, `updated_at`, `created_at`) values (66, midterm, sit, Knowledge, 32, 33.33, 10, manual, 1, 2026-04-08 14:44:07, 2026-04-08 14:44:07))

  at vendor\laravel\framework\src\Illuminate\Database\MySqlConnection.php:47
     43Γûò             if ($this->pretending()) {
     44Γûò                 return true;
     45Γûò             }
     46Γûò 
  Γ₧£  47Γûò             $statement = $this->getPdo()->prepare($query);
     48Γûò 
     49Γûò             $this->bindValues($statement, $this->prepareBindings($bindings));
     50Γûò 
     51Γûò             $this->recordsHaveBeenModified();

  1   vendor\laravel\framework\src\Illuminate\Database\MySqlConnection.php:47
  2   vendor\laravel\framework\src\Illuminate\Database\Connection.php:827

  ΓöÇΓöÇΓöÇΓöÇΓöÇΓöÇΓöÇΓöÇΓöÇΓöÇΓöÇΓöÇΓöÇΓöÇΓöÇΓöÇΓöÇΓöÇΓöÇΓöÇΓöÇΓöÇΓöÇΓöÇΓöÇΓöÇΓöÇΓöÇΓöÇΓöÇΓöÇΓöÇΓöÇΓöÇΓöÇΓöÇΓöÇΓöÇΓöÇΓöÇΓöÇΓöÇΓöÇΓöÇΓöÇΓöÇΓöÇΓöÇΓöÇΓöÇΓöÇΓöÇΓöÇΓöÇΓöÇΓöÇΓöÇΓöÇΓöÇΓöÇΓöÇΓöÇΓöÇΓöÇΓöÇΓöÇΓöÇΓöÇΓöÇΓöÇΓöÇΓöÇΓöÇΓöÇΓöÇΓöÇΓöÇΓöÇΓöÇΓöÇΓöÇΓöÇΓöÇΓöÇΓöÇΓöÇΓöÇΓöÇΓöÇΓöÇΓöÇΓöÇΓöÇΓöÇΓöÇΓöÇΓöÇΓöÇΓöÇΓöÇΓöÇΓöÇΓöÇΓöÇΓöÇΓöÇΓöÇΓöÇΓöÇΓöÇΓöÇΓöÇΓöÇΓöÇΓöÇΓöÇΓöÇΓöÇΓöÇΓöÇΓöÇΓöÇΓöÇΓöÇΓöÇΓöÇΓöÇΓöÇΓöÇΓöÇΓöÇΓöÇΓöÇΓöÇΓöÇΓöÇ  
   FAILED  Tests\Feature\ComponentManagementTest > delete component cascades entries                                       QueryException   
  SQLSTATE[42S22]: Column not found: 1054 Unknown column 'term' in 'field list' (Connection: mysql, Host: 127.0.0.1, Port: 3306, Database: edutrack_db, SQL: insert into `assessment_components` (`class_id`, `term`, `name`, `category`, `max_score`, `weight`, `sort_order`, `entry_mode`, `is_active`, `updated_at`, `created_at`) values (67, general, voluptatem, Attitude, 35, 28, 2, automated, 1, 2026-04-08 14:44:07, 2026-04-08 14:44:07))

  at vendor\laravel\framework\src\Illuminate\Database\MySqlConnection.php:47
     43Γûò             if ($this->pretending()) {
     44Γûò                 return true;
     45Γûò             }
     46Γûò 
  Γ₧£  47Γûò             $statement = $this->getPdo()->prepare($query);
     48Γûò 
     49Γûò             $this->bindValues($statement, $this->prepareBindings($bindings));
     50Γûò 
     51Γûò             $this->recordsHaveBeenModified();

  1   vendor\laravel\framework\src\Illuminate\Database\MySqlConnection.php:47
  2   vendor\laravel\framework\src\Illuminate\Database\Connection.php:827

  ΓöÇΓöÇΓöÇΓöÇΓöÇΓöÇΓöÇΓöÇΓöÇΓöÇΓöÇΓöÇΓöÇΓöÇΓöÇΓöÇΓöÇΓöÇΓöÇΓöÇΓöÇΓöÇΓöÇΓöÇΓöÇΓöÇΓöÇΓöÇΓöÇΓöÇΓöÇΓöÇΓöÇΓöÇΓöÇΓöÇΓöÇΓöÇΓöÇΓöÇΓöÇΓöÇΓöÇΓöÇΓöÇΓöÇΓöÇΓöÇΓöÇΓöÇΓöÇΓöÇΓöÇΓöÇΓöÇΓöÇΓöÇΓöÇΓöÇΓöÇΓöÇΓöÇΓöÇΓöÇΓöÇΓöÇΓöÇΓöÇΓöÇΓöÇΓöÇΓöÇΓöÇΓöÇΓöÇΓöÇΓöÇΓöÇΓöÇΓöÇΓöÇΓöÇΓöÇΓöÇΓöÇΓöÇΓöÇΓöÇΓöÇΓöÇΓöÇΓöÇΓöÇΓöÇΓöÇΓöÇΓöÇΓöÇΓöÇΓöÇΓöÇΓöÇΓöÇΓöÇΓöÇΓöÇΓöÇΓöÇΓöÇΓöÇΓöÇΓöÇΓöÇΓöÇΓöÇΓöÇΓöÇΓöÇΓöÇΓöÇΓöÇΓöÇΓöÇΓöÇΓöÇΓöÇΓöÇΓöÇΓöÇΓöÇΓöÇΓöÇΓöÇΓöÇΓöÇΓöÇ  
   FAILED  Tests\Feature\ComponentManagementTest > reorder components                                                      QueryException   
  SQLSTATE[42S22]: Column not found: 1054 Unknown column 'term' in 'field list' (Connection: mysql, Host: 127.0.0.1, Port: 3306, Database: edutrack_db, SQL: insert into `assessment_components` (`class_id`, `term`, `name`, `category`, `max_score`, `weight`, `sort_order`, `entry_mode`, `is_active`, `updated_at`, `created_at`) values (68, midterm, unde, Attitude, 100, 61, 1, manual, 1, 2026-04-08 14:44:07, 2026-04-08 14:44:07))

  at vendor\laravel\framework\src\Illuminate\Database\MySqlConnection.php:47
     43Γûò             if ($this->pretending()) {
     44Γûò                 return true;
     45Γûò             }
     46Γûò 
  Γ₧£  47Γûò             $statement = $this->getPdo()->prepare($query);
     48Γûò 
     49Γûò             $this->bindValues($statement, $this->prepareBindings($bindings));
     50Γûò 
     51Γûò             $this->recordsHaveBeenModified();

  1   vendor\laravel\framework\src\Illuminate\Database\MySqlConnection.php:47
  2   vendor\laravel\framework\src\Illuminate\Database\Connection.php:827

  ΓöÇΓöÇΓöÇΓöÇΓöÇΓöÇΓöÇΓöÇΓöÇΓöÇΓöÇΓöÇΓöÇΓöÇΓöÇΓöÇΓöÇΓöÇΓöÇΓöÇΓöÇΓöÇΓöÇΓöÇΓöÇΓöÇΓöÇΓöÇΓöÇΓöÇΓöÇΓöÇΓöÇΓöÇΓöÇΓöÇΓöÇΓöÇΓöÇΓöÇΓöÇΓöÇΓöÇΓöÇΓöÇΓöÇΓöÇΓöÇΓöÇΓöÇΓöÇΓöÇΓöÇΓöÇΓöÇΓöÇΓöÇΓöÇΓöÇΓöÇΓöÇΓöÇΓöÇΓöÇΓöÇΓöÇΓöÇΓöÇΓöÇΓöÇΓöÇΓöÇΓöÇΓöÇΓöÇΓöÇΓöÇΓöÇΓöÇΓöÇΓöÇΓöÇΓöÇΓöÇΓöÇΓöÇΓöÇΓöÇΓöÇΓöÇΓöÇΓöÇΓöÇΓöÇΓöÇΓöÇΓöÇΓöÇΓöÇΓöÇΓöÇΓöÇΓöÇΓöÇΓöÇΓöÇΓöÇΓöÇΓöÇΓöÇΓöÇΓöÇΓöÇΓöÇΓöÇΓöÇΓöÇΓöÇΓöÇΓöÇΓöÇΓöÇΓöÇΓöÇΓöÇΓöÇΓöÇΓöÇΓöÇΓöÇΓöÇΓöÇΓöÇΓöÇΓöÇΓöÇ  
   FAILED  Tests\Feature\ComponentManagementTest > apply component template                                                                 
  Expected response status code [200] but received 302.
Failed asserting that 302 is identical to 200.

The following errors occurred during the last request:

The selected template is invalid.
The category field is required.

  at tests\Feature\ComponentManagementTest.php:321
    317Γûò             'template' => 'standard_ksa', // Standard KSA template
    318Γûò             'term' => 'midterm',
    319Γûò         ]);
    320Γûò 
  Γ₧£ 321Γûò         $response->assertStatus(200);
    322Γûò 
    323Γûò         // Should create Knowledge, Skills, Attitude components
    324Γûò         $this->assertDatabaseHas('assessment_components', [
    325Γûò             'class_id' => $this->class->id,

  ΓöÇΓöÇΓöÇΓöÇΓöÇΓöÇΓöÇΓöÇΓöÇΓöÇΓöÇΓöÇΓöÇΓöÇΓöÇΓöÇΓöÇΓöÇΓöÇΓöÇΓöÇΓöÇΓöÇΓöÇΓöÇΓöÇΓöÇΓöÇΓöÇΓöÇΓöÇΓöÇΓöÇΓöÇΓöÇΓöÇΓöÇΓöÇΓöÇΓöÇΓöÇΓöÇΓöÇΓöÇΓöÇΓöÇΓöÇΓöÇΓöÇΓöÇΓöÇΓöÇΓöÇΓöÇΓöÇΓöÇΓöÇΓöÇΓöÇΓöÇΓöÇΓöÇΓöÇΓöÇΓöÇΓöÇΓöÇΓöÇΓöÇΓöÇΓöÇΓöÇΓöÇΓöÇΓöÇΓöÇΓöÇΓöÇΓöÇΓöÇΓöÇΓöÇΓöÇΓöÇΓöÇΓöÇΓöÇΓöÇΓöÇΓöÇΓöÇΓöÇΓöÇΓöÇΓöÇΓöÇΓöÇΓöÇΓöÇΓöÇΓöÇΓöÇΓöÇΓöÇΓöÇΓöÇΓöÇΓöÇΓöÇΓöÇΓöÇΓöÇΓöÇΓöÇΓöÇΓöÇΓöÇΓöÇΓöÇΓöÇΓöÇΓöÇΓöÇΓöÇΓöÇΓöÇΓöÇΓöÇΓöÇΓöÇΓöÇΓöÇΓöÇΓöÇΓöÇΓöÇ  
   FAILED  Tests\Feature\ComponentManagementTest > component name unique per class term                                    QueryException   
  SQLSTATE[42S22]: Column not found: 1054 Unknown column 'term' in 'field list' (Connection: mysql, Host: 127.0.0.1, Port: 3306, Database: edutrack_db, SQL: insert into `assessment_components` (`class_id`, `term`, `name`, `category`, `max_score`, `weight`, `sort_order`, `entry_mode`, `is_active`, `updated_at`, `created_at`) values (72, midterm, Duplicate Name, Skills, 94, 20, 6, manual, 1, 2026-04-08 14:44:07, 2026-04-08 14:44:07))

  at vendor\laravel\framework\src\Illuminate\Database\MySqlConnection.php:47
     43Γûò             if ($this->pretending()) {
     44Γûò                 return true;
     45Γûò             }
     46Γûò 
  Γ₧£  47Γûò             $statement = $this->getPdo()->prepare($query);
     48Γûò 
     49Γûò             $this->bindValues($statement, $this->prepareBindings($bindings));
     50Γûò 
     51Γûò             $this->recordsHaveBeenModified();

  1   vendor\laravel\framework\src\Illuminate\Database\MySqlConnection.php:47
  2   vendor\laravel\framework\src\Illuminate\Database\Connection.php:827

  ΓöÇΓöÇΓöÇΓöÇΓöÇΓöÇΓöÇΓöÇΓöÇΓöÇΓöÇΓöÇΓöÇΓöÇΓöÇΓöÇΓöÇΓöÇΓöÇΓöÇΓöÇΓöÇΓöÇΓöÇΓöÇΓöÇΓöÇΓöÇΓöÇΓöÇΓöÇΓöÇΓöÇΓöÇΓöÇΓöÇΓöÇΓöÇΓöÇΓöÇΓöÇΓöÇΓöÇΓöÇΓöÇΓöÇΓöÇΓöÇΓöÇΓöÇΓöÇΓöÇΓöÇΓöÇΓöÇΓöÇΓöÇΓöÇΓöÇΓöÇΓöÇΓöÇΓöÇΓöÇΓöÇΓöÇΓöÇΓöÇΓöÇΓöÇΓöÇΓöÇΓöÇΓöÇΓöÇΓöÇΓöÇΓöÇΓöÇΓöÇΓöÇΓöÇΓöÇΓöÇΓöÇΓöÇΓöÇΓöÇΓöÇΓöÇΓöÇΓöÇΓöÇΓöÇΓöÇΓöÇΓöÇΓöÇΓöÇΓöÇΓöÇΓöÇΓöÇΓöÇΓöÇΓöÇΓöÇΓöÇΓöÇΓöÇΓöÇΓöÇΓöÇΓöÇΓöÇΓöÇΓöÇΓöÇΓöÇΓöÇΓöÇΓöÇΓöÇΓöÇΓöÇΓöÇΓöÇΓöÇΓöÇΓöÇΓöÇΓöÇΓöÇΓöÇΓöÇΓöÇ  
   FAILED  Tests\Feature\ComponentManagementTest > cannot edit component unauthorized                                      QueryException   
  SQLSTATE[42S22]: Column not found: 1054 Unknown column 'term' in 'field list' (Connection: mysql, Host: 127.0.0.1, Port: 3306, Database: edutrack_db, SQL: insert into `assessment_components` (`class_id`, `term`, `name`, `category`, `max_score`, `weight`, `sort_order`, `entry_mode`, `is_active`, `updated_at`, `created_at`) values (73, general, pariatur, Knowledge, 100, 20, 9, automated, 1, 2026-04-08 14:44:07, 2026-04-08 14:44:07))

  at vendor\laravel\framework\src\Illuminate\Database\MySqlConnection.php:47
     43Γûò             if ($this->pretending()) {
     44Γûò                 return true;
     45Γûò             }
     46Γûò 
  Γ₧£  47Γûò             $statement = $this->getPdo()->prepare($query);
     48Γûò 
     49Γûò             $this->bindValues($statement, $this->prepareBindings($bindings));
     50Γûò 
     51Γûò             $this->recordsHaveBeenModified();

  1   vendor\laravel\framework\src\Illuminate\Database\MySqlConnection.php:47
  2   vendor\laravel\framework\src\Illuminate\Database\Connection.php:827

  ΓöÇΓöÇΓöÇΓöÇΓöÇΓöÇΓöÇΓöÇΓöÇΓöÇΓöÇΓöÇΓöÇΓöÇΓöÇΓöÇΓöÇΓöÇΓöÇΓöÇΓöÇΓöÇΓöÇΓöÇΓöÇΓöÇΓöÇΓöÇΓöÇΓöÇΓöÇΓöÇΓöÇΓöÇΓöÇΓöÇΓöÇΓöÇΓöÇΓöÇΓöÇΓöÇΓöÇΓöÇΓöÇΓöÇΓöÇΓöÇΓöÇΓöÇΓöÇΓöÇΓöÇΓöÇΓöÇΓöÇΓöÇΓöÇΓöÇΓöÇΓöÇΓöÇΓöÇΓöÇΓöÇΓöÇΓöÇΓöÇΓöÇΓöÇΓöÇΓöÇΓöÇΓöÇΓöÇΓöÇΓöÇΓöÇΓöÇΓöÇΓöÇΓöÇΓöÇΓöÇΓöÇΓöÇΓöÇΓöÇΓöÇΓöÇΓöÇΓöÇΓöÇΓöÇΓöÇΓöÇΓöÇΓöÇΓöÇΓöÇΓöÇΓöÇΓöÇΓöÇΓöÇΓöÇΓöÇΓöÇΓöÇΓöÇΓöÇΓöÇΓöÇΓöÇΓöÇΓöÇΓöÇΓöÇΓöÇΓöÇΓöÇΓöÇΓöÇΓöÇΓöÇΓöÇΓöÇΓöÇΓöÇΓöÇΓöÇΓöÇΓöÇΓöÇΓöÇΓöÇ  
   FAILED  Tests\Feature\ComponentManagementTest > bulk delete components                                                  QueryException   
  SQLSTATE[42S22]: Column not found: 1054 Unknown column 'term' in 'field list' (Connection: mysql, Host: 127.0.0.1, Port: 3306, Database: edutrack_db, SQL: insert into `assessment_components` (`class_id`, `term`, `name`, `category`, `max_score`, `weight`, `sort_order`, `entry_mode`, `is_active`, `updated_at`, `created_at`) values (74, midterm, quo, Knowledge, 39, 63, 12, manual, 1, 2026-04-08 14:44:07, 2026-04-08 14:44:07))

  at vendor\laravel\framework\src\Illuminate\Database\MySqlConnection.php:47
     43Γûò             if ($this->pretending()) {
     44Γûò                 return true;
     45Γûò             }
     46Γûò 
  Γ₧£  47Γûò             $statement = $this->getPdo()->prepare($query);
     48Γûò 
     49Γûò             $this->bindValues($statement, $this->prepareBindings($bindings));
     50Γûò 
     51Γûò             $this->recordsHaveBeenModified();

  1   vendor\laravel\framework\src\Illuminate\Database\MySqlConnection.php:47
  2   vendor\laravel\framework\src\Illuminate\Database\Connection.php:827

  ΓöÇΓöÇΓöÇΓöÇΓöÇΓöÇΓöÇΓöÇΓöÇΓöÇΓöÇΓöÇΓöÇΓöÇΓöÇΓöÇΓöÇΓöÇΓöÇΓöÇΓöÇΓöÇΓöÇΓöÇΓöÇΓöÇΓöÇΓöÇΓöÇΓöÇΓöÇΓöÇΓöÇΓöÇΓöÇΓöÇΓöÇΓöÇΓöÇΓöÇΓöÇΓöÇΓöÇΓöÇΓöÇΓöÇΓöÇΓöÇΓöÇΓöÇΓöÇΓöÇΓöÇΓöÇΓöÇΓöÇΓöÇΓöÇΓöÇΓöÇΓöÇΓöÇΓöÇΓöÇΓöÇΓöÇΓöÇΓöÇΓöÇΓöÇΓöÇΓöÇΓöÇΓöÇΓöÇΓöÇΓöÇΓöÇΓöÇΓöÇΓöÇΓöÇΓöÇΓöÇΓöÇΓöÇΓöÇΓöÇΓöÇΓöÇΓöÇΓöÇΓöÇΓöÇΓöÇΓöÇΓöÇΓöÇΓöÇΓöÇΓöÇΓöÇΓöÇΓöÇΓöÇΓöÇΓöÇΓöÇΓöÇΓöÇΓöÇΓöÇΓöÇΓöÇΓöÇΓöÇΓöÇΓöÇΓöÇΓöÇΓöÇΓöÇΓöÇΓöÇΓöÇΓöÇΓöÇΓöÇΓöÇΓöÇΓöÇΓöÇΓöÇΓöÇΓöÇΓöÇ  
   FAILED  Tests\Feature\ComponentManagementTest > duplicate component                                                     QueryException   
  SQLSTATE[42S22]: Column not found: 1054 Unknown column 'term' in 'field list' (Connection: mysql, Host: 127.0.0.1, Port: 3306, Database: edutrack_db, SQL: insert into `assessment_components` (`class_id`, `term`, `name`, `category`, `max_score`, `weight`, `sort_order`, `entry_mode`, `is_active`, `updated_at`, `created_at`) values (75, general, Original Component, Custom, 100, 25, 1, manual, 1, 2026-04-08 14:44:07, 2026-04-08 14:44:07))

  at vendor\laravel\framework\src\Illuminate\Database\MySqlConnection.php:47
     43Γûò             if ($this->pretending()) {
     44Γûò                 return true;
     45Γûò             }
     46Γûò 
  Γ₧£  47Γûò             $statement = $this->getPdo()->prepare($query);
     48Γûò 
     49Γûò             $this->bindValues($statement, $this->prepareBindings($bindings));
     50Γûò 
     51Γûò             $this->recordsHaveBeenModified();

  1   vendor\laravel\framework\src\Illuminate\Database\MySqlConnection.php:47
  2   vendor\laravel\framework\src\Illuminate\Database\Connection.php:827

  ΓöÇΓöÇΓöÇΓöÇΓöÇΓöÇΓöÇΓöÇΓöÇΓöÇΓöÇΓöÇΓöÇΓöÇΓöÇΓöÇΓöÇΓöÇΓöÇΓöÇΓöÇΓöÇΓöÇΓöÇΓöÇΓöÇΓöÇΓöÇΓöÇΓöÇΓöÇΓöÇΓöÇΓöÇΓöÇΓöÇΓöÇΓöÇΓöÇΓöÇΓöÇΓöÇΓöÇΓöÇΓöÇΓöÇΓöÇΓöÇΓöÇΓöÇΓöÇΓöÇΓöÇΓöÇΓöÇΓöÇΓöÇΓöÇΓöÇΓöÇΓöÇΓöÇΓöÇΓöÇΓöÇΓöÇΓöÇΓöÇΓöÇΓöÇΓöÇΓöÇΓöÇΓöÇΓöÇΓöÇΓöÇΓöÇΓöÇΓöÇΓöÇΓöÇΓöÇΓöÇΓöÇΓöÇΓöÇΓöÇΓöÇΓöÇΓöÇΓöÇΓöÇΓöÇΓöÇΓöÇΓöÇΓöÇΓöÇΓöÇΓöÇΓöÇΓöÇΓöÇΓöÇΓöÇΓöÇΓöÇΓöÇΓöÇΓöÇΓöÇΓöÇΓöÇΓöÇΓöÇΓöÇΓöÇΓöÇΓöÇΓöÇΓöÇΓöÇΓöÇΓöÇΓöÇΓöÇΓöÇΓöÇΓöÇΓöÇΓöÇΓöÇΓöÇΓöÇΓöÇ  
   FAILED  Tests\Feature\ComponentManagementTest > get component statistics                                                QueryException   
  SQLSTATE[42S22]: Column not found: 1054 Unknown column 'term' in 'field list' (Connection: mysql, Host: 127.0.0.1, Port: 3306, Database: edutrack_db, SQL: insert into `assessment_components` (`class_id`, `term`, `name`, `category`, `max_score`, `weight`, `sort_order`, `entry_mode`, `is_active`, `updated_at`, `created_at`) values (76, general, rem, Custom, 33, 35, 7, manual, 1, 2026-04-08 14:44:07, 2026-04-08 14:44:07))

  at vendor\laravel\framework\src\Illuminate\Database\MySqlConnection.php:47
     43Γûò             if ($this->pretending()) {
     44Γûò                 return true;
     45Γûò             }
     46Γûò 
  Γ₧£  47Γûò             $statement = $this->getPdo()->prepare($query);
     48Γûò 
     49Γûò             $this->bindValues($statement, $this->prepareBindings($bindings));
     50Γûò 
     51Γûò             $this->recordsHaveBeenModified();

  1   vendor\laravel\framework\src\Illuminate\Database\MySqlConnection.php:47
  2   vendor\laravel\framework\src\Illuminate\Database\Connection.php:827

  ΓöÇΓöÇΓöÇΓöÇΓöÇΓöÇΓöÇΓöÇΓöÇΓöÇΓöÇΓöÇΓöÇΓöÇΓöÇΓöÇΓöÇΓöÇΓöÇΓöÇΓöÇΓöÇΓöÇΓöÇΓöÇΓöÇΓöÇΓöÇΓöÇΓöÇΓöÇΓöÇΓöÇΓöÇΓöÇΓöÇΓöÇΓöÇΓöÇΓöÇΓöÇΓöÇΓöÇΓöÇΓöÇΓöÇΓöÇΓöÇΓöÇΓöÇΓöÇΓöÇΓöÇΓöÇΓöÇΓöÇΓöÇΓöÇΓöÇΓöÇΓöÇΓöÇΓöÇΓöÇΓöÇΓöÇΓöÇΓöÇΓöÇΓöÇΓöÇΓöÇΓöÇΓöÇΓöÇΓöÇΓöÇΓöÇΓöÇΓöÇΓöÇΓöÇΓöÇΓöÇΓöÇΓöÇΓöÇΓöÇΓöÇΓöÇΓöÇΓöÇΓöÇΓöÇΓöÇΓöÇΓöÇΓöÇΓöÇΓöÇΓöÇΓöÇΓöÇΓöÇΓöÇΓöÇΓöÇΓöÇΓöÇΓöÇΓöÇΓöÇΓöÇΓöÇΓöÇΓöÇΓöÇΓöÇΓöÇΓöÇΓöÇΓöÇΓöÇΓöÇΓöÇΓöÇΓöÇΓöÇΓöÇΓöÇΓöÇΓöÇΓöÇΓöÇΓöÇΓöÇ  
   FAILED  Tests\Feature\ComponentManagerTest > teacher can view component manager modal                                                    
  Failed asserting that Failed asserting that '<!DOCTYPE html>
<html lang="en">

<head>
    <meta charset="UTF-8">
    <meta name="viewport" content="width=device-width, initial-scale=1.0, viewport-fit=cover">
    <meta name="csrf-token" content="Q4bDucsodNvNZBKlVlQqAl0vmDA8dUUUZWkwpndL">
    <title>EduTrack | Teacher Panel</title>

    <!-- Bootstrap CSS -->
    <link href="https://cdn.jsdelivr.net/npm/bootstrap@5.3.0/dist/css/bootstrap.min.css" rel="stylesheet">

    <!-- Font Awesome -->
    <link href="https://cdnjs.cloudflare.com/ajax/libs/font-awesome/6.4.0/css/all.min.css" rel="stylesheet">

    <!-- Google Fonts -->
    <link href="https://fonts.googleapis.com/css2?family=Inter:wght@300;400;500;600;700&display=swap" rel="stylesheet">

    <!-- Mobile Responsive CSS -->
    <link rel="stylesheet" href="https://interlobular-ricardo-spinproof.ngrok-free.dev/css/teacher-mobile-responsive.css">
    
    <!-- Teacher UI Improvements -->
    <link rel="stylesheet" href="https://interlobular-ricardo-spinproof.ngrok-free.dev/css/teacher-ui-improvements.css">

        <link rel="stylesheet" href="https://interlobular-ricardo-spinproof.ngrok-free.dev/css/themes/light.css">

    <style>
        /* Modern Teacher Layout System */
        :root {
            --primary-color: #4f46e5;
            --primary-dark: #4338ca;
            --primary-light: #818cf8;
            --secondary-color: #64748b;
            --success-color: #10b981;
            --warning-color: #f59e0b;
            --danger-color: #ef4444;
            --info-color: #06b6d4;
            --light-bg: #f8fafc;
            --white: #ffffff;
            --text-primary: #1e293b;
            --text-secondary: #64748b;
            --border-color: #e2e8f0;
            --sidebar-bg: #1e293b;
            --sidebar-text: #f1f5f9;
            --sidebar-hover: #334155;
            --sidebar-border: #475569;
            --topbar-bg: #ffffff;
            --topbar-border: #e2e8f0;
            --shadow-sm: 0 1px 2px 0 rgb(0 0 0 / 0.05);
            --shadow-md: 0 4px 6px -1px rgb(0 0 0 / 0.1);
            --shadow-lg: 0 10px 15px -3px rgb(0 0 0 / 0.1);
            --transition: all 0.3s cubic-bezier(0.4, 0, 0.2, 1);
            --sidebar-width: 280px;
            --sidebar-collapsed-width: 80px;
            --topbar-height: 70px;
        }

        /* When the sidebar is collapsed, shrink the effective layout width consistently */
        body.sidebar-collapsed {
            --sidebar-width: var(--sidebar-collapsed-width);
        }

        * {
            margin: 0;
            padding: 0;
            box-sizing: border-box;
        }

        body {
            font-family: 'Inter', -apple-system, BlinkMacSystemFont, 'Segoe UI', sans-serif;
            background: var(--light-bg);
            color: var(--text-primary);
            line-height: 1.6;
            overflow-x: hidden;
        }

        /* Layout Container */
        .app-container {
            display: block;
            position: relative;
            min-height: 100vh;
            overflow-x: hidden;
        }

        /* Sidebar Styles */
        .sidebar {
            width: var(--sidebar-width);
            background: var(--white);
            border-right: 1px solid var(--border-color);
            position: fixed;
            top: 0;
            left: 0;
            height: 100vh;
            z-index: 1050;
            transition: var(--transition);
            overflow: hidden;
            display: flex;
            flex-direction: column;
            box-shadow: 2px 0 8px rgba(0, 0, 0, 0.05);
        }

        .sidebar.collapsed {
            width: var(--sidebar-collapsed-width);
        }

        /* Sidebar Header */
        .sidebar-header {
            height: var(--topbar-height);
            background: var(--white);
            display: flex;
            align-items: center;
            padding: 0 1.5rem;
            border-bottom: 1px solid var(--border-color);
            flex-shrink: 0;
        }

        .sidebar-brand {
            display: flex;
            align-items: center;
            gap: 0.75rem;
            color: var(--primary-color);
            text-decoration: none;
            font-weight: 700;
            font-size: 1.25rem;
            white-space: nowrap;
            overflow: hidden;
        }

        .sidebar-brand i {
            font-size: 1.5rem;
            flex-shrink: 0;
            color: var(--primary-color);
        }

        .sidebar.collapsed .sidebar-brand span {
            display: none;
        }

        .sidebar.collapsed .sidebar-brand {
            justify-content: center;
        }

        /* Sidebar Navigation */
        .sidebar-nav {
            flex: 1;
            overflow-y: auto;
            overflow-x: hidden;
            padding: 1rem 0;
            background: var(--white);
        }

        .sidebar-nav::-webkit-scrollbar {
            width: 4px;
        }

        .sidebar-nav::-webkit-scrollbar-track {
            background: transparent;
        }

        .sidebar-nav::-webkit-scrollbar-thumb {
            background: var(--border-color);
            border-radius: 2px;
        }

        .nav-item {
            margin-bottom: 0.25rem;
            padding: 0 0.75rem;
        }

        .nav-link {
            display: flex;
            align-items: center;
            gap: 0.75rem;
            padding: 0.875rem 1rem;
            color: var(--text-secondary);
            text-decoration: none;
            font-weight: 500;
            font-size: 0.875rem;
            transition: var(--transition);
            position: relative;
            white-space: nowrap;
            overflow: hidden;
            border-radius: 8px;
        }

        .nav-link:hover {
            background: var(--light-bg);
            color: var(--primary-color);
        }

        .nav-link.active {
            background: linear-gradient(135deg, var(--primary-color), var(--primary-dark));
            color: var(--white);
            box-shadow: 0 2px 8px rgba(79, 70, 229, 0.2);
        }

        .nav-link i {
            font-size: 1.125rem;
            width: 1.5rem;
            text-align: center;
            flex-shrink: 0;
        }

        .sidebar.collapsed .nav-link {
            justify-content: center;
            padding: 0.875rem;
            gap: 0;
        }

        .sidebar.collapsed .nav-link span {
            display: none;
        }

        /* Main Content Area */
        .main-content {
            min-height: 100vh;
            display: flex;
            flex-direction: column;
            position: relative;
            margin-left: var(--sidebar-width);
            width: calc(100% - var(--sidebar-width));
            transition: margin-left var(--transition), width var(--transition);
        }

        body.sidebar-collapsed .main-content {
            margin-left: var(--sidebar-collapsed-width);
            width: calc(100% - var(--sidebar-collapsed-width));
        }

        /* Topbar */
        .topbar {
            height: var(--topbar-height);
            background: var(--topbar-bg);
            border-bottom: 1px solid var(--topbar-border);
            display: flex;
            align-items: center;
            justify-content: space-between;
            padding: 0 1.5rem;
            position: fixed;
            top: 0;
            left: var(--sidebar-width);
            right: 0;
            z-index: 1040;
            box-shadow: var(--shadow-sm);
            transition: left var(--transition);
        }

        body.sidebar-collapsed .topbar {
            left: var(--sidebar-collapsed-width);
        }

        /* Mobile overlaid sidebar */
        .sidebar.mobile-show~.main-content .topbar {
            left: 0;
        }

        .topbar-left {
            display: flex;
            align-items: center;
            gap: 1rem;
            flex: 1;
        }

        .topbar-right {
            display: flex;
            align-items: center;
            gap: 0.75rem;
        }

        .sidebar-toggle {
            width: 40px;
            height: 40px;
            border: none;
            background: linear-gradient(135deg, var(--primary-color), var(--primary-dark));
            color: var(--white);
            border-radius: 10px;
            display: flex;
            align-items: center;
            justify-content: center;
            cursor: pointer;
            transition: var(--transition);
            font-size: 1.125rem;
            box-shadow: 0 2px 8px rgba(79, 70, 229, 0.2);
        }

        .sidebar-toggle:hover {
            background: linear-gradient(135deg, var(--primary-dark), #3730a3);
            transform: translateY(-2px);
            box-shadow: 0 4px 12px rgba(79, 70, 229, 0.3);
        }

        .sidebar-toggle:active {
            transform: translateY(0);
        }

        .page-title {
            font-size: 1.25rem;
            font-weight: 600;
            color: var(--text-primary);
            margin: 0;
        }

        /* Topbar Actions */
        .topbar-actions {
            display: flex;
            align-items: center;
            gap: 0.75rem;
        }

        .action-btn {
            width: 40px;
            height: 40px;
            border: 1px solid var(--border-color);
            background: var(--white);
            color: var(--text-secondary);
            border-radius: 8px;
            display: flex;
            align-items: center;
            justify-content: center;
            cursor: pointer;
            transition: var(--transition);
            position: relative;
            text-decoration: none;
        }

        .action-btn:hover {
            background: var(--light-bg);
            color: var(--primary-color);
            border-color: var(--primary-color);
            transform: translateY(-1px);
        }

        .notification-badge {
            position: absolute;
            top: -4px;
            right: -4px;
            background: var(--danger-color);
            color: var(--white);
            border-radius: 50%;
            width: 18px;
            height: 18px;
            font-size: 0.625rem;
            font-weight: 600;
            display: flex;
            align-items: center;
            justify-content: center;
            border: 2px solid var(--white);
        }

        /* Dropdowns */
        .dropdown-menu-custom {
            border: 1px solid var(--border-color);
            border-radius: 12px;
            box-shadow: var(--shadow-lg);
            padding: 0.5rem;
            min-width: 200px;
            background: var(--white);
            animation: dropdownSlide 0.2s ease-out;
        }

        @keyframes dropdownSlide {
            from {
                opacity: 0;
                transform: translateY(-10px);
            }

            to {
                opacity: 1;
                transform: translateY(0);
            }
        }

        .dropdown-item-custom {
            padding: 0.625rem 1rem;
            border-radius: 6px;
            color: var(--text-primary);
            text-decoration: none;
            display: flex;
            align-items: center;
            gap: 0.5rem;
            font-size: 0.875rem;
            transition: var(--transition);
        }

        .dropdown-item-custom:hover {
            background: var(--light-bg);
            color: var(--primary-color);
        }

        .dropdown-divider-custom {
            height: 1px;
            background: var(--border-color);
            margin: 0.5rem 0;
        }

        /* Notifications Dropdown */
        .notifications-dropdown {
            width: 350px;
            max-height: 400px;
            overflow-y: auto;
            padding: 0;
        }

        .notification-header {
            padding: 1rem;
            border-bottom: 1px solid var(--border-color);
            font-weight: 600;
            color: var(--text-primary);
            display: flex;
            justify-content: space-between;
            align-items: center;
        }

        .notification-item {
            padding: 1rem;
            border-bottom: 1px solid var(--border-color);
            transition: var(--transition);
            cursor: pointer;
            text-decoration: none;
            color: var(--text-primary);
            display: block;
        }

        .notification-item:hover {
            background: var(--light-bg);
        }

        .notification-item:last-child {
            border-bottom: none;
        }

        .notification-content {
            display: flex;
            gap: 0.75rem;
            align-items: flex-start;
        }

        .notification-icon {
            width: 36px;
            height: 36px;
            border-radius: 8px;
            display: flex;
            align-items: center;
            justify-content: center;
            font-size: 0.875rem;
            flex-shrink: 0;
        }

        .notification-text {
            flex: 1;
            min-width: 0;
        }

        .notification-title {
            font-weight: 500;
            font-size: 0.875rem;
            margin-bottom: 0.25rem;
            line-height: 1.4;
        }

        .notification-meta {
            font-size: 0.75rem;
            color: var(--text-secondary);
        }

        /* Page Content */
        .page-content {
            flex: 1;
            padding: 1.5rem;
            padding-top: calc(var(--topbar-height) + 3.5rem) !important;
            padding-bottom: 3rem !important;
            min-height: calc(100vh - var(--topbar-height));
            overflow-y: auto;
            overflow-x: hidden;
            background: var(--light-bg);
            width: 100%;
            max-width: 100%;
            box-sizing: border-box;
        }

        /* Grade Entry Table Container Fix */
        .page-content .container-fluid {
            max-width: 100%;
            padding-left: 0;
            padding-right: 0;
            overflow-x: auto;
        }

        .page-content .table-responsive {
            overflow-x: auto;
            -webkit-overflow-scrolling: touch;
            margin-left: 0;
            margin-right: 0;
        }

        /* Ensure tables don't overflow */
        .page-content table {
            max-width: 100%;
        }

        /* Mobile Overlay */
        .mobile-overlay {
            display: none;
            position: fixed;
            top: 0;
            left: 0;
            right: 0;
            bottom: 0;
            background: rgba(0, 0, 0, 0.5);
            z-index: 1045;
            backdrop-filter: blur(2px);
        }

        .mobile-overlay.show {
            display: block;
        }

        /* Responsive Design */
        @media (max-width: 1024px) {
            :root {
                --sidebar-width: 260px;
                --sidebar-collapsed-width: 70px;
            }
        }

        @media (max-width: 768px) {
            .sidebar {
                transform: translateX(-100%);
            }

            .sidebar.mobile-show {
                transform: translateX(0);
            }

            .main-content {
                margin-left: 0;
                width: 100%;
            }

            .topbar {
                left: 0;
                padding: 0 1rem;
            }

            .page-content {
                padding: 1rem;
                padding-top: calc(var(--topbar-height) + 1rem);
            }

            .notifications-dropdown {
                width: min(350px, 90vw);
            }

            .page-title {
                font-size: 1.125rem;
            }

            .sidebar-toggle {
                display: flex;
            }
        }

        @media (max-width: 480px) {
            :root {
                --topbar-height: 60px;
            }

            .topbar {
                padding: 0 0.75rem;
            }

            .page-content {
                padding: 0.75rem;
                padding-top: calc(var(--topbar-height) + 0.75rem);
            }

            .sidebar-header {
                padding: 0 1rem;
            }

            .sidebar-brand {
                font-size: 1.125rem;
            }

            .action-btn {
                width: 36px;
                height: 36px;
            }

            .notification-badge {
                width: 16px;
                height: 16px;
                font-size: 0.5625rem;
            }
        }

        /* Dark mode support */
        @media (prefers-color-scheme: dark) {
            /* Add dark mode styles here if needed */
        }

        /* Print styles */
        @media print {

            .sidebar,
            .topbar,
            .mobile-overlay {
                display: none !important;
            }

            .main-content {
                margin-left: 0 !important;
            }

            .page-content {
                padding: 0 !important;
            }
        }

        /* Accessibility */
        .sr-only {
            position: absolute;
            width: 1px;
            height: 1px;
            padding: 0;
            margin: -1px;
            overflow: hidden;
            clip: rect(0, 0, 0, 0);
            white-space: nowrap;
            border: 0;
        }

        /* Focus styles */
        *:focus {
            outline: 2px solid var(--primary-color);
            outline-offset: 2px;
        }

        button:focus,
        a:focus {
            outline-offset: 1px;
        }

        /* High contrast mode */
        @media (prefers-contrast: high) {

            .action-btn,
            .sidebar-toggle {
                border-width: 2px;
            }
        }

        /* Reduced motion */
        @media (prefers-reduced-motion: reduce) {
            * {
                animation-duration: 0.01ms !important;
                animation-iteration-count: 1 !important;
                transition-duration: 0.01ms !important;
            }
        }
    </style>
</head>

<body>
    <div class="app-container">
        <!-- Mobile Overlay -->
        <div class="mobile-overlay" id="mobileOverlay" onclick="closeMobileSidebar()"></div>

        <!-- Sidebar -->
        <aside class="sidebar" id="sidebar">
            <!-- Sidebar Header -->
            <div class="sidebar-header">
                <a href="https://interlobular-ricardo-spinproof.ngrok-free.dev/teacher/dashboard" class="sidebar-brand">
                    <i class="fas fa-graduation-cap"></i>
                    <span>EduTrack</span>
                </a>
            </div>

            <!-- Sidebar Navigation -->
            <nav class="sidebar-nav">
                <div class="nav-item">
                    <a href="https://interlobular-ricardo-spinproof.ngrok-free.dev/teacher/dashboard"
                        class="nav-link ">
                        <i class="fas fa-home"></i>
                        <span>Dashboard</span>
                    </a>
                </div>

                <div class="nav-item">
                    <a href="https://interlobular-ricardo-spinproof.ngrok-free.dev/teacher/classes"
                        class="nav-link ">
                        <i class="fas fa-door-open"></i>
                        <span>My Classes</span>
                    </a>
                </div>

                <div class="nav-item">
                    <a href="https://interlobular-ricardo-spinproof.ngrok-free.dev/teacher/subjects"
                        class="nav-link ">
                        <i class="fas fa-book"></i>
                        <span>My Subjects</span>
                    </a>
                </div>

                <div class="nav-item">
                    <a href="https://interlobular-ricardo-spinproof.ngrok-free.dev/teacher/courses"
                        class="nav-link ">
                        <i class="fas fa-graduation-cap"></i>
                        <span>Courses</span>
                    </a>
                </div>

                <div class="nav-item">
                    <a href="https://interlobular-ricardo-spinproof.ngrok-free.dev/teacher/grades"
                        class="nav-link active">
                        <i class="fas fa-star"></i>
                        <span>Grades</span>
                    </a>
                </div>

                <div class="nav-item">
                    <a href="https://interlobular-ricardo-spinproof.ngrok-free.dev/teacher/attendance"
                        class="nav-link ">
                        <i class="fas fa-check-square"></i>
                        <span>Attendance</span>
                    </a>
                </div>

                <div class="nav-item">
                    <a href="https://interlobular-ricardo-spinproof.ngrok-free.dev/teacher/settings"
                        class="nav-link ">
                        <i class="fas fa-cog"></i>
                        <span>Settings</span>
                    </a>
                </div>
            </nav>
        </aside>

        <!-- Main Content -->
        <main class="main-content" id="mainContent">
            <!-- Topbar -->
            <header class="topbar">
                <div class="topbar-left">
                    <!-- Sidebar Toggle -->
                    <button class="sidebar-toggle" onclick="toggleSidebar()" aria-label="Toggle sidebar">
                        <i class="fas fa-bars"></i>
                    </button>

                    <!-- Page Title -->
                    <h1 class="page-title">
                                                    Grades
                                            </h1>
                </div>

                <div class="topbar-right">
                    <div class="topbar-actions">
                        <!-- Notifications -->
                                                <div class="dropdown">
                            <button class="action-btn" data-bs-toggle="dropdown" aria-expanded="false"
                                aria-label="Notifications">
                                <i class="fas fa-bell"></i>
                                                            </button>
                            <div class="dropdown-menu dropdown-menu-end notifications-dropdown">
                                <div class="notification-header">
                                    <span>Notifications</span>
                                                                    </div>
                                                                    <div class="text-center text-muted py-3">
                                        <i class="fas fa-bell-slash fa-2x mb-2"></i>
                                        <p class="mb-0">No notifications</p>
                                    </div>
                                                            </div>
                        </div>

                        <!-- Profile -->
                        <div class="dropdown">
                            <button class="action-btn" data-bs-toggle="dropdown" aria-expanded="false"
                                aria-label="Profile menu">
                                <i class="fas fa-user-circle"></i>
                            </button>
                            <div class="dropdown-menu dropdown-menu-end dropdown-menu-custom">
                                <div class="px-3 py-2 border-bottom">
                                    <div class="fw-semibold">Miss Fiona Dare I</div>
                                    <small
                                        class="text-muted">white.tressie@example.com</small>
                                </div>
                                <a href="https://interlobular-ricardo-spinproof.ngrok-free.dev/teacher/profile" class="dropdown-item-custom">
                                    <i class="fas fa-user"></i>
                                    My Profile
                                </a>
                                <a href="https://interlobular-ricardo-spinproof.ngrok-free.dev/teacher/profile/edit" class="dropdown-item-custom">
                                    <i class="fas fa-edit"></i>
                                    Edit Profile
                                </a>
                                <a href="https://interlobular-ricardo-spinproof.ngrok-free.dev/teacher/profile/change-password" class="dropdown-item-custom">
                                    <i class="fas fa-key"></i>
                                    Change Password
                                </a>
                                <a href="https://interlobular-ricardo-spinproof.ngrok-free.dev/teacher/settings" class="dropdown-item-custom">
                                    <i class="fas fa-cog"></i>
                                    Settings
                                </a>
                                <div class="dropdown-divider-custom"></div>
                                <a href="https://interlobular-ricardo-spinproof.ngrok-free.dev/logout" class="dropdown-item-custom text-danger">
                                    <i class="fas fa-sign-out-alt"></i>
                                    Logout
                                </a>
                            </div>
                        </div>
                    </div>
                </div>
            </header>

            <!-- Page Content -->
            <div class="page-content">
                    <div style="height: var(--topbar-height);"></div>

    <style>
        /* Advanced Grade Entry System Styles */
        :root {
            --primary-color: #4f46e5;
            --primary-dark: #4338ca;
            --success-color: #10b981;
            --warning-color: #f59e0b;
            --danger-color: #ef4444;
            --info-color: #06b6d4;
            --knowledge-color: #3b82f6;
            --skills-color: #10b981;
            --attitude-color: #8b5cf6;
            --light-bg: #f8fafc;
            --border-color: #e2e8f0;
            --shadow-sm: 0 1px 2px 0 rgb(0 0 0 / 0.05);
            --shadow-md: 0 4px 6px -1px rgb(0 0 0 / 0.1);
            --shadow-lg: 0 10px 15px -3px rgb(0 0 0 / 0.1);
        }

        .grade-system-container {
            background: white;
            border-radius: 16px;
            box-shadow: var(--shadow-lg);
            margin-bottom: 2rem;
            overflow: hidden;
        }

        .system-header {
            background: linear-gradient(135deg, var(--primary-color), var(--primary-dark));
            color: white;
            padding: 1.5rem 2rem;
            display: flex;
            justify-content: space-between;
            align-items: center;
        }

        .system-body {
            padding: 2rem;
        }

        /* Grading Scheme Configuration */
        .grading-config {
            background: var(--light-bg);
            border-radius: 12px;
            padding: 1.5rem;
            margin-bottom: 2rem;
            border: 1px solid var(--border-color);
        }

        .config-section {
            margin-bottom: 1.5rem;
        }

        .config-section h5 {
            color: var(--text-primary);
            font-weight: 600;
            margin-bottom: 1rem;
            display: flex;
            align-items: center;
            gap: 0.5rem;
        }

        .component-item {
            background: white;
            border: 1px solid var(--border-color);
            border-radius: 8px;
            padding: 1rem;
            margin-bottom: 1rem;
            transition: all 0.3s ease;
        }

        .component-item:hover {
            box-shadow: var(--shadow-md);
            border-color: var(--primary-color);
        }

        .component-header {
            display: flex;
            justify-content: space-between;
            align-items: center;
            margin-bottom: 0.75rem;
        }

        .component-name {
            font-weight: 600;
            color: var(--text-primary);
            display: flex;
            align-items: center;
            gap: 0.5rem;
        }

        .component-actions {
            display: flex;
            gap: 0.5rem;
        }

        .btn-icon {
            width: 32px;
            height: 32px;
            border: none;
            border-radius: 6px;
            display: flex;
            align-items: center;
            justify-content: center;
            cursor: pointer;
            transition: all 0.2s ease;
        }

        .btn-edit {
            background: var(--info-color);
            color: white;
        }

        .btn-delete {
            background: var(--danger-color);
            color: white;
        }

        .btn-add {
            background: var(--success-color);
            color: white;
        }

        .btn-icon:hover {
            transform: scale(1.1);
            box-shadow: var(--shadow-md);
        }

        .component-config {
            display: grid;
            grid-template-columns: 2fr 1fr 1fr;
            gap: 1rem;
            align-items: end;
        }

        .form-control-sm {
            padding: 0.5rem 0.75rem;
            border: 1px solid var(--border-color);
            border-radius: 6px;
            font-size: 0.875rem;
            transition: all 0.2s ease;
        }

        .form-control-sm:focus {
            outline: none;
            border-color: var(--primary-color);
            box-shadow: 0 0 0 3px rgba(79, 70, 229, 0.1);
        }

        /* Grade Entry Table */
        .grade-table-container {
            overflow-x: auto;
            margin-bottom: 2rem;
            border: 1px solid var(--border-color);
            border-radius: 12px;
        }

        .grade-table {
            width: 100%;
            border-collapse: separate;
            border-spacing: 0;
            font-size: 0.875rem;
        }

        .grade-table thead {
            background: var(--light-bg);
            position: sticky;
            top: 0;
            z-index: 10;
        }

        .grade-table th {
            padding: 1rem 0.75rem;
            text-align: center;
            font-weight: 600;
            color: var(--text-primary);
            border-bottom: 2px solid var(--border-color);
            white-space: nowrap;
            position: relative;
        }

        .grade-table td {
            padding: 0.75rem;
            border-bottom: 1px solid var(--border-color);
            text-align: center;
        }

        .grade-input {
            width: 80px;
            padding: 0.5rem;
            border: 1px solid var(--border-color);
            border-radius: 6px;
            text-align: center;
            font-size: 0.875rem;
            transition: all 0.2s ease;
        }

        .grade-input:focus {
            outline: none;
            border-color: var(--primary-color);
            box-shadow: 0 0 0 3px rgba(79, 70, 229, 0.1);
        }

        .grade-input.knowledge {
            background-color: rgba(59, 130, 246, 0.05);
            border-color: var(--knowledge-color);
        }

        .grade-input.skills {
            background-color: rgba(16, 185, 129, 0.05);
            border-color: var(--skills-color);
        }

        .grade-input.attitude {
            background-color: rgba(139, 92, 246, 0.05);
            border-color: var(--attitude-color);
        }

        /* KSA Color Coding */
        .knowledge-header {
            background-color: var(--knowledge-color) !important;
            color: white !important;
        }

        .skills-header {
            background-color: var(--skills-color) !important;
            color: white !important;
        }

        .attitude-header {
            background-color: var(--attitude-color) !important;
            color: white !important;
        }

        .calculated-grade {
            background-color: var(--light-bg);
            font-weight: 600;
            color: var(--text-primary);
            border: 1px solid var(--border-color);
            border-radius: 6px;
            padding: 0.5rem;
            min-width: 60px;
        }

        .final-grade {
            background: linear-gradient(135deg, var(--success-color), #059669);
            color: white;
            font-weight: 700;
            font-size: 1rem;
        }

        /* Weight Display */
        .weight-badge {
            display: inline-block;
            padding: 0.25rem 0.5rem;
            border-radius: 12px;
            font-size: 0.75rem;
            font-weight: 600;
            margin-left: 0.5rem;
        }

        .weight-knowledge {
            background-color: rgba(59, 130, 246, 0.1);
            color: var(--knowledge-color);
        }

        .weight-skills {
            background-color: rgba(16, 185, 129, 0.1);
            color: var(--skills-color);
        }

        .weight-attitude {
            background-color: rgba(139, 92, 246, 0.1);
            color: var(--attitude-color);
        }

        /* Action Buttons */
        .action-buttons {
            display: flex;
            gap: 1rem;
            justify-content: flex-end;
            margin-top: 2rem;
        }

        .btn-primary {
            background: linear-gradient(135deg, var(--primary-color), var(--primary-dark));
            color: white;
            padding: 0.75rem 2rem;
            border: none;
            border-radius: 8px;
            font-weight: 600;
            cursor: pointer;
            transition: all 0.3s ease;
        }

        .btn-primary:hover {
            transform: translateY(-2px);
            box-shadow: var(--shadow-lg);
        }

        .btn-secondary {
            background: white;
            color: var(--text-secondary);
            padding: 0.75rem 2rem;
            border: 2px solid var(--border-color);
            border-radius: 8px;
            font-weight: 600;
            cursor: pointer;
            transition: all 0.3s ease;
        }

        .btn-secondary:hover {
            border-color: var(--primary-color);
            color: var(--primary-color);
        }

        /* Modal Styles */
        .modal-content {
            border-radius: 16px;
            border: none;
            box-shadow: var(--shadow-lg);
        }

        .modal-header {
            background: linear-gradient(135deg, var(--primary-color), var(--primary-dark));
            color: white;
            border-radius: 16px 16px 0 0;
            border: none;
        }

        /* Responsive Design */
        @media (max-width: 768px) {
            .component-config {
                grid-template-columns: 1fr;
                gap: 0.75rem;
            }

            .grade-table {
                font-size: 0.75rem;
            }

            .grade-input {
                width: 60px;
                padding: 0.25rem;
            }

            .action-buttons {
                flex-direction: column;
            }

            .btn-primary,
            .btn-secondary {
                width: 100%;
            }
        }

        /* Grade Statistics Styles */
        .grade-summary-container {
            margin-bottom: 2rem;
        }

        .stat-item {
            padding: 1rem;
            background: var(--light-bg);
            border-radius: 12px;
            border: 1px solid var(--border-color);
        }

        .stat-number {
            font-size: 2rem;
            font-weight: 700;
            color: var(--primary-color);
            line-height: 1;
        }

        .stat-label {
            font-size: 0.875rem;
            color: var(--text-secondary);
            margin-top: 0.5rem;
        }

        /* Grade Distribution */
        .grade-distribution {
            margin-top: 1rem;
        }

        .grade-bar {
            display: flex;
            height: 30px;
            border-radius: 8px;
            overflow: hidden;
            box-shadow: var(--shadow-sm);
        }

        .grade-range {
            display: flex;
            align-items: center;
            justify-content: center;
            color: white;
            font-size: 0.75rem;
            font-weight: 600;
            transition: all 0.3s ease;
            position: relative;
        }

        .grade-range.excellent {
            background: linear-gradient(135deg, #10b981, #059669);
        }

        .grade-range.good {
            background: linear-gradient(135deg, #3b82f6, #2563eb);
        }

        .grade-range.fair {
            background: linear-gradient(135deg, #f59e0b, #d97706);
        }

        .grade-range.poor {
            background: linear-gradient(135deg, #ef4444, #dc2626);
        }

        .grade-range span {
            opacity: 0;
            transition: opacity 0.3s ease;
        }

        .grade-range:hover span {
            opacity: 1;
        }

        /* Grade Status Badges */
        .grade-status {
            display: inline-block;
            padding: 0.25rem 0.75rem;
            border-radius: 20px;
            font-weight: 600;
            font-size: 0.875rem;
        }

        .grade-status.excellent {
            background: var(--success-color);
            color: white;
        }

        .grade-status.good {
            background: #3b82f6;
            color: white;
        }

        .grade-status.fair {
            background: var(--warning-color);
            color: white;
        }

        .grade-status.poor {
            background: var(--danger-color);
            color: white;
        }

        .grade-status.incomplete {
            background: var(--secondary-color);
            color: white;
        }

        /* Grade Input Validation */
        .grade-input {
            transition: all 0.3s ease;
        }

        .grade-input:focus {
            border-color: var(--primary-color);
            box-shadow: 0 0 0 3px rgba(79, 70, 229, 0.1);
        }

        .grade-input.is-valid {
            border-color: var(--success-color);
            background: rgba(16, 185, 129, 0.05);
        }

        .grade-input.is-invalid {
            border-color: var(--danger-color);
            background: rgba(239, 68, 68, 0.05);
        }

        /* Loading State */
        .loading-overlay {
            position: fixed;
            top: 0;
            left: 0;
            right: 0;
            bottom: 0;
            background: rgba(0, 0, 0, 0.5);
            display: flex;
            align-items: center;
            justify-content: center;
            z-index: 9999;
        }

        .loading-spinner {
            width: 50px;
            height: 50px;
            border: 3px solid rgba(255, 255, 255, 0.3);
            border-top: 3px solid white;
            border-radius: 50%;
            animation: spin 1s linear infinite;
        }

        @keyframes spin {
            0% {
                transform: rotate(0deg);
            }

            100% {
                transform: rotate(360deg);
            }
        }
    </style>

    <!-- Advanced Grade Entry System -->
    <div class="container-fluid pt-5 pb-4">
        <div class="grade-system-container">
            <!-- System Header -->
            <div class="system-header">
                <div>
                    <h2 class="h4 mb-1">≡ƒôè Advanced Grade Entry System</h2>
                    <p class="mb-0 opacity-75"> - Midterm Term</p>
                </div>
                <div class="d-flex gap-2">
                    <a href="https://interlobular-ricardo-spinproof.ngrok-free.dev/teacher/grades/content/77" class="btn btn-light btn-sm">
                        <i class="fas fa-arrow-left me-1"></i> Back to Grades
                    </a>
                    <button class="btn btn-success btn-sm" onclick="calculateAllGrades()">
                        <i class="fas fa-calculator me-1"></i> Calculate All
                    </button>
                </div>
            </div>

            <div class="system-body">
                <!-- Quick Info Banner -->
                <div class="alert alert-info border-0 shadow-sm mb-4">
                    <div class="row align-items-center">
                        <div class="col-md-8">
                            <h6 class="mb-2">
                                <i class="fas fa-info-circle me-2"></i>
                                Grade Entry for Midterm Term
                            </h6>
                            <p class="mb-0 small">
                                Enter grades for each student using the KSA (Knowledge-Skills-Attitude) framework.
                                Components are loaded from your configuration.
                            </p>
                        </div>
                        <div class="col-md-4 text-end">
                            <a href="https://interlobular-ricardo-spinproof.ngrok-free.dev/teacher/grades/content/77"
                                class="btn btn-outline-primary btn-sm">
                                <i class="fas fa-cog me-1"></i> Manage Components
                            </a>
                        </div>
                    </div>
                </div>

                <!-- Grading Configuration Section -->
                <div class="grading-config mb-4">
                    <div class="card border-0 shadow-sm">
                        <div class="card-header bg-light">
                            <h5 class="mb-0">
                                <i class="fas fa-sliders-h me-2"></i>
                                Grading Configuration
                            </h5>
                        </div>
                        <div class="card-body">
                            <div class="row">
                                <div class="col-md-6">
                                    <h6 class="text-muted mb-3">Term Weights</h6>
                                    <div class="row g-3">
                                        <div class="col-6">
                                            <label for="midtermWeight" class="form-label">Midterm Weight (%)</label>
                                            <input type="number" class="form-control" id="midtermWeight" value="40"
                                                min="0" max="100" step="1">
                                        </div>
                                        <div class="col-6">
                                            <label for="finalWeight" class="form-label">Final Weight (%)</label>
                                            <input type="number" class="form-control" id="finalWeight" value="60"
                                                min="0" max="100" step="1">
                                        </div>
                                    </div>
                                    <small class="text-muted">Weights must total 100%</small>
                                </div>
                                <div class="col-md-6">
                                    <h6 class="text-muted mb-3">Grade Settings</h6>
                                    <div class="d-flex align-items-center justify-content-between">
                                        <div>
                                            <label class="form-label mb-1">Attendance Affects Grade</label>
                                            <small class="text-muted d-block">Include attendance in grade
                                                calculations</small>
                                        </div>
                                        <div class="form-check form-switch">
                                            <input class="form-check-input" type="checkbox" id="attendanceToggle"
                                                checked>
                                            <label class="form-check-label" for="attendanceToggle"></label>
                                        </div>
                                    </div>
                                    <div class="mt-3">
                                        <button class="btn btn-outline-primary btn-sm" onclick="saveConfiguration()">
                                            <i class="fas fa-save me-1"></i> Save Configuration
                                        </button>
                                    </div>
                                </div>
                            </div>
                        </div>
                    </div>
                </div>

                <!-- Grade Statistics Summary -->
                <div class="grade-summary-container mb-4">
                    <div class="card border-0 shadow-sm">
                        <div class="card-header bg-gradient text-white"
                            style="background: linear-gradient(135deg, #667eea 0%, #764ba2 100%);">
                            <h5 class="mb-0">≡ƒôè Grade Statistics</h5>
                        </div>
                        <div class="card-body">
                            <div class="row text-center">
                                <div class="col-md-3">
                                    <div class="stat-item">
                                        <div class="stat-number" id="totalStudents">0</div>
                                        <div class="stat-label">Total Students</div>
                                    </div>
                                </div>
                                <div class="col-md-3">
                                    <div class="stat-item">
                                        <div class="stat-number text-success" id="averageGrade">0.0</div>
                                        <div class="stat-label">Average Grade</div>
                                    </div>
                                </div>
                                <div class="col-md-3">
                                    <div class="stat-item">
                                        <div class="stat-number text-info" id="passingRate">0%</div>
                                        <div class="stat-label">Passing Rate (ΓëÑ75)</div>
                                    </div>
                                </div>
                                <div class="col-md-3">
                                    <div class="stat-item">
                                        <div class="stat-number text-warning" id="completionRate">0%</div>
                                        <div class="stat-label">Completion Rate</div>
                                    </div>
                                </div>
                            </div>

                            <!-- Grade Distribution -->
                            <div class="mt-4">
                                <h6 class="text-muted mb-3">Grade Distribution</h6>
                                <div class="grade-distribution">
                                    <div class="grade-bar">
                                        <div class="grade-range excellent" id="excellentCount" style="width: 0%">
                                            <span>Excellent (90-100)</span>
                                        </div>
                                        <div class="grade-range good" id="goodCount" style="width: 0%">
                                            <span>Good (80-89)</span>
                                        </div>
                                        <div class="grade-range fair" id="fairCount" style="width: 0%">
                                            <span>Fair (70-79)</span>
                                        </div>
                                        <div class="grade-range poor" id="poorCount" style="width: 0%">
                                            <span>Poor (<70)< /span>
                                        </div>
                                    </div>
                                </div>
                            </div>
                        </div>
                    </div>
                </div>

                <!-- Grade Entry Table -->
                <div class="grade-table-container">
                    <table class="grade-table" id="gradeTable">
                        <thead>
                            <tr>
                                <th rowspan="2" style="min-width: 150px;">Student Name</th>

                                <!-- Knowledge Headers -->
                                <th colspan="2" class="knowledge-header">
                                    <i class="fas fa-brain me-1"></i>Knowledge
                                    (40%)
                                </th>

                                <!-- Skills Headers -->
                                <th colspan="2" class="skills-header">
                                    <i class="fas fa-tools me-1"></i>Skills
                                    (50%)
                                </th>

                                <!-- Attitude Headers -->
                                <th colspan="2" class="attitude-header">
                                    <i class="fas fa-heart me-1"></i>Attitude
                                    (10%)
                                </th>

                                <th rowspan="2" style="min-width: 80px;">Midterm Grade</th>
                                <th rowspan="2" style="min-width: 80px;">Final Grade</th>
                                <th rowspan="2" style="min-width: 80px;">Final Score</th>
                                <th rowspan="2" style="min-width: 80px;">Status</th>
                            </tr>
                            <tr>
                                <!-- Knowledge Sub-components -->
                                                                                                            <th class="knowledge-header">Exam (60%)
                                        </th>
                                                                            <th class="knowledge-header">Quiz 1 (20%)
                                        </th>
                                                                            <th class="knowledge-header">Quiz 2 (20%)
                                        </th>
                                                                    
                                <!-- Skills Sub-components -->
                                                                                                            <th class="skills-header">Output (40%)</th>
                                                                            <th class="skills-header">Class Participation (30%)</th>
                                                                            <th class="skills-header">Activities (30%)</th>
                                                                    
                                <!-- Attitude Sub-components -->
                                                                                                            <th class="attitude-header">Behavior (50%)
                                        </th>
                                                                            <th class="attitude-header">Awareness (50%)
                                        </th>
                                                                                                </tr>
                        </thead>
                        <tbody id="gradeTableBody">
                            <!-- Student rows will be populated here -->
                        </tbody>
                    </table>
                </div>

                <!-- Action Buttons -->
                <div class="action-buttons">
                    <button class="btn btn-secondary" onclick="exportGrades()">
                        <i class="fas fa-download me-2"></i>Export Template
                    </button>
                    <button class="btn btn-secondary" onclick="importGrades()">
                        <i class="fas fa-upload me-2"></i>Import Grades
                    </button>
                    <button class="btn btn-info" onclick="calculateAllGrades()">
                        <i class="fas fa-calculator me-2"></i>Calculate All
                    </button>
                    <button class="btn btn-primary" onclick="saveGrades()">
                        <i class="fas fa-save me-2"></i>Save All Grades
                    </button>
                </div>
            </div>
        </div>
    </div>

    <!-- Component Edit Modal -->
    <div class="modal fade" id="componentModal" tabindex="-1">
        <div class="modal-dialog">
            <div class="modal-content">
                <div class="modal-header">
                    <h5 class="modal-title">Edit Component</h5>
                    <button type="button" class="btn-close btn-close-white" data-bs-dismiss="modal"></button>
                </div>
                <div class="modal-body">
                    <div class="mb-3">
                        <label class="form-label">Component Name</label>
                        <input type="text" id="modalComponentName" class="form-control">
                    </div>
                    <div class="mb-3">
                        <label class="form-label">Weight (%)</label>
                        <input type="number" id="modalComponentWeight" class="form-control" min="0"
                            max="100">
                    </div>
                    <div class="mb-3">
                        <label class="form-label">Max Score</label>
                        <input type="number" id="modalComponentMax" class="form-control" min="1">
                    </div>
                </div>
                <div class="modal-footer">
                    <button type="button" class="btn btn-secondary" data-bs-dismiss="modal">Cancel</button>
                    <button type="button" class="btn btn-primary" onclick="updateComponent()">Update</button>
                </div>
            </div>
        </div>
    </div>

    <script>
        // Advanced Grade Entry System JavaScript
        let gradeData = {};

        // Initialize component configs from PHP ksaSettings
        let componentConfigs = {
            knowledge: {
                weight: 40,
                components: []
            },
            skills: {
                weight: 50,
                components: []
            },
            attitude: {
                weight: 10,
                components: []
            }
        };

        let currentEditCategory = null;
        let currentEditIndex = null;

        // Initialize the system
        document.addEventListener('DOMContentLoaded', function() {
            initializeComponents();
            loadStudents();
            setupEventListeners();
            updateTableHeaders();
            updateGradeStatistics(); // Initialize statistics
        });

        function initializeComponents() {
            // Initialize component configurations
            ['knowledge', 'skills', 'attitude'].forEach(category => {
                const container = document.getElementById(category + 'Components');
                const rows = container.querySelectorAll('.component-row');

                componentConfigs[category].components = [];
                rows.forEach((row, index) => {
                    const inputs = row.querySelectorAll('input');
                    componentConfigs[category].components.push({
                        name: inputs[0].value,
                        weight: parseFloat(inputs[1].value),
                        maxScore: parseFloat(inputs[2].value),
                        index: index
                    });
                });
            });
        }

        function loadStudents() {
            const students = [];

            const tbody = document.getElementById('gradeTableBody');
            tbody.innerHTML = '';

            students.forEach(student => {
                gradeData[student.id] = {
                    name: student.name,
                    components: {}
                };

                const row = createStudentRow(student);
                tbody.appendChild(row);
            });
        }

        function createStudentRow(student) {
            const row = document.createElement('tr');
            row.dataset.studentId = student.id;

            // Student name cell
            const nameCell = document.createElement('td');
            nameCell.innerHTML = `
        <div class="student-info">
            <strong>${student.name}</strong>
            <small class="text-muted d-block">ID: ${student.id}</small>
        </div>
    `;
            row.appendChild(nameCell);

            // Component input cells
            ['knowledge', 'skills', 'attitude'].forEach(category => {
                componentConfigs[category].components.forEach(component => {
                    const inputCell = document.createElement('td');
                    inputCell.innerHTML = `
                <input type="number" 
                       class="form-control form-control-sm grade-input" 
                       data-student-id="${student.id}" 
                       data-category="${category}" 
                       data-component-index="${component.index}"
                       placeholder="0-${component.max_score || 100}"
                       min="0" 
                       max="${component.max_score || 100}"
                       step="0.1"
                       oninput="calculateGrades(${student.id})">
            `;
                    row.appendChild(inputCell);
                });
            });

            // Grade display cells
            const midtermCell = document.createElement('td');
            midtermCell.innerHTML = '<span id="midterm-' + student.id + '" class="grade-display">-</span>';
            row.appendChild(midtermCell);

            const finalCell = document.createElement('td');
            finalCell.innerHTML = '<span id="final-' + student.id + '" class="grade-display">-</span>';
            row.appendChild(finalCell);

            const scoreCell = document.createElement('td');
            scoreCell.innerHTML = '<span id="score-' + student.id + '" class="grade-display">-</span>';
            row.appendChild(scoreCell);

            // Status cell
            const statusCell = document.createElement('td');
            statusCell.innerHTML = '<span id="status-' + student.id + '" class="grade-status incomplete">Incomplete</span>';
            row.appendChild(statusCell);

            return row;
        }

        function calculateGrades(studentId) {
            const midtermWeight = parseFloat(document.getElementById('midtermWeight').value) || 40;
            const finalWeight = parseFloat(document.getElementById('finalWeight').value) || 60;

            let midtermScores = {};
            let finalScores = {};
            let hasAllInputs = true;

            // Calculate scores for each category
            ['knowledge', 'skills', 'attitude'].forEach(category => {
                let categoryScore = 0;
                let categoryTotal = 0;

                componentConfigs[category].components.forEach(component => {
                    const input = document.querySelector(
                        `input[data-student-id="${studentId}"][data-category="${category}"][data-component-index="${component.index}"]`
                    );

                    if (input && input.value !== '') {
                        const value = parseFloat(input.value) || 0;
                        const maxScore = component.max_score || 100;
                        const weightedScore = (value / maxScore) * component.weight;

                        categoryScore += weightedScore;
                        categoryTotal += component.weight;

                        gradeData[studentId].components[`${category}_${component.index}`] = value;

                        // Validate input
                        validateGradeInput(input, value, 0, maxScore);
                    } else {
                        hasAllInputs = false;
                        if (input) validateGradeInput(input, null, 0, component.max_score || 100);
                    }
                });

                const categoryFinal = categoryTotal > 0 ? (categoryScore / categoryTotal) * 100 : 0;
                midtermScores[category] = categoryFinal;
                finalScores[category] =
                categoryFinal; // Same for now, can be modified for different midterm/final components
            });

            // Calculate midterm grade
            const midtermGrade = (
                (midtermScores.knowledge * componentConfigs.knowledge.weight / 100) +
                (midtermScores.skills * componentConfigs.skills.weight / 100) +
                (midtermScores.attitude * componentConfigs.attitude.weight / 100)
            );

            // Calculate final grade
            const finalGrade = (
                (finalScores.knowledge * componentConfigs.knowledge.weight / 100) +
                (finalScores.skills * componentConfigs.skills.weight / 100) +
                (finalScores.attitude * componentConfigs.attitude.weight / 100)
            );

            // Calculate final score
            const finalScore = (midtermGrade * midtermWeight / 100) + (finalGrade * finalWeight / 100);

            // Update display
            const midtermElement = document.getElementById(`midterm-${studentId}`);
            const finalElement = document.getElementById(`final-${studentId}`);
            const scoreElement = document.getElementById(`score-${studentId}`);
            const statusElement = document.getElementById(`status-${studentId}`);

            if (midtermElement) midtermElement.textContent = hasAllInputs ? midtermGrade.toFixed(1) : '-';
            if (finalElement) finalElement.textContent = hasAllInputs ? finalGrade.toFixed(1) : '-';
            if (scoreElement) scoreElement.textContent = hasAllInputs ? finalScore.toFixed(1) : '-';

            // Update status badge
            if (statusElement && hasAllInputs) {
                const status = getGradeStatus(finalScore);
                statusElement.className = `grade-status ${status.class}`;
                statusElement.textContent = status.label;
            } else if (statusElement) {
                statusElement.className = 'grade-status incomplete';
                statusElement.textContent = 'Incomplete';
            }

            // Store in grade data
            gradeData[studentId].midtermGrade = midtermGrade;
            gradeData[studentId].finalGrade = finalGrade;
            gradeData[studentId].finalScore = finalScore;
            gradeData[studentId].hasAllInputs = hasAllInputs;

            // Update statistics
            updateGradeStatistics();
        }

        function getGradeStatus(score) {
            if (score >= 90) return {
                class: 'excellent',
                label: 'Excellent'
            };
            if (score >= 80) return {
                class: 'good',
                label: 'Good'
            };
            if (score >= 75) return {
                class: 'fair',
                label: 'Fair'
            };
            if (score >= 0) return {
                class: 'poor',
                label: 'Poor'
            };
            return {
                class: 'incomplete',
                label: 'Incomplete'
            };
        }

        function validateGradeInput(input, value, min, max) {
            if (!input) return;

            input.classList.remove('is-valid', 'is-invalid');
            input.classList.add('grade-input');

            if (value !== null && value !== '') {
                if (value >= min && value <= max) {
                    input.classList.add('is-valid');
                } else {
                    input.classList.add('is-invalid');
                }
            }
        }

        function updateGradeStatistics() {
            const students = Object.keys(gradeData);
            const totalStudents = students.length;
            let totalGrade = 0;
            let passingCount = 0;
            let completedCount = 0;

            const distribution = {
                excellent: 0,
                good: 0,
                fair: 0,
                poor: 0
            };

            students.forEach(studentId => {
                const data = gradeData[studentId];
                if (data.finalScore && data.hasAllInputs) {
                    totalGrade += data.finalScore;
                    completedCount++;

                    if (data.finalScore >= 75) passingCount++;

                    if (data.finalScore >= 90) distribution.excellent++;
                    else if (data.finalScore >= 80) distribution.good++;
                    else if (data.finalScore >= 70) distribution.fair++;
                    else distribution.poor++;
                }
            });

            const averageGrade = completedCount > 0 ? totalGrade / completedCount : 0;
            const passingRate = completedCount > 0 ? (passingCount / completedCount) * 100 : 0;
            const completionRate = totalStudents > 0 ? (completedCount / totalStudents) * 100 : 0;

            // Update statistics display
            document.getElementById('totalStudents').textContent = totalStudents;
            document.getElementById('averageGrade').textContent = averageGrade.toFixed(1);
            document.getElementById('passingRate').textContent = passingRate.toFixed(0) + '%';
            document.getElementById('completionRate').textContent = completionRate.toFixed(0) + '%';

            // Update grade distribution
            if (completedCount > 0) {
                document.getElementById('excellentCount').style.width = (distribution.excellent / completedCount * 100) +
                    '%';
                document.getElementById('goodCount').style.width = (distribution.good / completedCount * 100) + '%';
                document.getElementById('fairCount').style.width = (distribution.fair / completedCount * 100) + '%';
                document.getElementById('poorCount').style.width = (distribution.poor / completedCount * 100) + '%';
            }
        }

        function calculateAllGrades() {
            showLoading();

            setTimeout(() => {
                Object.keys(gradeData).forEach(studentId => {
                    calculateGrades(studentId);
                });
                hideLoading();
                showNotification('All grades calculated successfully!', 'success');
            }, 500);
        }

        function saveGrades() {
            showLoading();

            const grades = [];
            Object.keys(gradeData).forEach(studentId => {
                const data = gradeData[studentId];
                if (data.hasAllInputs) {
                    grades.push({
                        student_id: studentId,
                        components: data.components,
                        midterm_grade: data.midtermGrade,
                        final_grade: data.finalGrade,
                        final_score: data.finalScore
                    });
                }
            });

            // Send to server
            fetch(`/teacher/grades/advanced/77/save-grades`, {
                    method: 'POST',
                    headers: {
                        'Content-Type': 'application/json',
                        'X-CSRF-TOKEN': document.querySelector('meta[name="csrf-token"]').getAttribute('content')
                    },
                    body: JSON.stringify({
                        term: 'midterm',
                        grades: grades
                    })
                })
                .then(response => response.json())
                .then(data => {
                    hideLoading();
                    if (data.success) {
                        showNotification(data.message, 'success');
                    } else {
                        showNotification('Failed to save grades: ' + (data.message || 'Unknown error'), 'error');
                    }
                })
                .catch(error => {
                    hideLoading();
                    console.error('Error saving grades:', error);
                    showNotification('Error saving grades. Please try again.', 'error');
                });
        }

        function showLoading() {
            const overlay = document.createElement('div');
            overlay.className = 'loading-overlay';
            overlay.innerHTML = '<div class="loading-spinner"></div>';
            document.body.appendChild(overlay);
        }

        function hideLoading() {
            const overlay = document.querySelector('.loading-overlay');
            if (overlay) overlay.remove();
        }

        function updateTableHeaders() {
            // Update headers based on current component configuration
            const headerRow = document.querySelector('#gradeTable thead tr:last-child');
            const knowledgeHeaders = headerRow.querySelectorAll('.knowledge-header');
            const skillsHeaders = headerRow.querySelectorAll('.skills-header');
            const attitudeHeaders = headerRow.querySelectorAll('.attitude-header');

            // Update knowledge headers
            componentConfigs.knowledge.components.forEach((component, index) => {
                if (knowledgeHeaders[index]) {
                    knowledgeHeaders[index].textContent = `${component.name} (${component.weight}%)`;
                }
            });

            // Update skills headers
            componentConfigs.skills.components.forEach((component, index) => {
                if (skillsHeaders[index]) {
                    skillsHeaders[index].textContent = `${component.name} (${component.weight}%)`;
                }
            });

            // Update attitude headers
            componentConfigs.attitude.components.forEach((component, index) => {
                if (attitudeHeaders[index]) {
                    attitudeHeaders[index].textContent = `${component.name} (${component.weight}%)`;
                }
            });
        }

        function addComponent(category) {
            const container = document.getElementById(category + 'Components');
            const newIndex = container.children.length;

            const componentRow = document.createElement('div');
            componentRow.className = 'component-row';
            componentRow.dataset.index = newIndex;

            componentRow.innerHTML = `
        <input type="text" class="form-control-sm" placeholder="Component name">
        <input type="number" class="form-control-sm" placeholder="Weight %" value="0" min="0" max="100">
        <input type="number" class="form-control-sm" placeholder="Max score" value="100">
        <button class="btn-icon btn-delete" onclick="removeComponent('${category}', ${newIndex})">
            <i class="fas fa-trash"></i>
        </button>
    `;

            container.appendChild(componentRow);

            // Re-initialize components
            initializeComponents();
            updateTableHeaders();

            // Re-create student rows with new components
            const tbody = document.getElementById('gradeTableBody');
            tbody.innerHTML = '';
            Object.keys(gradeData).forEach(studentId => {
                const student = {
                    id: studentId,
                    name: gradeData[studentId].name
                };
                const row = createStudentRow(student);
                tbody.appendChild(row);
            });
        }

        function removeComponent(category, index) {
            const container = document.getElementById(category + 'Components');
            const row = container.querySelector(`[data-index="${index}"]`);

            if (container.children.length > 1) {
                row.remove();
                initializeComponents();
                updateTableHeaders();

                // Re-create student rows
                const tbody = document.getElementById('gradeTableBody');
                tbody.innerHTML = '';
                Object.keys(gradeData).forEach(studentId => {
                    const student = {
                        id: studentId,
                        name: gradeData[studentId].name
                    };
                    const row = createStudentRow(student);
                    tbody.appendChild(row);
                });
            }
        }

        function handleWeightChange(category, componentIndex, newWeight) {
            const components = componentConfigs[category].components;
            const otherComponents = components.filter((_, index) => index !== componentIndex);
            const otherTotalWeight = otherComponents.reduce((sum, comp) => sum + comp.weight, 0);
            const totalWeight = otherTotalWeight + newWeight;

            // Check if the new weight would exceed 100%
            if (totalWeight > 100) {
                showNotification(
                    `Γ¥î Weight validation failed. Total would exceed 100% (${otherTotalWeight}% + ${newWeight}% = ${totalWeight}%). Please adjust other weights first.`,
                    'error');

                // Reset to previous value
                const input = document.querySelector(
                    `#${category}Components .component-row[data-index="${componentIndex}"] input:nth-child(2)`);
                if (input) {
                    input.value = components[componentIndex].weight;
                    input.classList.add('is-invalid');
                    setTimeout(() => input.classList.remove('is-invalid'), 2000);
                }
                return;
            }

            // If valid, redistribute remaining weight among other components
            const remainingWeight = 100 - newWeight;
            if (otherComponents.length > 0 && remainingWeight > 0) {
                // Calculate equal distribution
                const baseWeight = Math.floor(remainingWeight / otherComponents.length * 100) / 100;
                const totalBaseWeight = baseWeight * otherComponents.length;
                const remainder = Math.round((remainingWeight - totalBaseWeight) * 100) / 100;

                // Distribute base weight and remainder
                otherComponents.forEach((component, index) => {
                    let weight = baseWeight;
                    if (index < remainder * 100) { // Distribute remainder as 0.01 increments
                        weight += 0.01;
                    }
                    component.weight = Math.round(weight * 100) / 100; // Round to 2 decimal places
                });

                // Update UI for other components
                otherComponents.forEach((_, index) => {
                    const actualIndex = components.findIndex((_, i) => i !== componentIndex && components[i] ===
                        otherComponents[index - (index > componentIndex ? 1 : 0)]);
                    const input = document.querySelector(
                        `#${category}Components .component-row[data-index="${actualIndex}"] input:nth-child(2)`);
                    if (input) {
                        input.value = otherComponents[index].weight;
                    }
                });

                showNotification(
                    `Γ£à Weight updated! Remaining ${remainingWeight}% redistributed among ${otherComponents.length} other component(s).`,
                    'success');
            }

            // Update the changed component's weight
            components[componentIndex].weight = newWeight;

            // Update component configs
            initializeComponents();
            updateTableHeaders();
            calculateAllGrades();
        }

        function setupEventListeners() {
            // Weight change listeners for midterm/final
            document.getElementById('midtermWeight').addEventListener('input', function() {
                const finalWeight = 100 - parseFloat(this.value);
                document.getElementById('finalWeight').value = finalWeight;
                recalculateAllGrades();
            });

            document.getElementById('finalWeight').addEventListener('input', function() {
                const midtermWeight = 100 - parseFloat(this.value);
                document.getElementById('midtermWeight').value = midtermWeight;
                recalculateAllGrades();
            });

            // Attendance toggle listener
            document.getElementById('attendanceToggle').addEventListener('change', function() {
                toggleAttendanceAffectsGrade(this.checked);
            });

            // Component input listeners - specifically handle weight changes
            document.querySelectorAll('.component-row input:nth-child(2)').forEach(
            input => { // Weight inputs (2nd input in each row)
                input.addEventListener('input', function() {
                    const row = this.closest('.component-row');
                    const category = row.closest('[id$="Components"]').id.replace('Components',
                    ''); // Extract category from container ID
                    const componentIndex = parseInt(row.dataset.index);
                    const newWeight = parseFloat(this.value) || 0;

                    // Trigger automatic redistribution
                    handleWeightChange(category, componentIndex, newWeight);
                });
            });

            // Other component inputs (name and max score)
            document.querySelectorAll('.component-row input:not(:nth-child(2))').forEach(input => {
                input.addEventListener('input', function() {
                    initializeComponents();
                    updateTableHeaders();
                });
            });
        }

        function recalculateAllGrades() {
            Object.keys(gradeData).forEach(studentId => {
                calculateGrades(studentId);
            });
        }

        function saveConfiguration() {
            const config = {
                midtermWeight: document.getElementById('midtermWeight').value,
                finalWeight: document.getElementById('finalWeight').value,
                components: componentConfigs,
                attendance_affects_grade: document.getElementById('attendanceToggle').checked
            };

            // Save to localStorage or send to server
            localStorage.setItem('gradeConfig', JSON.stringify(config));

            // Show success message
            showNotification('Configuration saved successfully!', 'success');
        }

        function toggleAttendanceAffectsGrade(enabled) {
            // Send request to server to update attendance setting
            fetch(`https://interlobular-ricardo-spinproof.ngrok-free.dev/teacher/components/77/toggle-attendance`, {
                    method: 'POST',
                    headers: {
                        'Content-Type': 'application/json',
                        'X-CSRF-TOKEN': 'Q4bDucsodNvNZBKlVlQqAl0vmDA8dUUUZWkwpndL'
                    },
                    body: JSON.stringify({
                        attendance_affects_grade: enabled,
                        term: 'midterm'
                    })
                })
                .then(response => response.json())
                .then(data => {
                    if (data.success) {
                        showNotification(data.message, 'success');
                        // Update grade calculations if needed
                        calculateAllGrades();
                    } else {
                        showNotification(data.message, 'error');
                        // Reset toggle if failed
                        document.getElementById('attendanceToggle').checked = !enabled;
                    }
                })
                .catch(error => {
                    console.error('Error:', error);
                    showNotification('Failed to update attendance setting', 'error');
                    // Reset toggle if failed
                    document.getElementById('attendanceToggle').checked = !enabled;
                });
        }

        function resetToDefault() {
            if (confirm('Are you sure you want to reset to default configuration?')) {
                document.getElementById('midtermWeight').value = 40;
                document.getElementById('finalWeight').value = 60;

                // Reset components to default
                location.reload();
            }
        }

        function saveGrades() {
            const grades = [];
            Object.keys(gradeData).forEach(studentId => {
                grades.push({
                    studentId: studentId,
                    name: gradeData[studentId].name,
                    components: gradeData[studentId].components,
                    midtermGrade: gradeData[studentId].midtermGrade,
                    finalGrade: gradeData[studentId].finalGrade,
                    finalScore: gradeData[studentId].finalScore
                });
            });

            console.log('Saving grades:', grades);
            showNotification('Grades saved successfully!', 'success');
        }

        function exportGrades() {
            // Create CSV template
            let csv = 'Student Name,';

            // Add headers for each component
            ['knowledge', 'skills', 'attitude'].forEach(category => {
                componentConfigs[category].components.forEach(component => {
                    csv += `${component.name},`;
                });
            });

            csv += '\n';

            // Add student data
            Object.keys(gradeData).forEach(studentId => {
                csv += `${gradeData[studentId].name},`;
                ['knowledge', 'skills', 'attitude'].forEach(category => {
                    componentConfigs[category].components.forEach(component => {
                        const value = gradeData[studentId].components[
                            `${category}_${component.index}`] || '';
                        csv += `${value},`;
                    });
                });
                csv += '\n';
            });

            // Download CSV
            const blob = new Blob([csv], {
                type: 'text/csv'
            });
            const url = window.URL.createObjectURL(blob);
            const a = document.createElement('a');
            a.href = url;
            a.download = 'grade_template.csv';
            a.click();
        }

        function importGrades() {
            const input = document.createElement('input');
            input.type = 'file';
            input.accept = '.csv';
            input.onchange = function(e) {
                const file = e.target.files[0];
                const reader = new FileReader();
                reader.onload = function(event) {
                    // Parse CSV and update grade data
                    showNotification('Grades imported successfully!', 'success');
                };
                reader.readAsText(file);
            };
            input.click();
        }

        function showNotification(message, type) {
            // Create notification element
            const notification = document.createElement('div');
            notification.className = `alert alert-${type} position-fixed`;
            notification.style.cssText = 'top: 20px; right: 20px; z-index: 9999; min-width: 300px;';
            notification.innerHTML = `
        <div class="d-flex align-items-center">
            <i class="fas fa-check-circle me-2"></i>
            ${message}
        </div>
    `;

            document.body.appendChild(notification);

            setTimeout(() => {
                notification.remove();
            }, 3000);
        }
    </script>

            </div>
        </main>
    </div>

    <!-- jQuery (required for Select2 and other plugins) -->
    <script src="https://code.jquery.com/jquery-3.7.1.min.js"></script>
    
    <!-- Bootstrap JS -->
    <script src="https://cdn.jsdelivr.net/npm/bootstrap@5.3.0/dist/js/bootstrap.bundle.min.js"></script>

    <script>
        // Layout Management
        const sidebar = document.getElementById('sidebar');
        const mainContent = document.getElementById('mainContent');
        const mobileOverlay = document.getElementById('mobileOverlay');

        let isCollapsed = false;
        let isMobile = window.innerWidth <= 768;

        // Toggle Sidebar
        function toggleSidebar() {
            if (isMobile) {
                // Mobile: slide in/out
                sidebar.classList.toggle('mobile-show');
                mobileOverlay.classList.toggle('show');
                document.body.style.overflow = sidebar.classList.contains('mobile-show') ? 'hidden' : '';
            } else {
                // Desktop: collapse/expand
                isCollapsed = !isCollapsed;
                sidebar.classList.toggle('collapsed');
                document.body.classList.toggle('sidebar-collapsed', isCollapsed);
                mainContent.classList.toggle('expanded');

                // Save preference
                localStorage.setItem('sidebarCollapsed', isCollapsed);
            }
        }

        // Close Mobile Sidebar
        function closeMobileSidebar() {
            if (isMobile) {
                sidebar.classList.remove('mobile-show');
                mobileOverlay.classList.remove('show');
                document.body.style.overflow = '';
            }
        }

        // Check Mobile Status
        function checkMobileStatus() {
            isMobile = window.innerWidth <= 768;

            if (!isMobile) {
                // Reset mobile states when switching to desktop
                sidebar.classList.remove('mobile-show');
                mobileOverlay.classList.remove('show');
                document.body.style.overflow = '';
            }
        }

        // Initialize Sidebar State
        function initializeSidebar() {
            const savedCollapsed = localStorage.getItem('sidebarCollapsed') === 'true';

            if (savedCollapsed && !isMobile) {
                isCollapsed = true;
                sidebar.classList.add('collapsed');
                document.body.classList.add('sidebar-collapsed');
                mainContent.classList.add('expanded');
            }
        }

        // Handle Navigation Links (Mobile)
        document.querySelectorAll('.nav-link').forEach(link => {
            link.addEventListener('click', () => {
                if (isMobile) {
                    closeMobileSidebar();
                }
            });
        });

        // Window Resize Handler
        let resizeTimeout;
        window.addEventListener('resize', () => {
            clearTimeout(resizeTimeout);
            resizeTimeout = setTimeout(() => {
                checkMobileStatus();
            }, 250);
        });

        // Initialize on Load
        document.addEventListener('DOMContentLoaded', () => {
            checkMobileStatus();
            initializeSidebar();
        });

        // Keyboard Navigation
        document.addEventListener('keydown', (e) => {
            // Ctrl/Cmd + B to toggle sidebar
            if ((e.ctrlKey || e.metaKey) && e.key === 'b') {
                e.preventDefault();
                toggleSidebar();
            }

            // Escape to close mobile sidebar
            if (e.key === 'Escape' && isMobile) {
                closeMobileSidebar();
            }
        });

        // Mark notifications as read when viewed
        document.querySelectorAll('.notification-item').forEach(item => {
            item.addEventListener('click', function() {
                // Add AJAX call to mark as read if needed
                console.log('Notification clicked');
            });
        });

        // Prevent dropdown close on click inside
        document.querySelectorAll('.dropdown-menu').forEach(menu => {
            menu.addEventListener('click', (e) => {
                e.stopPropagation();
            });
        });
    </script>

    </body>

</html>
' contains "componentManagerModal" in specified order..

  at tests\Feature\ComponentManagerTest.php:45
     41Γûò             ->get(route('teacher.grades.entry', ['classId' => $this->classModel->id]));
     42Γûò 
     43Γûò         // Assert page contains modal reference
     44Γûò         $response->assertStatus(200);
  Γ₧£  45Γûò         $response->assertSeeInOrder([
     46Γûò             'Manage Components',
     47Γûò             'componentManagerModal'
     48Γûò         ]);
     49Γûò     }

  ΓöÇΓöÇΓöÇΓöÇΓöÇΓöÇΓöÇΓöÇΓöÇΓöÇΓöÇΓöÇΓöÇΓöÇΓöÇΓöÇΓöÇΓöÇΓöÇΓöÇΓöÇΓöÇΓöÇΓöÇΓöÇΓöÇΓöÇΓöÇΓöÇΓöÇΓöÇΓöÇΓöÇΓöÇΓöÇΓöÇΓöÇΓöÇΓöÇΓöÇΓöÇΓöÇΓöÇΓöÇΓöÇΓöÇΓöÇΓöÇΓöÇΓöÇΓöÇΓöÇΓöÇΓöÇΓöÇΓöÇΓöÇΓöÇΓöÇΓöÇΓöÇΓöÇΓöÇΓöÇΓöÇΓöÇΓöÇΓöÇΓöÇΓöÇΓöÇΓöÇΓöÇΓöÇΓöÇΓöÇΓöÇΓöÇΓöÇΓöÇΓöÇΓöÇΓöÇΓöÇΓöÇΓöÇΓöÇΓöÇΓöÇΓöÇΓöÇΓöÇΓöÇΓöÇΓöÇΓöÇΓöÇΓöÇΓöÇΓöÇΓöÇΓöÇΓöÇΓöÇΓöÇΓöÇΓöÇΓöÇΓöÇΓöÇΓöÇΓöÇΓöÇΓöÇΓöÇΓöÇΓöÇΓöÇΓöÇΓöÇΓöÇΓöÇΓöÇΓöÇΓöÇΓöÇΓöÇΓöÇΓöÇΓöÇΓöÇΓöÇΓöÇΓöÇΓöÇΓöÇ  
   FAILED  Tests\Feature\ComponentManagerTest > teacher can add component                                                                   
  Failed asserting that an array has the key 'data'.

  at tests\Feature\ComponentManagerTest.php:64
     60Γûò                 'weight' => 10,
     61Γûò             ]);
     62Γûò 
     63Γûò         $response->assertStatus(201);
  Γ₧£  64Γûò         $response->assertJsonStructure(['data' => ['id', 'name', 'category', 'max_score', 'weight']]);
     65Γûò 
     66Γûò         // Verify component in database
     67Γûò         $this->assertDatabaseHas('assessment_components', [
     68Γûò             'class_id' => $this->classModel->id,

  ΓöÇΓöÇΓöÇΓöÇΓöÇΓöÇΓöÇΓöÇΓöÇΓöÇΓöÇΓöÇΓöÇΓöÇΓöÇΓöÇΓöÇΓöÇΓöÇΓöÇΓöÇΓöÇΓöÇΓöÇΓöÇΓöÇΓöÇΓöÇΓöÇΓöÇΓöÇΓöÇΓöÇΓöÇΓöÇΓöÇΓöÇΓöÇΓöÇΓöÇΓöÇΓöÇΓöÇΓöÇΓöÇΓöÇΓöÇΓöÇΓöÇΓöÇΓöÇΓöÇΓöÇΓöÇΓöÇΓöÇΓöÇΓöÇΓöÇΓöÇΓöÇΓöÇΓöÇΓöÇΓöÇΓöÇΓöÇΓöÇΓöÇΓöÇΓöÇΓöÇΓöÇΓöÇΓöÇΓöÇΓöÇΓöÇΓöÇΓöÇΓöÇΓöÇΓöÇΓöÇΓöÇΓöÇΓöÇΓöÇΓöÇΓöÇΓöÇΓöÇΓöÇΓöÇΓöÇΓöÇΓöÇΓöÇΓöÇΓöÇΓöÇΓöÇΓöÇΓöÇΓöÇΓöÇΓöÇΓöÇΓöÇΓöÇΓöÇΓöÇΓöÇΓöÇΓöÇΓöÇΓöÇΓöÇΓöÇΓöÇΓöÇΓöÇΓöÇΓöÇΓöÇΓöÇΓöÇΓöÇΓöÇΓöÇΓöÇΓöÇΓöÇΓöÇΓöÇΓöÇ  
   FAILED  Tests\Feature\ComponentManagerTest > teacher can get all components                                             QueryException   
  SQLSTATE[42S22]: Column not found: 1054 Unknown column 'term' in 'field list' (Connection: mysql, Host: 127.0.0.1, Port: 3306, Database: edutrack_db, SQL: insert into `assessment_components` (`class_id`, `term`, `name`, `category`, `max_score`, `weight`, `sort_order`, `entry_mode`, `is_active`, `updated_at`, `created_at`) values (79, final, ipsam, Knowledge, 16, 57, 7, automated, 1, 2026-04-08 14:44:07, 2026-04-08 14:44:07))

  at vendor\laravel\framework\src\Illuminate\Database\MySqlConnection.php:47
     43Γûò             if ($this->pretending()) {
     44Γûò                 return true;
     45Γûò             }
     46Γûò 
  Γ₧£  47Γûò             $statement = $this->getPdo()->prepare($query);
     48Γûò 
     49Γûò             $this->bindValues($statement, $this->prepareBindings($bindings));
     50Γûò 
     51Γûò             $this->recordsHaveBeenModified();

  1   vendor\laravel\framework\src\Illuminate\Database\MySqlConnection.php:47
  2   vendor\laravel\framework\src\Illuminate\Database\Connection.php:827

  ΓöÇΓöÇΓöÇΓöÇΓöÇΓöÇΓöÇΓöÇΓöÇΓöÇΓöÇΓöÇΓöÇΓöÇΓöÇΓöÇΓöÇΓöÇΓöÇΓöÇΓöÇΓöÇΓöÇΓöÇΓöÇΓöÇΓöÇΓöÇΓöÇΓöÇΓöÇΓöÇΓöÇΓöÇΓöÇΓöÇΓöÇΓöÇΓöÇΓöÇΓöÇΓöÇΓöÇΓöÇΓöÇΓöÇΓöÇΓöÇΓöÇΓöÇΓöÇΓöÇΓöÇΓöÇΓöÇΓöÇΓöÇΓöÇΓöÇΓöÇΓöÇΓöÇΓöÇΓöÇΓöÇΓöÇΓöÇΓöÇΓöÇΓöÇΓöÇΓöÇΓöÇΓöÇΓöÇΓöÇΓöÇΓöÇΓöÇΓöÇΓöÇΓöÇΓöÇΓöÇΓöÇΓöÇΓöÇΓöÇΓöÇΓöÇΓöÇΓöÇΓöÇΓöÇΓöÇΓöÇΓöÇΓöÇΓöÇΓöÇΓöÇΓöÇΓöÇΓöÇΓöÇΓöÇΓöÇΓöÇΓöÇΓöÇΓöÇΓöÇΓöÇΓöÇΓöÇΓöÇΓöÇΓöÇΓöÇΓöÇΓöÇΓöÇΓöÇΓöÇΓöÇΓöÇΓöÇΓöÇΓöÇΓöÇΓöÇΓöÇΓöÇΓöÇΓöÇΓöÇ  
   FAILED  Tests\Feature\ComponentManagerTest > teacher can delete component                                               QueryException   
  SQLSTATE[42S22]: Column not found: 1054 Unknown column 'term' in 'field list' (Connection: mysql, Host: 127.0.0.1, Port: 3306, Database: edutrack_db, SQL: insert into `assessment_components` (`class_id`, `term`, `name`, `category`, `max_score`, `weight`, `sort_order`, `entry_mode`, `is_active`, `updated_at`, `created_at`) values (80, midterm, architecto, Knowledge, 32, 90, 5, manual, 1, 2026-04-08 14:44:07, 2026-04-08 14:44:07))

  at vendor\laravel\framework\src\Illuminate\Database\MySqlConnection.php:47
     43Γûò             if ($this->pretending()) {
     44Γûò                 return true;
     45Γûò             }
     46Γûò 
  Γ₧£  47Γûò             $statement = $this->getPdo()->prepare($query);
     48Γûò 
     49Γûò             $this->bindValues($statement, $this->prepareBindings($bindings));
     50Γûò 
     51Γûò             $this->recordsHaveBeenModified();

  1   vendor\laravel\framework\src\Illuminate\Database\MySqlConnection.php:47
  2   vendor\laravel\framework\src\Illuminate\Database\Connection.php:827

  ΓöÇΓöÇΓöÇΓöÇΓöÇΓöÇΓöÇΓöÇΓöÇΓöÇΓöÇΓöÇΓöÇΓöÇΓöÇΓöÇΓöÇΓöÇΓöÇΓöÇΓöÇΓöÇΓöÇΓöÇΓöÇΓöÇΓöÇΓöÇΓöÇΓöÇΓöÇΓöÇΓöÇΓöÇΓöÇΓöÇΓöÇΓöÇΓöÇΓöÇΓöÇΓöÇΓöÇΓöÇΓöÇΓöÇΓöÇΓöÇΓöÇΓöÇΓöÇΓöÇΓöÇΓöÇΓöÇΓöÇΓöÇΓöÇΓöÇΓöÇΓöÇΓöÇΓöÇΓöÇΓöÇΓöÇΓöÇΓöÇΓöÇΓöÇΓöÇΓöÇΓöÇΓöÇΓöÇΓöÇΓöÇΓöÇΓöÇΓöÇΓöÇΓöÇΓöÇΓöÇΓöÇΓöÇΓöÇΓöÇΓöÇΓöÇΓöÇΓöÇΓöÇΓöÇΓöÇΓöÇΓöÇΓöÇΓöÇΓöÇΓöÇΓöÇΓöÇΓöÇΓöÇΓöÇΓöÇΓöÇΓöÇΓöÇΓöÇΓöÇΓöÇΓöÇΓöÇΓöÇΓöÇΓöÇΓöÇΓöÇΓöÇΓöÇΓöÇΓöÇΓöÇΓöÇΓöÇΓöÇΓöÇΓöÇΓöÇΓöÇΓöÇΓöÇΓöÇΓöÇ  
   FAILED  Tests\Feature\ComponentManagerTest > teacher can duplicate component                                            QueryException   
  SQLSTATE[42S22]: Column not found: 1054 Unknown column 'term' in 'field list' (Connection: mysql, Host: 127.0.0.1, Port: 3306, Database: edutrack_db, SQL: insert into `assessment_components` (`class_id`, `term`, `name`, `category`, `max_score`, `weight`, `sort_order`, `entry_mode`, `is_active`, `updated_at`, `created_at`) values (81, general, Original Component, Custom, 69, 70, 7, manual, 1, 2026-04-08 14:44:07, 2026-04-08 14:44:07))

  at vendor\laravel\framework\src\Illuminate\Database\MySqlConnection.php:47
     43Γûò             if ($this->pretending()) {
     44Γûò                 return true;
     45Γûò             }
     46Γûò 
  Γ₧£  47Γûò             $statement = $this->getPdo()->prepare($query);
     48Γûò 
     49Γûò             $this->bindValues($statement, $this->prepareBindings($bindings));
     50Γûò 
     51Γûò             $this->recordsHaveBeenModified();

  1   vendor\laravel\framework\src\Illuminate\Database\MySqlConnection.php:47
  2   vendor\laravel\framework\src\Illuminate\Database\Connection.php:827

  ΓöÇΓöÇΓöÇΓöÇΓöÇΓöÇΓöÇΓöÇΓöÇΓöÇΓöÇΓöÇΓöÇΓöÇΓöÇΓöÇΓöÇΓöÇΓöÇΓöÇΓöÇΓöÇΓöÇΓöÇΓöÇΓöÇΓöÇΓöÇΓöÇΓöÇΓöÇΓöÇΓöÇΓöÇΓöÇΓöÇΓöÇΓöÇΓöÇΓöÇΓöÇΓöÇΓöÇΓöÇΓöÇΓöÇΓöÇΓöÇΓöÇΓöÇΓöÇΓöÇΓöÇΓöÇΓöÇΓöÇΓöÇΓöÇΓöÇΓöÇΓöÇΓöÇΓöÇΓöÇΓöÇΓöÇΓöÇΓöÇΓöÇΓöÇΓöÇΓöÇΓöÇΓöÇΓöÇΓöÇΓöÇΓöÇΓöÇΓöÇΓöÇΓöÇΓöÇΓöÇΓöÇΓöÇΓöÇΓöÇΓöÇΓöÇΓöÇΓöÇΓöÇΓöÇΓöÇΓöÇΓöÇΓöÇΓöÇΓöÇΓöÇΓöÇΓöÇΓöÇΓöÇΓöÇΓöÇΓöÇΓöÇΓöÇΓöÇΓöÇΓöÇΓöÇΓöÇΓöÇΓöÇΓöÇΓöÇΓöÇΓöÇΓöÇΓöÇΓöÇΓöÇΓöÇΓöÇΓöÇΓöÇΓöÇΓöÇΓöÇΓöÇΓöÇΓöÇΓöÇ  
   FAILED  Tests\Feature\ComponentManagerTest > teacher can get subcategories for category                                                  
  Expected response status code [200] but received 400.
Failed asserting that 400 is identical to 200.

  at tests\Feature\ComponentManagerTest.php:140
    136Γûò                 'classId' => $this->classModel->id,
    137Γûò                 'category' => 'Knowledge'
    138Γûò             ]));
    139Γûò 
  Γ₧£ 140Γûò         $response->assertStatus(200);
    141Γûò         $response->assertJsonStructure(['data']);
    142Γûò         // Verify it contains Knowledge subcategories
    143Γûò         $this->assertContains('Quiz', $response->json('data'));
    144Γûò     }

  ΓöÇΓöÇΓöÇΓöÇΓöÇΓöÇΓöÇΓöÇΓöÇΓöÇΓöÇΓöÇΓöÇΓöÇΓöÇΓöÇΓöÇΓöÇΓöÇΓöÇΓöÇΓöÇΓöÇΓöÇΓöÇΓöÇΓöÇΓöÇΓöÇΓöÇΓöÇΓöÇΓöÇΓöÇΓöÇΓöÇΓöÇΓöÇΓöÇΓöÇΓöÇΓöÇΓöÇΓöÇΓöÇΓöÇΓöÇΓöÇΓöÇΓöÇΓöÇΓöÇΓöÇΓöÇΓöÇΓöÇΓöÇΓöÇΓöÇΓöÇΓöÇΓöÇΓöÇΓöÇΓöÇΓöÇΓöÇΓöÇΓöÇΓöÇΓöÇΓöÇΓöÇΓöÇΓöÇΓöÇΓöÇΓöÇΓöÇΓöÇΓöÇΓöÇΓöÇΓöÇΓöÇΓöÇΓöÇΓöÇΓöÇΓöÇΓöÇΓöÇΓöÇΓöÇΓöÇΓöÇΓöÇΓöÇΓöÇΓöÇΓöÇΓöÇΓöÇΓöÇΓöÇΓöÇΓöÇΓöÇΓöÇΓöÇΓöÇΓöÇΓöÇΓöÇΓöÇΓöÇΓöÇΓöÇΓöÇΓöÇΓöÇΓöÇΓöÇΓöÇΓöÇΓöÇΓöÇΓöÇΓöÇΓöÇΓöÇΓöÇΓöÇΓöÇΓöÇΓöÇ  
   FAILED  Tests\Feature\ComponentManagerTest > teacher can apply template                                                                  
  Expected response status code [200] but received 422.
Failed asserting that 422 is identical to 200.

The following errors occurred during the last request:

{
    "message": "The selected template is invalid. (and 1 more error)",
    "errors": {
        "template": [
            "The selected template is invalid."
        ],
        "category": [
            "The category field is required."
        ]
    }
}

  at tests\Feature\ComponentManagerTest.php:154
    150Γûò             ->postJson(route('teacher.components.apply-template', $this->classModel->id), [
    151Γûò                 'template' => 'Knowledge'
    152Γûò             ]);
    153Γûò 
  Γ₧£ 154Γûò         $response->assertStatus(200);
    155Γûò 
    156Γûò         // Verify components were created
    157Γûò         $components = AssessmentComponent::where('class_id', $this->classModel->id)
    158Γûò             ->where('category', 'Knowledge')

  ΓöÇΓöÇΓöÇΓöÇΓöÇΓöÇΓöÇΓöÇΓöÇΓöÇΓöÇΓöÇΓöÇΓöÇΓöÇΓöÇΓöÇΓöÇΓöÇΓöÇΓöÇΓöÇΓöÇΓöÇΓöÇΓöÇΓöÇΓöÇΓöÇΓöÇΓöÇΓöÇΓöÇΓöÇΓöÇΓöÇΓöÇΓöÇΓöÇΓöÇΓöÇΓöÇΓöÇΓöÇΓöÇΓöÇΓöÇΓöÇΓöÇΓöÇΓöÇΓöÇΓöÇΓöÇΓöÇΓöÇΓöÇΓöÇΓöÇΓöÇΓöÇΓöÇΓöÇΓöÇΓöÇΓöÇΓöÇΓöÇΓöÇΓöÇΓöÇΓöÇΓöÇΓöÇΓöÇΓöÇΓöÇΓöÇΓöÇΓöÇΓöÇΓöÇΓöÇΓöÇΓöÇΓöÇΓöÇΓöÇΓöÇΓöÇΓöÇΓöÇΓöÇΓöÇΓöÇΓöÇΓöÇΓöÇΓöÇΓöÇΓöÇΓöÇΓöÇΓöÇΓöÇΓöÇΓöÇΓöÇΓöÇΓöÇΓöÇΓöÇΓöÇΓöÇΓöÇΓöÇΓöÇΓöÇΓöÇΓöÇΓöÇΓöÇΓöÇΓöÇΓöÇΓöÇΓöÇΓöÇΓöÇΓöÇΓöÇΓöÇΓöÇΓöÇΓöÇΓöÇ  
   FAILED  Tests\Feature\ComponentManagerTest > non teacher cannot manage components                                                        
  Expected response status code [403] but received 302.
Failed asserting that 302 is identical to 403.

  at tests\Feature\ComponentManagerTest.php:214
    210Γûò                 'category' => 'Knowledge',
    211Γûò                 'max_score' => 25,
    212Γûò             ]);
    213Γûò 
  Γ₧£ 214Γûò         $response->assertStatus(403);
    215Γûò     }
    216Γûò }
    217Γûò

  ΓöÇΓöÇΓöÇΓöÇΓöÇΓöÇΓöÇΓöÇΓöÇΓöÇΓöÇΓöÇΓöÇΓöÇΓöÇΓöÇΓöÇΓöÇΓöÇΓöÇΓöÇΓöÇΓöÇΓöÇΓöÇΓöÇΓöÇΓöÇΓöÇΓöÇΓöÇΓöÇΓöÇΓöÇΓöÇΓöÇΓöÇΓöÇΓöÇΓöÇΓöÇΓöÇΓöÇΓöÇΓöÇΓöÇΓöÇΓöÇΓöÇΓöÇΓöÇΓöÇΓöÇΓöÇΓöÇΓöÇΓöÇΓöÇΓöÇΓöÇΓöÇΓöÇΓöÇΓöÇΓöÇΓöÇΓöÇΓöÇΓöÇΓöÇΓöÇΓöÇΓöÇΓöÇΓöÇΓöÇΓöÇΓöÇΓöÇΓöÇΓöÇΓöÇΓöÇΓöÇΓöÇΓöÇΓöÇΓöÇΓöÇΓöÇΓöÇΓöÇΓöÇΓöÇΓöÇΓöÇΓöÇΓöÇΓöÇΓöÇΓöÇΓöÇΓöÇΓöÇΓöÇΓöÇΓöÇΓöÇΓöÇΓöÇΓöÇΓöÇΓöÇΓöÇΓöÇΓöÇΓöÇΓöÇΓöÇΓöÇΓöÇΓöÇΓöÇΓöÇΓöÇΓöÇΓöÇΓöÇΓöÇΓöÇΓöÇΓöÇΓöÇΓöÇΓöÇΓöÇ  
   FAILED  Tests\Feature\ExampleTest > the application returns a successful response                                                        
  Expected response status code [200] but received 302.
Failed asserting that 302 is identical to 200.

  at tests\Feature\ExampleTest.php:17
     13Γûò     public function test_the_application_returns_a_successful_response(): void
     14Γûò     {
     15Γûò         $response = $this->get('/');
     16Γûò 
  Γ₧£  17Γûò         $response->assertStatus(200);
     18Γûò     }
     19Γûò }
     20Γûò

  ΓöÇΓöÇΓöÇΓöÇΓöÇΓöÇΓöÇΓöÇΓöÇΓöÇΓöÇΓöÇΓöÇΓöÇΓöÇΓöÇΓöÇΓöÇΓöÇΓöÇΓöÇΓöÇΓöÇΓöÇΓöÇΓöÇΓöÇΓöÇΓöÇΓöÇΓöÇΓöÇΓöÇΓöÇΓöÇΓöÇΓöÇΓöÇΓöÇΓöÇΓöÇΓöÇΓöÇΓöÇΓöÇΓöÇΓöÇΓöÇΓöÇΓöÇΓöÇΓöÇΓöÇΓöÇΓöÇΓöÇΓöÇΓöÇΓöÇΓöÇΓöÇΓöÇΓöÇΓöÇΓöÇΓöÇΓöÇΓöÇΓöÇΓöÇΓöÇΓöÇΓöÇΓöÇΓöÇΓöÇΓöÇΓöÇΓöÇΓöÇΓöÇΓöÇΓöÇΓöÇΓöÇΓöÇΓöÇΓöÇΓöÇΓöÇΓöÇΓöÇΓöÇΓöÇΓöÇΓöÇΓöÇΓöÇΓöÇΓöÇΓöÇΓöÇΓöÇΓöÇΓöÇΓöÇΓöÇΓöÇΓöÇΓöÇΓöÇΓöÇΓöÇΓöÇΓöÇΓöÇΓöÇΓöÇΓöÇΓöÇΓöÇΓöÇΓöÇΓöÇΓöÇΓöÇΓöÇΓöÇΓöÇΓöÇΓöÇΓöÇΓöÇΓöÇΓöÇΓöÇ  
   FAILED  Tests\Feature\GradingModeTest > show grading mode selector                                            InvalidArgumentException   
  Unknown format "dateOfBirth"

  at vendor\fakerphp\faker\src\Faker\Generator.php:743
    739Γûò                 return $this->formatters[$format];
    740Γûò             }
    741Γûò         }
    742Γûò 
  Γ₧£ 743Γûò         throw new \InvalidArgumentException(sprintf('Unknown format "%s"', $format));
    744Γûò     }
    745Γûò 
    746Γûò     /**
    747Γûò      * Replaces tokens ('{{ tokenName }}') with the result from the token method call

  1   vendor\fakerphp\faker\src\Faker\Generator.php:743
  2   vendor\fakerphp\faker\src\Faker\Generator.php:708

  ΓöÇΓöÇΓöÇΓöÇΓöÇΓöÇΓöÇΓöÇΓöÇΓöÇΓöÇΓöÇΓöÇΓöÇΓöÇΓöÇΓöÇΓöÇΓöÇΓöÇΓöÇΓöÇΓöÇΓöÇΓöÇΓöÇΓöÇΓöÇΓöÇΓöÇΓöÇΓöÇΓöÇΓöÇΓöÇΓöÇΓöÇΓöÇΓöÇΓöÇΓöÇΓöÇΓöÇΓöÇΓöÇΓöÇΓöÇΓöÇΓöÇΓöÇΓöÇΓöÇΓöÇΓöÇΓöÇΓöÇΓöÇΓöÇΓöÇΓöÇΓöÇΓöÇΓöÇΓöÇΓöÇΓöÇΓöÇΓöÇΓöÇΓöÇΓöÇΓöÇΓöÇΓöÇΓöÇΓöÇΓöÇΓöÇΓöÇΓöÇΓöÇΓöÇΓöÇΓöÇΓöÇΓöÇΓöÇΓöÇΓöÇΓöÇΓöÇΓöÇΓöÇΓöÇΓöÇΓöÇΓöÇΓöÇΓöÇΓöÇΓöÇΓöÇΓöÇΓöÇΓöÇΓöÇΓöÇΓöÇΓöÇΓöÇΓöÇΓöÇΓöÇΓöÇΓöÇΓöÇΓöÇΓöÇΓöÇΓöÇΓöÇΓöÇΓöÇΓöÇΓöÇΓöÇΓöÇΓöÇΓöÇΓöÇΓöÇΓöÇΓöÇΓöÇΓöÇΓöÇ  
   FAILED  Tests\Feature\GradingModeTest > update mode to manual                                                 InvalidArgumentException   
  Unknown format "dateOfBirth"

  at vendor\fakerphp\faker\src\Faker\Generator.php:743
    739Γûò                 return $this->formatters[$format];
    740Γûò             }
    741Γûò         }
    742Γûò 
  Γ₧£ 743Γûò         throw new \InvalidArgumentException(sprintf('Unknown format "%s"', $format));
    744Γûò     }
    745Γûò 
    746Γûò     /**
    747Γûò      * Replaces tokens ('{{ tokenName }}') with the result from the token method call

  1   vendor\fakerphp\faker\src\Faker\Generator.php:743
  2   vendor\fakerphp\faker\src\Faker\Generator.php:708

  ΓöÇΓöÇΓöÇΓöÇΓöÇΓöÇΓöÇΓöÇΓöÇΓöÇΓöÇΓöÇΓöÇΓöÇΓöÇΓöÇΓöÇΓöÇΓöÇΓöÇΓöÇΓöÇΓöÇΓöÇΓöÇΓöÇΓöÇΓöÇΓöÇΓöÇΓöÇΓöÇΓöÇΓöÇΓöÇΓöÇΓöÇΓöÇΓöÇΓöÇΓöÇΓöÇΓöÇΓöÇΓöÇΓöÇΓöÇΓöÇΓöÇΓöÇΓöÇΓöÇΓöÇΓöÇΓöÇΓöÇΓöÇΓöÇΓöÇΓöÇΓöÇΓöÇΓöÇΓöÇΓöÇΓöÇΓöÇΓöÇΓöÇΓöÇΓöÇΓöÇΓöÇΓöÇΓöÇΓöÇΓöÇΓöÇΓöÇΓöÇΓöÇΓöÇΓöÇΓöÇΓöÇΓöÇΓöÇΓöÇΓöÇΓöÇΓöÇΓöÇΓöÇΓöÇΓöÇΓöÇΓöÇΓöÇΓöÇΓöÇΓöÇΓöÇΓöÇΓöÇΓöÇΓöÇΓöÇΓöÇΓöÇΓöÇΓöÇΓöÇΓöÇΓöÇΓöÇΓöÇΓöÇΓöÇΓöÇΓöÇΓöÇΓöÇΓöÇΓöÇΓöÇΓöÇΓöÇΓöÇΓöÇΓöÇΓöÇΓöÇΓöÇΓöÇΓöÇΓöÇ  
   FAILED  Tests\Feature\GradingModeTest > update mode to automated                                              InvalidArgumentException   
  Unknown format "dateOfBirth"

  at vendor\fakerphp\faker\src\Faker\Generator.php:743
    739Γûò                 return $this->formatters[$format];
    740Γûò             }
    741Γûò         }
    742Γûò 
  Γ₧£ 743Γûò         throw new \InvalidArgumentException(sprintf('Unknown format "%s"', $format));
    744Γûò     }
    745Γûò 
    746Γûò     /**
    747Γûò      * Replaces tokens ('{{ tokenName }}') with the result from the token method call

  1   vendor\fakerphp\faker\src\Faker\Generator.php:743
  2   vendor\fakerphp\faker\src\Faker\Generator.php:708

  ΓöÇΓöÇΓöÇΓöÇΓöÇΓöÇΓöÇΓöÇΓöÇΓöÇΓöÇΓöÇΓöÇΓöÇΓöÇΓöÇΓöÇΓöÇΓöÇΓöÇΓöÇΓöÇΓöÇΓöÇΓöÇΓöÇΓöÇΓöÇΓöÇΓöÇΓöÇΓöÇΓöÇΓöÇΓöÇΓöÇΓöÇΓöÇΓöÇΓöÇΓöÇΓöÇΓöÇΓöÇΓöÇΓöÇΓöÇΓöÇΓöÇΓöÇΓöÇΓöÇΓöÇΓöÇΓöÇΓöÇΓöÇΓöÇΓöÇΓöÇΓöÇΓöÇΓöÇΓöÇΓöÇΓöÇΓöÇΓöÇΓöÇΓöÇΓöÇΓöÇΓöÇΓöÇΓöÇΓöÇΓöÇΓöÇΓöÇΓöÇΓöÇΓöÇΓöÇΓöÇΓöÇΓöÇΓöÇΓöÇΓöÇΓöÇΓöÇΓöÇΓöÇΓöÇΓöÇΓöÇΓöÇΓöÇΓöÇΓöÇΓöÇΓöÇΓöÇΓöÇΓöÇΓöÇΓöÇΓöÇΓöÇΓöÇΓöÇΓöÇΓöÇΓöÇΓöÇΓöÇΓöÇΓöÇΓöÇΓöÇΓöÇΓöÇΓöÇΓöÇΓöÇΓöÇΓöÇΓöÇΓöÇΓöÇΓöÇΓöÇΓöÇΓöÇΓöÇΓöÇ  
   FAILED  Tests\Feature\GradingModeTest > update mode to hybrid                                                 InvalidArgumentException   
  Unknown format "dateOfBirth"

  at vendor\fakerphp\faker\src\Faker\Generator.php:743
    739Γûò                 return $this->formatters[$format];
    740Γûò             }
    741Γûò         }
    742Γûò 
  Γ₧£ 743Γûò         throw new \InvalidArgumentException(sprintf('Unknown format "%s"', $format));
    744Γûò     }
    745Γûò 
    746Γûò     /**
    747Γûò      * Replaces tokens ('{{ tokenName }}') with the result from the token method call

  1   vendor\fakerphp\faker\src\Faker\Generator.php:743
  2   vendor\fakerphp\faker\src\Faker\Generator.php:708

  ΓöÇΓöÇΓöÇΓöÇΓöÇΓöÇΓöÇΓöÇΓöÇΓöÇΓöÇΓöÇΓöÇΓöÇΓöÇΓöÇΓöÇΓöÇΓöÇΓöÇΓöÇΓöÇΓöÇΓöÇΓöÇΓöÇΓöÇΓöÇΓöÇΓöÇΓöÇΓöÇΓöÇΓöÇΓöÇΓöÇΓöÇΓöÇΓöÇΓöÇΓöÇΓöÇΓöÇΓöÇΓöÇΓöÇΓöÇΓöÇΓöÇΓöÇΓöÇΓöÇΓöÇΓöÇΓöÇΓöÇΓöÇΓöÇΓöÇΓöÇΓöÇΓöÇΓöÇΓöÇΓöÇΓöÇΓöÇΓöÇΓöÇΓöÇΓöÇΓöÇΓöÇΓöÇΓöÇΓöÇΓöÇΓöÇΓöÇΓöÇΓöÇΓöÇΓöÇΓöÇΓöÇΓöÇΓöÇΓöÇΓöÇΓöÇΓöÇΓöÇΓöÇΓöÇΓöÇΓöÇΓöÇΓöÇΓöÇΓöÇΓöÇΓöÇΓöÇΓöÇΓöÇΓöÇΓöÇΓöÇΓöÇΓöÇΓöÇΓöÇΓöÇΓöÇΓöÇΓöÇΓöÇΓöÇΓöÇΓöÇΓöÇΓöÇΓöÇΓöÇΓöÇΓöÇΓöÇΓöÇΓöÇΓöÇΓöÇΓöÇΓöÇΓöÇΓöÇΓöÇ  
   FAILED  Tests\Feature\GradingModeTest > calculate standard mode grades                                        InvalidArgumentException   
  Unknown format "dateOfBirth"

  at vendor\fakerphp\faker\src\Faker\Generator.php:743
    739Γûò                 return $this->formatters[$format];
    740Γûò             }
    741Γûò         }
    742Γûò 
  Γ₧£ 743Γûò         throw new \InvalidArgumentException(sprintf('Unknown format "%s"', $format));
    744Γûò     }
    745Γûò 
    746Γûò     /**
    747Γûò      * Replaces tokens ('{{ tokenName }}') with the result from the token method call

  1   vendor\fakerphp\faker\src\Faker\Generator.php:743
  2   vendor\fakerphp\faker\src\Faker\Generator.php:708

  ΓöÇΓöÇΓöÇΓöÇΓöÇΓöÇΓöÇΓöÇΓöÇΓöÇΓöÇΓöÇΓöÇΓöÇΓöÇΓöÇΓöÇΓöÇΓöÇΓöÇΓöÇΓöÇΓöÇΓöÇΓöÇΓöÇΓöÇΓöÇΓöÇΓöÇΓöÇΓöÇΓöÇΓöÇΓöÇΓöÇΓöÇΓöÇΓöÇΓöÇΓöÇΓöÇΓöÇΓöÇΓöÇΓöÇΓöÇΓöÇΓöÇΓöÇΓöÇΓöÇΓöÇΓöÇΓöÇΓöÇΓöÇΓöÇΓöÇΓöÇΓöÇΓöÇΓöÇΓöÇΓöÇΓöÇΓöÇΓöÇΓöÇΓöÇΓöÇΓöÇΓöÇΓöÇΓöÇΓöÇΓöÇΓöÇΓöÇΓöÇΓöÇΓöÇΓöÇΓöÇΓöÇΓöÇΓöÇΓöÇΓöÇΓöÇΓöÇΓöÇΓöÇΓöÇΓöÇΓöÇΓöÇΓöÇΓöÇΓöÇΓöÇΓöÇΓöÇΓöÇΓöÇΓöÇΓöÇΓöÇΓöÇΓöÇΓöÇΓöÇΓöÇΓöÇΓöÇΓöÇΓöÇΓöÇΓöÇΓöÇΓöÇΓöÇΓöÇΓöÇΓöÇΓöÇΓöÇΓöÇΓöÇΓöÇΓöÇΓöÇΓöÇΓöÇΓöÇΓöÇ  
   FAILED  Tests\Feature\GradingModeTest > manual mode accepts direct grades                                     InvalidArgumentException   
  Unknown format "dateOfBirth"

  at vendor\fakerphp\faker\src\Faker\Generator.php:743
    739Γûò                 return $this->formatters[$format];
    740Γûò             }
    741Γûò         }
    742Γûò 
  Γ₧£ 743Γûò         throw new \InvalidArgumentException(sprintf('Unknown format "%s"', $format));
    744Γûò     }
    745Γûò 
    746Γûò     /**
    747Γûò      * Replaces tokens ('{{ tokenName }}') with the result from the token method call

  1   vendor\fakerphp\faker\src\Faker\Generator.php:743
  2   vendor\fakerphp\faker\src\Faker\Generator.php:708

  ΓöÇΓöÇΓöÇΓöÇΓöÇΓöÇΓöÇΓöÇΓöÇΓöÇΓöÇΓöÇΓöÇΓöÇΓöÇΓöÇΓöÇΓöÇΓöÇΓöÇΓöÇΓöÇΓöÇΓöÇΓöÇΓöÇΓöÇΓöÇΓöÇΓöÇΓöÇΓöÇΓöÇΓöÇΓöÇΓöÇΓöÇΓöÇΓöÇΓöÇΓöÇΓöÇΓöÇΓöÇΓöÇΓöÇΓöÇΓöÇΓöÇΓöÇΓöÇΓöÇΓöÇΓöÇΓöÇΓöÇΓöÇΓöÇΓöÇΓöÇΓöÇΓöÇΓöÇΓöÇΓöÇΓöÇΓöÇΓöÇΓöÇΓöÇΓöÇΓöÇΓöÇΓöÇΓöÇΓöÇΓöÇΓöÇΓöÇΓöÇΓöÇΓöÇΓöÇΓöÇΓöÇΓöÇΓöÇΓöÇΓöÇΓöÇΓöÇΓöÇΓöÇΓöÇΓöÇΓöÇΓöÇΓöÇΓöÇΓöÇΓöÇΓöÇΓöÇΓöÇΓöÇΓöÇΓöÇΓöÇΓöÇΓöÇΓöÇΓöÇΓöÇΓöÇΓöÇΓöÇΓöÇΓöÇΓöÇΓöÇΓöÇΓöÇΓöÇΓöÇΓöÇΓöÇΓöÇΓöÇΓöÇΓöÇΓöÇΓöÇΓöÇΓöÇΓöÇΓöÇ  
   FAILED  Tests\Feature\GradingModeTest > automated mode requires score input                                   InvalidArgumentException   
  Unknown format "dateOfBirth"

  at vendor\fakerphp\faker\src\Faker\Generator.php:743
    739Γûò                 return $this->formatters[$format];
    740Γûò             }
    741Γûò         }
    742Γûò 
  Γ₧£ 743Γûò         throw new \InvalidArgumentException(sprintf('Unknown format "%s"', $format));
    744Γûò     }
    745Γûò 
    746Γûò     /**
    747Γûò      * Replaces tokens ('{{ tokenName }}') with the result from the token method call

  1   vendor\fakerphp\faker\src\Faker\Generator.php:743
  2   vendor\fakerphp\faker\src\Faker\Generator.php:708

  ΓöÇΓöÇΓöÇΓöÇΓöÇΓöÇΓöÇΓöÇΓöÇΓöÇΓöÇΓöÇΓöÇΓöÇΓöÇΓöÇΓöÇΓöÇΓöÇΓöÇΓöÇΓöÇΓöÇΓöÇΓöÇΓöÇΓöÇΓöÇΓöÇΓöÇΓöÇΓöÇΓöÇΓöÇΓöÇΓöÇΓöÇΓöÇΓöÇΓöÇΓöÇΓöÇΓöÇΓöÇΓöÇΓöÇΓöÇΓöÇΓöÇΓöÇΓöÇΓöÇΓöÇΓöÇΓöÇΓöÇΓöÇΓöÇΓöÇΓöÇΓöÇΓöÇΓöÇΓöÇΓöÇΓöÇΓöÇΓöÇΓöÇΓöÇΓöÇΓöÇΓöÇΓöÇΓöÇΓöÇΓöÇΓöÇΓöÇΓöÇΓöÇΓöÇΓöÇΓöÇΓöÇΓöÇΓöÇΓöÇΓöÇΓöÇΓöÇΓöÇΓöÇΓöÇΓöÇΓöÇΓöÇΓöÇΓöÇΓöÇΓöÇΓöÇΓöÇΓöÇΓöÇΓöÇΓöÇΓöÇΓöÇΓöÇΓöÇΓöÇΓöÇΓöÇΓöÇΓöÇΓöÇΓöÇΓöÇΓöÇΓöÇΓöÇΓöÇΓöÇΓöÇΓöÇΓöÇΓöÇΓöÇΓöÇΓöÇΓöÇΓöÇΓöÇΓöÇΓöÇ  
   FAILED  Tests\Feature\GradingModeTest > hybrid mode per component selection                                   InvalidArgumentException   
  Unknown format "dateOfBirth"

  at vendor\fakerphp\faker\src\Faker\Generator.php:743
    739Γûò                 return $this->formatters[$format];
    740Γûò             }
    741Γûò         }
    742Γûò 
  Γ₧£ 743Γûò         throw new \InvalidArgumentException(sprintf('Unknown format "%s"', $format));
    744Γûò     }
    745Γûò 
    746Γûò     /**
    747Γûò      * Replaces tokens ('{{ tokenName }}') with the result from the token method call

  1   vendor\fakerphp\faker\src\Faker\Generator.php:743
  2   vendor\fakerphp\faker\src\Faker\Generator.php:708

  ΓöÇΓöÇΓöÇΓöÇΓöÇΓöÇΓöÇΓöÇΓöÇΓöÇΓöÇΓöÇΓöÇΓöÇΓöÇΓöÇΓöÇΓöÇΓöÇΓöÇΓöÇΓöÇΓöÇΓöÇΓöÇΓöÇΓöÇΓöÇΓöÇΓöÇΓöÇΓöÇΓöÇΓöÇΓöÇΓöÇΓöÇΓöÇΓöÇΓöÇΓöÇΓöÇΓöÇΓöÇΓöÇΓöÇΓöÇΓöÇΓöÇΓöÇΓöÇΓöÇΓöÇΓöÇΓöÇΓöÇΓöÇΓöÇΓöÇΓöÇΓöÇΓöÇΓöÇΓöÇΓöÇΓöÇΓöÇΓöÇΓöÇΓöÇΓöÇΓöÇΓöÇΓöÇΓöÇΓöÇΓöÇΓöÇΓöÇΓöÇΓöÇΓöÇΓöÇΓöÇΓöÇΓöÇΓöÇΓöÇΓöÇΓöÇΓöÇΓöÇΓöÇΓöÇΓöÇΓöÇΓöÇΓöÇΓöÇΓöÇΓöÇΓöÇΓöÇΓöÇΓöÇΓöÇΓöÇΓöÇΓöÇΓöÇΓöÇΓöÇΓöÇΓöÇΓöÇΓöÇΓöÇΓöÇΓöÇΓöÇΓöÇΓöÇΓöÇΓöÇΓöÇΓöÇΓöÇΓöÇΓöÇΓöÇΓöÇΓöÇΓöÇΓöÇΓöÇΓöÇ  
   FAILED  Tests\Feature\GradingModeTest > can switch modes preserves entries                                    InvalidArgumentException   
  Unknown format "dateOfBirth"

  at vendor\fakerphp\faker\src\Faker\Generator.php:743
    739Γûò                 return $this->formatters[$format];
    740Γûò             }
    741Γûò         }
    742Γûò 
  Γ₧£ 743Γûò         throw new \InvalidArgumentException(sprintf('Unknown format "%s"', $format));
    744Γûò     }
    745Γûò 
    746Γûò     /**
    747Γûò      * Replaces tokens ('{{ tokenName }}') with the result from the token method call

  1   vendor\fakerphp\faker\src\Faker\Generator.php:743
  2   vendor\fakerphp\faker\src\Faker\Generator.php:708

  ΓöÇΓöÇΓöÇΓöÇΓöÇΓöÇΓöÇΓöÇΓöÇΓöÇΓöÇΓöÇΓöÇΓöÇΓöÇΓöÇΓöÇΓöÇΓöÇΓöÇΓöÇΓöÇΓöÇΓöÇΓöÇΓöÇΓöÇΓöÇΓöÇΓöÇΓöÇΓöÇΓöÇΓöÇΓöÇΓöÇΓöÇΓöÇΓöÇΓöÇΓöÇΓöÇΓöÇΓöÇΓöÇΓöÇΓöÇΓöÇΓöÇΓöÇΓöÇΓöÇΓöÇΓöÇΓöÇΓöÇΓöÇΓöÇΓöÇΓöÇΓöÇΓöÇΓöÇΓöÇΓöÇΓöÇΓöÇΓöÇΓöÇΓöÇΓöÇΓöÇΓöÇΓöÇΓöÇΓöÇΓöÇΓöÇΓöÇΓöÇΓöÇΓöÇΓöÇΓöÇΓöÇΓöÇΓöÇΓöÇΓöÇΓöÇΓöÇΓöÇΓöÇΓöÇΓöÇΓöÇΓöÇΓöÇΓöÇΓöÇΓöÇΓöÇΓöÇΓöÇΓöÇΓöÇΓöÇΓöÇΓöÇΓöÇΓöÇΓöÇΓöÇΓöÇΓöÇΓöÇΓöÇΓöÇΓöÇΓöÇΓöÇΓöÇΓöÇΓöÇΓöÇΓöÇΓöÇΓöÇΓöÇΓöÇΓöÇΓöÇΓöÇΓöÇΓöÇΓöÇ  
   FAILED  Tests\Feature\GradingModeTest > invalid mode rejected                                                 InvalidArgumentException   
  Unknown format "dateOfBirth"

  at vendor\fakerphp\faker\src\Faker\Generator.php:743
    739Γûò                 return $this->formatters[$format];
    740Γûò             }
    741Γûò         }
    742Γûò 
  Γ₧£ 743Γûò         throw new \InvalidArgumentException(sprintf('Unknown format "%s"', $format));
    744Γûò     }
    745Γûò 
    746Γûò     /**
    747Γûò      * Replaces tokens ('{{ tokenName }}') with the result from the token method call

  1   vendor\fakerphp\faker\src\Faker\Generator.php:743
  2   vendor\fakerphp\faker\src\Faker\Generator.php:708

  ΓöÇΓöÇΓöÇΓöÇΓöÇΓöÇΓöÇΓöÇΓöÇΓöÇΓöÇΓöÇΓöÇΓöÇΓöÇΓöÇΓöÇΓöÇΓöÇΓöÇΓöÇΓöÇΓöÇΓöÇΓöÇΓöÇΓöÇΓöÇΓöÇΓöÇΓöÇΓöÇΓöÇΓöÇΓöÇΓöÇΓöÇΓöÇΓöÇΓöÇΓöÇΓöÇΓöÇΓöÇΓöÇΓöÇΓöÇΓöÇΓöÇΓöÇΓöÇΓöÇΓöÇΓöÇΓöÇΓöÇΓöÇΓöÇΓöÇΓöÇΓöÇΓöÇΓöÇΓöÇΓöÇΓöÇΓöÇΓöÇΓöÇΓöÇΓöÇΓöÇΓöÇΓöÇΓöÇΓöÇΓöÇΓöÇΓöÇΓöÇΓöÇΓöÇΓöÇΓöÇΓöÇΓöÇΓöÇΓöÇΓöÇΓöÇΓöÇΓöÇΓöÇΓöÇΓöÇΓöÇΓöÇΓöÇΓöÇΓöÇΓöÇΓöÇΓöÇΓöÇΓöÇΓöÇΓöÇΓöÇΓöÇΓöÇΓöÇΓöÇΓöÇΓöÇΓöÇΓöÇΓöÇΓöÇΓöÇΓöÇΓöÇΓöÇΓöÇΓöÇΓöÇΓöÇΓöÇΓöÇΓöÇΓöÇΓöÇΓöÇΓöÇΓöÇΓöÇΓöÇ  
   FAILED  Tests\Feature\GradingModeTest > mode affects grade entry display                                      InvalidArgumentException   
  Unknown format "dateOfBirth"

  at vendor\fakerphp\faker\src\Faker\Generator.php:743
    739Γûò                 return $this->formatters[$format];
    740Γûò             }
    741Γûò         }
    742Γûò 
  Γ₧£ 743Γûò         throw new \InvalidArgumentException(sprintf('Unknown format "%s"', $format));
    744Γûò     }
    745Γûò 
    746Γûò     /**
    747Γûò      * Replaces tokens ('{{ tokenName }}') with the result from the token method call

  1   vendor\fakerphp\faker\src\Faker\Generator.php:743
  2   vendor\fakerphp\faker\src\Faker\Generator.php:708

  ΓöÇΓöÇΓöÇΓöÇΓöÇΓöÇΓöÇΓöÇΓöÇΓöÇΓöÇΓöÇΓöÇΓöÇΓöÇΓöÇΓöÇΓöÇΓöÇΓöÇΓöÇΓöÇΓöÇΓöÇΓöÇΓöÇΓöÇΓöÇΓöÇΓöÇΓöÇΓöÇΓöÇΓöÇΓöÇΓöÇΓöÇΓöÇΓöÇΓöÇΓöÇΓöÇΓöÇΓöÇΓöÇΓöÇΓöÇΓöÇΓöÇΓöÇΓöÇΓöÇΓöÇΓöÇΓöÇΓöÇΓöÇΓöÇΓöÇΓöÇΓöÇΓöÇΓöÇΓöÇΓöÇΓöÇΓöÇΓöÇΓöÇΓöÇΓöÇΓöÇΓöÇΓöÇΓöÇΓöÇΓöÇΓöÇΓöÇΓöÇΓöÇΓöÇΓöÇΓöÇΓöÇΓöÇΓöÇΓöÇΓöÇΓöÇΓöÇΓöÇΓöÇΓöÇΓöÇΓöÇΓöÇΓöÇΓöÇΓöÇΓöÇΓöÇΓöÇΓöÇΓöÇΓöÇΓöÇΓöÇΓöÇΓöÇΓöÇΓöÇΓöÇΓöÇΓöÇΓöÇΓöÇΓöÇΓöÇΓöÇΓöÇΓöÇΓöÇΓöÇΓöÇΓöÇΓöÇΓöÇΓöÇΓöÇΓöÇΓöÇΓöÇΓöÇΓöÇΓöÇ  
   FAILED  Tests\Feature\GradingSystemTest > `Grading System` ΓåÆ `Grade Entry` ΓåÆ it teacher can enter grades foΓÇª  InvalidArgumentException   
  Unknown format "dateOfBirth"

  at vendor\fakerphp\faker\src\Faker\Generator.php:743
    739Γûò                 return $this->formatters[$format];
    740Γûò             }
    741Γûò         }
    742Γûò 
  Γ₧£ 743Γûò         throw new \InvalidArgumentException(sprintf('Unknown format "%s"', $format));
    744Γûò     }
    745Γûò 
    746Γûò     /**
    747Γûò      * Replaces tokens ('{{ tokenName }}') with the result from the token method call

  1   vendor\fakerphp\faker\src\Faker\Generator.php:743
  2   vendor\fakerphp\faker\src\Faker\Generator.php:708

  ΓöÇΓöÇΓöÇΓöÇΓöÇΓöÇΓöÇΓöÇΓöÇΓöÇΓöÇΓöÇΓöÇΓöÇΓöÇΓöÇΓöÇΓöÇΓöÇΓöÇΓöÇΓöÇΓöÇΓöÇΓöÇΓöÇΓöÇΓöÇΓöÇΓöÇΓöÇΓöÇΓöÇΓöÇΓöÇΓöÇΓöÇΓöÇΓöÇΓöÇΓöÇΓöÇΓöÇΓöÇΓöÇΓöÇΓöÇΓöÇΓöÇΓöÇΓöÇΓöÇΓöÇΓöÇΓöÇΓöÇΓöÇΓöÇΓöÇΓöÇΓöÇΓöÇΓöÇΓöÇΓöÇΓöÇΓöÇΓöÇΓöÇΓöÇΓöÇΓöÇΓöÇΓöÇΓöÇΓöÇΓöÇΓöÇΓöÇΓöÇΓöÇΓöÇΓöÇΓöÇΓöÇΓöÇΓöÇΓöÇΓöÇΓöÇΓöÇΓöÇΓöÇΓöÇΓöÇΓöÇΓöÇΓöÇΓöÇΓöÇΓöÇΓöÇΓöÇΓöÇΓöÇΓöÇΓöÇΓöÇΓöÇΓöÇΓöÇΓöÇΓöÇΓöÇΓöÇΓöÇΓöÇΓöÇΓöÇΓöÇΓöÇΓöÇΓöÇΓöÇΓöÇΓöÇΓöÇΓöÇΓöÇΓöÇΓöÇΓöÇΓöÇΓöÇΓöÇΓöÇ  
   FAILED  Tests\Feature\GradingSystemTest > `Grading System` ΓåÆ `Grade Entry` ΓåÆ it validates score is within mΓÇª  InvalidArgumentException   
  Unknown format "dateOfBirth"

  at vendor\fakerphp\faker\src\Faker\Generator.php:743
    739Γûò                 return $this->formatters[$format];
    740Γûò             }
    741Γûò         }
    742Γûò 
  Γ₧£ 743Γûò         throw new \InvalidArgumentException(sprintf('Unknown format "%s"', $format));
    744Γûò     }
    745Γûò 
    746Γûò     /**
    747Γûò      * Replaces tokens ('{{ tokenName }}') with the result from the token method call

  1   vendor\fakerphp\faker\src\Faker\Generator.php:743
  2   vendor\fakerphp\faker\src\Faker\Generator.php:708

  ΓöÇΓöÇΓöÇΓöÇΓöÇΓöÇΓöÇΓöÇΓöÇΓöÇΓöÇΓöÇΓöÇΓöÇΓöÇΓöÇΓöÇΓöÇΓöÇΓöÇΓöÇΓöÇΓöÇΓöÇΓöÇΓöÇΓöÇΓöÇΓöÇΓöÇΓöÇΓöÇΓöÇΓöÇΓöÇΓöÇΓöÇΓöÇΓöÇΓöÇΓöÇΓöÇΓöÇΓöÇΓöÇΓöÇΓöÇΓöÇΓöÇΓöÇΓöÇΓöÇΓöÇΓöÇΓöÇΓöÇΓöÇΓöÇΓöÇΓöÇΓöÇΓöÇΓöÇΓöÇΓöÇΓöÇΓöÇΓöÇΓöÇΓöÇΓöÇΓöÇΓöÇΓöÇΓöÇΓöÇΓöÇΓöÇΓöÇΓöÇΓöÇΓöÇΓöÇΓöÇΓöÇΓöÇΓöÇΓöÇΓöÇΓöÇΓöÇΓöÇΓöÇΓöÇΓöÇΓöÇΓöÇΓöÇΓöÇΓöÇΓöÇΓöÇΓöÇΓöÇΓöÇΓöÇΓöÇΓöÇΓöÇΓöÇΓöÇΓöÇΓöÇΓöÇΓöÇΓöÇΓöÇΓöÇΓöÇΓöÇΓöÇΓöÇΓöÇΓöÇΓöÇΓöÇΓöÇΓöÇΓöÇΓöÇΓöÇΓöÇΓöÇΓöÇΓöÇΓöÇ  
   FAILED  Tests\Feature\GradingSystemTest > `Grading System` ΓåÆ `Grade Entry` ΓåÆ it prevents students from entering grades                   
  Expected response status code [403] but received 404.
Failed asserting that 404 is identical to 403.

  at tests\Feature\GradingSystemTest.php:67
     63Γûò                     'class_id' => $classModel->id,
     64Γûò                     'score' => 85,
     65Γûò                 ]);
     66Γûò 
  Γ₧£  67Γûò             $response->assertStatus(403);
     68Γûò         });
     69Γûò     });
     70Γûò 
     71Γûò     describe('Grading Modes', function () {

  ΓöÇΓöÇΓöÇΓöÇΓöÇΓöÇΓöÇΓöÇΓöÇΓöÇΓöÇΓöÇΓöÇΓöÇΓöÇΓöÇΓöÇΓöÇΓöÇΓöÇΓöÇΓöÇΓöÇΓöÇΓöÇΓöÇΓöÇΓöÇΓöÇΓöÇΓöÇΓöÇΓöÇΓöÇΓöÇΓöÇΓöÇΓöÇΓöÇΓöÇΓöÇΓöÇΓöÇΓöÇΓöÇΓöÇΓöÇΓöÇΓöÇΓöÇΓöÇΓöÇΓöÇΓöÇΓöÇΓöÇΓöÇΓöÇΓöÇΓöÇΓöÇΓöÇΓöÇΓöÇΓöÇΓöÇΓöÇΓöÇΓöÇΓöÇΓöÇΓöÇΓöÇΓöÇΓöÇΓöÇΓöÇΓöÇΓöÇΓöÇΓöÇΓöÇΓöÇΓöÇΓöÇΓöÇΓöÇΓöÇΓöÇΓöÇΓöÇΓöÇΓöÇΓöÇΓöÇΓöÇΓöÇΓöÇΓöÇΓöÇΓöÇΓöÇΓöÇΓöÇΓöÇΓöÇΓöÇΓöÇΓöÇΓöÇΓöÇΓöÇΓöÇΓöÇΓöÇΓöÇΓöÇΓöÇΓöÇΓöÇΓöÇΓöÇΓöÇΓöÇΓöÇΓöÇΓöÇΓöÇΓöÇΓöÇΓöÇΓöÇΓöÇΓöÇΓöÇΓöÇ  
   FAILED  Tests\Feature\GradingSystemTest > `Grading System` ΓåÆ `Grading Modes` ΓåÆ it creates grading scale setting withΓÇª   QueryException   
  SQLSTATE[42S22]: Column not found: 1054 Unknown column 'knowledge_weight' in 'field list' (Connection: mysql, Host: 127.0.0.1, Port: 3306, Database: edutrack_db, SQL: insert into `grading_scale_settings` (`class_id`, `term`, `grading_mode`, `knowledge_weight`, `skills_weight`, `attitude_weight`, `is_locked`, `hybrid_config`, `output_format`, `updated_at`, `created_at`) values (101, final, standard, 40, 50, 10, 0, [], standard, 2026-04-08 14:44:08, 2026-04-08 14:44:08))

  at vendor\laravel\framework\src\Illuminate\Database\MySqlConnection.php:47
     43Γûò             if ($this->pretending()) {
     44Γûò                 return true;
     45Γûò             }
     46Γûò 
  Γ₧£  47Γûò             $statement = $this->getPdo()->prepare($query);
     48Γûò 
     49Γûò             $this->bindValues($statement, $this->prepareBindings($bindings));
     50Γûò 
     51Γûò             $this->recordsHaveBeenModified();

  1   vendor\laravel\framework\src\Illuminate\Database\MySqlConnection.php:47
  2   vendor\laravel\framework\src\Illuminate\Database\Connection.php:827

  ΓöÇΓöÇΓöÇΓöÇΓöÇΓöÇΓöÇΓöÇΓöÇΓöÇΓöÇΓöÇΓöÇΓöÇΓöÇΓöÇΓöÇΓöÇΓöÇΓöÇΓöÇΓöÇΓöÇΓöÇΓöÇΓöÇΓöÇΓöÇΓöÇΓöÇΓöÇΓöÇΓöÇΓöÇΓöÇΓöÇΓöÇΓöÇΓöÇΓöÇΓöÇΓöÇΓöÇΓöÇΓöÇΓöÇΓöÇΓöÇΓöÇΓöÇΓöÇΓöÇΓöÇΓöÇΓöÇΓöÇΓöÇΓöÇΓöÇΓöÇΓöÇΓöÇΓöÇΓöÇΓöÇΓöÇΓöÇΓöÇΓöÇΓöÇΓöÇΓöÇΓöÇΓöÇΓöÇΓöÇΓöÇΓöÇΓöÇΓöÇΓöÇΓöÇΓöÇΓöÇΓöÇΓöÇΓöÇΓöÇΓöÇΓöÇΓöÇΓöÇΓöÇΓöÇΓöÇΓöÇΓöÇΓöÇΓöÇΓöÇΓöÇΓöÇΓöÇΓöÇΓöÇΓöÇΓöÇΓöÇΓöÇΓöÇΓöÇΓöÇΓöÇΓöÇΓöÇΓöÇΓöÇΓöÇΓöÇΓöÇΓöÇΓöÇΓöÇΓöÇΓöÇΓöÇΓöÇΓöÇΓöÇΓöÇΓöÇΓöÇΓöÇΓöÇΓöÇΓöÇ  
   FAILED  Tests\Feature\GradingSystemTest > `Grading System` ΓåÆ `Grading Modes` ΓåÆ it supports hybrid grading mode configΓÇª  QueryException   
  SQLSTATE[42S22]: Column not found: 1054 Unknown column 'knowledge_weight' in 'field list' (Connection: mysql, Host: 127.0.0.1, Port: 3306, Database: edutrack_db, SQL: insert into `grading_scale_settings` (`class_id`, `term`, `grading_mode`, `knowledge_weight`, `skills_weight`, `attitude_weight`, `is_locked`, `hybrid_config`, `output_format`, `updated_at`, `created_at`) values (102, general, hybrid, 40, 50, 10, 0, {"knowledge":0.4,"skills":0.5,"attitude":0.1}, standard, 2026-04-08 14:44:08, 2026-04-08 14:44:08))

  at vendor\laravel\framework\src\Illuminate\Database\MySqlConnection.php:47
     43Γûò             if ($this->pretending()) {
     44Γûò                 return true;
     45Γûò             }
     46Γûò 
  Γ₧£  47Γûò             $statement = $this->getPdo()->prepare($query);
     48Γûò 
     49Γûò             $this->bindValues($statement, $this->prepareBindings($bindings));
     50Γûò 
     51Γûò             $this->recordsHaveBeenModified();

  1   vendor\laravel\framework\src\Illuminate\Database\MySqlConnection.php:47
  2   vendor\laravel\framework\src\Illuminate\Database\Connection.php:827

  ΓöÇΓöÇΓöÇΓöÇΓöÇΓöÇΓöÇΓöÇΓöÇΓöÇΓöÇΓöÇΓöÇΓöÇΓöÇΓöÇΓöÇΓöÇΓöÇΓöÇΓöÇΓöÇΓöÇΓöÇΓöÇΓöÇΓöÇΓöÇΓöÇΓöÇΓöÇΓöÇΓöÇΓöÇΓöÇΓöÇΓöÇΓöÇΓöÇΓöÇΓöÇΓöÇΓöÇΓöÇΓöÇΓöÇΓöÇΓöÇΓöÇΓöÇΓöÇΓöÇΓöÇΓöÇΓöÇΓöÇΓöÇΓöÇΓöÇΓöÇΓöÇΓöÇΓöÇΓöÇΓöÇΓöÇΓöÇΓöÇΓöÇΓöÇΓöÇΓöÇΓöÇΓöÇΓöÇΓöÇΓöÇΓöÇΓöÇΓöÇΓöÇΓöÇΓöÇΓöÇΓöÇΓöÇΓöÇΓöÇΓöÇΓöÇΓöÇΓöÇΓöÇΓöÇΓöÇΓöÇΓöÇΓöÇΓöÇΓöÇΓöÇΓöÇΓöÇΓöÇΓöÇΓöÇΓöÇΓöÇΓöÇΓöÇΓöÇΓöÇΓöÇΓöÇΓöÇΓöÇΓöÇΓöÇΓöÇΓöÇΓöÇΓöÇΓöÇΓöÇΓöÇΓöÇΓöÇΓöÇΓöÇΓöÇΓöÇΓöÇΓöÇΓöÇΓöÇΓöÇ  
   FAILED  Tests\Feature\GradingSystemTest > `Grading System` ΓåÆ `Grade Calculation` ΓåÆ it calculates final gradΓÇª  InvalidArgumentException   
  Unknown format "dateOfBirth"

  at vendor\fakerphp\faker\src\Faker\Generator.php:743
    739Γûò                 return $this->formatters[$format];
    740Γûò             }
    741Γûò         }
    742Γûò 
  Γ₧£ 743Γûò         throw new \InvalidArgumentException(sprintf('Unknown format "%s"', $format));
    744Γûò     }
    745Γûò 
    746Γûò     /**
    747Γûò      * Replaces tokens ('{{ tokenName }}') with the result from the token method call

  1   vendor\fakerphp\faker\src\Faker\Generator.php:743
  2   vendor\fakerphp\faker\src\Faker\Generator.php:708

  ΓöÇΓöÇΓöÇΓöÇΓöÇΓöÇΓöÇΓöÇΓöÇΓöÇΓöÇΓöÇΓöÇΓöÇΓöÇΓöÇΓöÇΓöÇΓöÇΓöÇΓöÇΓöÇΓöÇΓöÇΓöÇΓöÇΓöÇΓöÇΓöÇΓöÇΓöÇΓöÇΓöÇΓöÇΓöÇΓöÇΓöÇΓöÇΓöÇΓöÇΓöÇΓöÇΓöÇΓöÇΓöÇΓöÇΓöÇΓöÇΓöÇΓöÇΓöÇΓöÇΓöÇΓöÇΓöÇΓöÇΓöÇΓöÇΓöÇΓöÇΓöÇΓöÇΓöÇΓöÇΓöÇΓöÇΓöÇΓöÇΓöÇΓöÇΓöÇΓöÇΓöÇΓöÇΓöÇΓöÇΓöÇΓöÇΓöÇΓöÇΓöÇΓöÇΓöÇΓöÇΓöÇΓöÇΓöÇΓöÇΓöÇΓöÇΓöÇΓöÇΓöÇΓöÇΓöÇΓöÇΓöÇΓöÇΓöÇΓöÇΓöÇΓöÇΓöÇΓöÇΓöÇΓöÇΓöÇΓöÇΓöÇΓöÇΓöÇΓöÇΓöÇΓöÇΓöÇΓöÇΓöÇΓöÇΓöÇΓöÇΓöÇΓöÇΓöÇΓöÇΓöÇΓöÇΓöÇΓöÇΓöÇΓöÇΓöÇΓöÇΓöÇΓöÇΓöÇΓöÇ  
   FAILED  Tests\Feature\GradingSystemTest > `Grading System` ΓåÆ `Grade Retrieval` ΓåÆ it student can view theirΓÇª   InvalidArgumentException   
  Unknown format "dateOfBirth"

  at vendor\fakerphp\faker\src\Faker\Generator.php:743
    739Γûò                 return $this->formatters[$format];
    740Γûò             }
    741Γûò         }
    742Γûò 
  Γ₧£ 743Γûò         throw new \InvalidArgumentException(sprintf('Unknown format "%s"', $format));
    744Γûò     }
    745Γûò 
    746Γûò     /**
    747Γûò      * Replaces tokens ('{{ tokenName }}') with the result from the token method call

  1   vendor\fakerphp\faker\src\Faker\Generator.php:743
  2   vendor\fakerphp\faker\src\Faker\Generator.php:708

  ΓöÇΓöÇΓöÇΓöÇΓöÇΓöÇΓöÇΓöÇΓöÇΓöÇΓöÇΓöÇΓöÇΓöÇΓöÇΓöÇΓöÇΓöÇΓöÇΓöÇΓöÇΓöÇΓöÇΓöÇΓöÇΓöÇΓöÇΓöÇΓöÇΓöÇΓöÇΓöÇΓöÇΓöÇΓöÇΓöÇΓöÇΓöÇΓöÇΓöÇΓöÇΓöÇΓöÇΓöÇΓöÇΓöÇΓöÇΓöÇΓöÇΓöÇΓöÇΓöÇΓöÇΓöÇΓöÇΓöÇΓöÇΓöÇΓöÇΓöÇΓöÇΓöÇΓöÇΓöÇΓöÇΓöÇΓöÇΓöÇΓöÇΓöÇΓöÇΓöÇΓöÇΓöÇΓöÇΓöÇΓöÇΓöÇΓöÇΓöÇΓöÇΓöÇΓöÇΓöÇΓöÇΓöÇΓöÇΓöÇΓöÇΓöÇΓöÇΓöÇΓöÇΓöÇΓöÇΓöÇΓöÇΓöÇΓöÇΓöÇΓöÇΓöÇΓöÇΓöÇΓöÇΓöÇΓöÇΓöÇΓöÇΓöÇΓöÇΓöÇΓöÇΓöÇΓöÇΓöÇΓöÇΓöÇΓöÇΓöÇΓöÇΓöÇΓöÇΓöÇΓöÇΓöÇΓöÇΓöÇΓöÇΓöÇΓöÇΓöÇΓöÇΓöÇΓöÇΓöÇ  
   FAILED  Tests\Feature\GradingSystemTest > `Grading System` ΓåÆ `Grade Retrieval` ΓåÆ it teacher can view class grades report                 
  Expected response status code [200] but received 404.
Failed asserting that 404 is identical to 200.

  at tests\Feature\GradingSystemTest.php:161
    157Γûò 
    158Γûò             $response = $this->actingAs($teacher)
    159Γûò                 ->get("/api/class/{$class->id}/grades");
    160Γûò 
  Γ₧£ 161Γûò             $response->assertStatus(200);
    162Γûò         });
    163Γûò     });
    164Γûò });
    165Γûò

  ΓöÇΓöÇΓöÇΓöÇΓöÇΓöÇΓöÇΓöÇΓöÇΓöÇΓöÇΓöÇΓöÇΓöÇΓöÇΓöÇΓöÇΓöÇΓöÇΓöÇΓöÇΓöÇΓöÇΓöÇΓöÇΓöÇΓöÇΓöÇΓöÇΓöÇΓöÇΓöÇΓöÇΓöÇΓöÇΓöÇΓöÇΓöÇΓöÇΓöÇΓöÇΓöÇΓöÇΓöÇΓöÇΓöÇΓöÇΓöÇΓöÇΓöÇΓöÇΓöÇΓöÇΓöÇΓöÇΓöÇΓöÇΓöÇΓöÇΓöÇΓöÇΓöÇΓöÇΓöÇΓöÇΓöÇΓöÇΓöÇΓöÇΓöÇΓöÇΓöÇΓöÇΓöÇΓöÇΓöÇΓöÇΓöÇΓöÇΓöÇΓöÇΓöÇΓöÇΓöÇΓöÇΓöÇΓöÇΓöÇΓöÇΓöÇΓöÇΓöÇΓöÇΓöÇΓöÇΓöÇΓöÇΓöÇΓöÇΓöÇΓöÇΓöÇΓöÇΓöÇΓöÇΓöÇΓöÇΓöÇΓöÇΓöÇΓöÇΓöÇΓöÇΓöÇΓöÇΓöÇΓöÇΓöÇΓöÇΓöÇΓöÇΓöÇΓöÇΓöÇΓöÇΓöÇΓöÇΓöÇΓöÇΓöÇΓöÇΓöÇΓöÇΓöÇΓöÇΓöÇ  
   FAILED  Tests\Feature\SchoolManagementTest > `School Management` ΓåÆ `School CRUD` ΓåÆ it admin can create school                            
  Expected response status code [201] but received 404.
Failed asserting that 404 is identical to 201.

  at tests\Feature\SchoolManagementTest.php:32
     28Γûò                     'email' => 'contact@school.com',
     29Γûò                     'status' => 'Active',
     30Γûò                 ]);
     31Γûò 
  Γ₧£  32Γûò             $response->assertStatus(201);
     33Γûò             $this->assertDatabaseHas('schools', [
     34Γûò                 'school_code' => 'EHS001',
     35Γûò                 'school_name' => 'Example High School',
     36Γûò             ]);

  ΓöÇΓöÇΓöÇΓöÇΓöÇΓöÇΓöÇΓöÇΓöÇΓöÇΓöÇΓöÇΓöÇΓöÇΓöÇΓöÇΓöÇΓöÇΓöÇΓöÇΓöÇΓöÇΓöÇΓöÇΓöÇΓöÇΓöÇΓöÇΓöÇΓöÇΓöÇΓöÇΓöÇΓöÇΓöÇΓöÇΓöÇΓöÇΓöÇΓöÇΓöÇΓöÇΓöÇΓöÇΓöÇΓöÇΓöÇΓöÇΓöÇΓöÇΓöÇΓöÇΓöÇΓöÇΓöÇΓöÇΓöÇΓöÇΓöÇΓöÇΓöÇΓöÇΓöÇΓöÇΓöÇΓöÇΓöÇΓöÇΓöÇΓöÇΓöÇΓöÇΓöÇΓöÇΓöÇΓöÇΓöÇΓöÇΓöÇΓöÇΓöÇΓöÇΓöÇΓöÇΓöÇΓöÇΓöÇΓöÇΓöÇΓöÇΓöÇΓöÇΓöÇΓöÇΓöÇΓöÇΓöÇΓöÇΓöÇΓöÇΓöÇΓöÇΓöÇΓöÇΓöÇΓöÇΓöÇΓöÇΓöÇΓöÇΓöÇΓöÇΓöÇΓöÇΓöÇΓöÇΓöÇΓöÇΓöÇΓöÇΓöÇΓöÇΓöÇΓöÇΓöÇΓöÇΓöÇΓöÇΓöÇΓöÇΓöÇΓöÇΓöÇΓöÇΓöÇΓöÇ  
   FAILED  Tests\Feature\SchoolManagementTest > `School Management` ΓåÆ `School CRUD` ΓåÆ it validates unique school code                       
  Expected response status code [422] but received 404.
Failed asserting that 404 is identical to 422.

  at tests\Feature\SchoolManagementTest.php:49
     45Γûò                     'school_code' => 'UNIQUE001',
     46Γûò                     'school_name' => 'Another School',
     47Γûò                 ]);
     48Γûò 
  Γ₧£  49Γûò             $response->assertStatus(422);
     50Γûò         });
     51Γûò 
     52Γûò         it('admin can update school', function () {
     53Γûò             $admin = User::factory()->create(['role' => 'admin']);

  ΓöÇΓöÇΓöÇΓöÇΓöÇΓöÇΓöÇΓöÇΓöÇΓöÇΓöÇΓöÇΓöÇΓöÇΓöÇΓöÇΓöÇΓöÇΓöÇΓöÇΓöÇΓöÇΓöÇΓöÇΓöÇΓöÇΓöÇΓöÇΓöÇΓöÇΓöÇΓöÇΓöÇΓöÇΓöÇΓöÇΓöÇΓöÇΓöÇΓöÇΓöÇΓöÇΓöÇΓöÇΓöÇΓöÇΓöÇΓöÇΓöÇΓöÇΓöÇΓöÇΓöÇΓöÇΓöÇΓöÇΓöÇΓöÇΓöÇΓöÇΓöÇΓöÇΓöÇΓöÇΓöÇΓöÇΓöÇΓöÇΓöÇΓöÇΓöÇΓöÇΓöÇΓöÇΓöÇΓöÇΓöÇΓöÇΓöÇΓöÇΓöÇΓöÇΓöÇΓöÇΓöÇΓöÇΓöÇΓöÇΓöÇΓöÇΓöÇΓöÇΓöÇΓöÇΓöÇΓöÇΓöÇΓöÇΓöÇΓöÇΓöÇΓöÇΓöÇΓöÇΓöÇΓöÇΓöÇΓöÇΓöÇΓöÇΓöÇΓöÇΓöÇΓöÇΓöÇΓöÇΓöÇΓöÇΓöÇΓöÇΓöÇΓöÇΓöÇΓöÇΓöÇΓöÇΓöÇΓöÇΓöÇΓöÇΓöÇΓöÇΓöÇΓöÇΓöÇΓöÇ  
   FAILED  Tests\Feature\SchoolManagementTest > `School Management` ΓåÆ `School CRUD` ΓåÆ it admin can update school                            
  Expected response status code [200] but received 404.
Failed asserting that 404 is identical to 200.

  at tests\Feature\SchoolManagementTest.php:62
     58Γûò                     'school_name' => 'Updated School Name',
     59Γûò                     'location' => 'New Location',
     60Γûò                 ]);
     61Γûò 
  Γ₧£  62Γûò             $response->assertStatus(200);
     63Γûò             $this->assertDatabaseHas('schools', [
     64Γûò                 'id' => $school->id,
     65Γûò                 'school_name' => 'Updated School Name',
     66Γûò             ]);

  ΓöÇΓöÇΓöÇΓöÇΓöÇΓöÇΓöÇΓöÇΓöÇΓöÇΓöÇΓöÇΓöÇΓöÇΓöÇΓöÇΓöÇΓöÇΓöÇΓöÇΓöÇΓöÇΓöÇΓöÇΓöÇΓöÇΓöÇΓöÇΓöÇΓöÇΓöÇΓöÇΓöÇΓöÇΓöÇΓöÇΓöÇΓöÇΓöÇΓöÇΓöÇΓöÇΓöÇΓöÇΓöÇΓöÇΓöÇΓöÇΓöÇΓöÇΓöÇΓöÇΓöÇΓöÇΓöÇΓöÇΓöÇΓöÇΓöÇΓöÇΓöÇΓöÇΓöÇΓöÇΓöÇΓöÇΓöÇΓöÇΓöÇΓöÇΓöÇΓöÇΓöÇΓöÇΓöÇΓöÇΓöÇΓöÇΓöÇΓöÇΓöÇΓöÇΓöÇΓöÇΓöÇΓöÇΓöÇΓöÇΓöÇΓöÇΓöÇΓöÇΓöÇΓöÇΓöÇΓöÇΓöÇΓöÇΓöÇΓöÇΓöÇΓöÇΓöÇΓöÇΓöÇΓöÇΓöÇΓöÇΓöÇΓöÇΓöÇΓöÇΓöÇΓöÇΓöÇΓöÇΓöÇΓöÇΓöÇΓöÇΓöÇΓöÇΓöÇΓöÇΓöÇΓöÇΓöÇΓöÇΓöÇΓöÇΓöÇΓöÇΓöÇΓöÇΓöÇΓöÇ  
   FAILED  Tests\Feature\SchoolManagementTest > `School Management` ΓåÆ `School CRUD` ΓåÆ it admin can delete school                            
  Expected response status code [204] but received 404.
Failed asserting that 404 is identical to 204.

  at tests\Feature\SchoolManagementTest.php:76
     72Γûò 
     73Γûò             $response = $this->actingAs($admin)
     74Γûò                 ->delete("/api/schools/{$school->id}");
     75Γûò 
  Γ₧£  76Γûò             $response->assertStatus(204);
     77Γûò             $this->assertDatabaseMissing('schools', ['id' => $school->id]);
     78Γûò         });
     79Γûò     });
     80Γûò

  ΓöÇΓöÇΓöÇΓöÇΓöÇΓöÇΓöÇΓöÇΓöÇΓöÇΓöÇΓöÇΓöÇΓöÇΓöÇΓöÇΓöÇΓöÇΓöÇΓöÇΓöÇΓöÇΓöÇΓöÇΓöÇΓöÇΓöÇΓöÇΓöÇΓöÇΓöÇΓöÇΓöÇΓöÇΓöÇΓöÇΓöÇΓöÇΓöÇΓöÇΓöÇΓöÇΓöÇΓöÇΓöÇΓöÇΓöÇΓöÇΓöÇΓöÇΓöÇΓöÇΓöÇΓöÇΓöÇΓöÇΓöÇΓöÇΓöÇΓöÇΓöÇΓöÇΓöÇΓöÇΓöÇΓöÇΓöÇΓöÇΓöÇΓöÇΓöÇΓöÇΓöÇΓöÇΓöÇΓöÇΓöÇΓöÇΓöÇΓöÇΓöÇΓöÇΓöÇΓöÇΓöÇΓöÇΓöÇΓöÇΓöÇΓöÇΓöÇΓöÇΓöÇΓöÇΓöÇΓöÇΓöÇΓöÇΓöÇΓöÇΓöÇΓöÇΓöÇΓöÇΓöÇΓöÇΓöÇΓöÇΓöÇΓöÇΓöÇΓöÇΓöÇΓöÇΓöÇΓöÇΓöÇΓöÇΓöÇΓöÇΓöÇΓöÇΓöÇΓöÇΓöÇΓöÇΓöÇΓöÇΓöÇΓöÇΓöÇΓöÇΓöÇΓöÇΓöÇΓöÇ  
   FAILED  Tests\Feature\SchoolManagementTest > `School Management` ΓåÆ `School Access Control` ΓåÆ it prevents non-admin from creating schoΓÇª   
  Expected response status code [403] but received 404.
Failed asserting that 404 is identical to 403.

  at tests\Feature\SchoolManagementTest.php:90
     86Γûò                 ->post('/api/schools', [
     87Γûò                     'school_name' => 'Unauthorized School',
     88Γûò                 ]);
     89Γûò 
  Γ₧£  90Γûò             $response->assertStatus(403);
     91Γûò         });
     92Γûò 
     93Γûò         it('prevents guest from accessing schools', function () {
     94Γûò             $response = $this->get('/api/schools');

  ΓöÇΓöÇΓöÇΓöÇΓöÇΓöÇΓöÇΓöÇΓöÇΓöÇΓöÇΓöÇΓöÇΓöÇΓöÇΓöÇΓöÇΓöÇΓöÇΓöÇΓöÇΓöÇΓöÇΓöÇΓöÇΓöÇΓöÇΓöÇΓöÇΓöÇΓöÇΓöÇΓöÇΓöÇΓöÇΓöÇΓöÇΓöÇΓöÇΓöÇΓöÇΓöÇΓöÇΓöÇΓöÇΓöÇΓöÇΓöÇΓöÇΓöÇΓöÇΓöÇΓöÇΓöÇΓöÇΓöÇΓöÇΓöÇΓöÇΓöÇΓöÇΓöÇΓöÇΓöÇΓöÇΓöÇΓöÇΓöÇΓöÇΓöÇΓöÇΓöÇΓöÇΓöÇΓöÇΓöÇΓöÇΓöÇΓöÇΓöÇΓöÇΓöÇΓöÇΓöÇΓöÇΓöÇΓöÇΓöÇΓöÇΓöÇΓöÇΓöÇΓöÇΓöÇΓöÇΓöÇΓöÇΓöÇΓöÇΓöÇΓöÇΓöÇΓöÇΓöÇΓöÇΓöÇΓöÇΓöÇΓöÇΓöÇΓöÇΓöÇΓöÇΓöÇΓöÇΓöÇΓöÇΓöÇΓöÇΓöÇΓöÇΓöÇΓöÇΓöÇΓöÇΓöÇΓöÇΓöÇΓöÇΓöÇΓöÇΓöÇΓöÇΓöÇΓöÇΓöÇ  
   FAILED  Tests\Feature\SchoolManagementTest > `School Management` ΓåÆ `School Access Control` ΓåÆ it prevents guest from accessing schools    
  Expected response status code [401] but received 404.
Failed asserting that 404 is identical to 401.

  at tests\Feature\SchoolManagementTest.php:96
     92Γûò 
     93Γûò         it('prevents guest from accessing schools', function () {
     94Γûò             $response = $this->get('/api/schools');
     95Γûò 
  Γ₧£  96Γûò             $response->assertStatus(401);
     97Γûò         });
     98Γûò     });
     99Γûò 
    100Γûò     describe('School Listing', function () {

  ΓöÇΓöÇΓöÇΓöÇΓöÇΓöÇΓöÇΓöÇΓöÇΓöÇΓöÇΓöÇΓöÇΓöÇΓöÇΓöÇΓöÇΓöÇΓöÇΓöÇΓöÇΓöÇΓöÇΓöÇΓöÇΓöÇΓöÇΓöÇΓöÇΓöÇΓöÇΓöÇΓöÇΓöÇΓöÇΓöÇΓöÇΓöÇΓöÇΓöÇΓöÇΓöÇΓöÇΓöÇΓöÇΓöÇΓöÇΓöÇΓöÇΓöÇΓöÇΓöÇΓöÇΓöÇΓöÇΓöÇΓöÇΓöÇΓöÇΓöÇΓöÇΓöÇΓöÇΓöÇΓöÇΓöÇΓöÇΓöÇΓöÇΓöÇΓöÇΓöÇΓöÇΓöÇΓöÇΓöÇΓöÇΓöÇΓöÇΓöÇΓöÇΓöÇΓöÇΓöÇΓöÇΓöÇΓöÇΓöÇΓöÇΓöÇΓöÇΓöÇΓöÇΓöÇΓöÇΓöÇΓöÇΓöÇΓöÇΓöÇΓöÇΓöÇΓöÇΓöÇΓöÇΓöÇΓöÇΓöÇΓöÇΓöÇΓöÇΓöÇΓöÇΓöÇΓöÇΓöÇΓöÇΓöÇΓöÇΓöÇΓöÇΓöÇΓöÇΓöÇΓöÇΓöÇΓöÇΓöÇΓöÇΓöÇΓöÇΓöÇΓöÇΓöÇΓöÇΓöÇ  
   FAILED  Tests\Feature\SchoolManagementTest > `School Management` ΓåÆ `School Listing` ΓåÆ it returns all schools for admin                   
  Expected response status code [200] but received 404.
Failed asserting that 404 is identical to 200.

  at tests\Feature\SchoolManagementTest.php:108
    104Γûò 
    105Γûò             $response = $this->actingAs($admin)
    106Γûò                 ->get('/api/schools');
    107Γûò 
  Γ₧£ 108Γûò             $response->assertStatus(200);
    109Γûò             $response->assertJsonCount(5, 'data');
    110Γûò         });
    111Γûò 
    112Γûò         it('shows only active schools by default', function () {

  ΓöÇΓöÇΓöÇΓöÇΓöÇΓöÇΓöÇΓöÇΓöÇΓöÇΓöÇΓöÇΓöÇΓöÇΓöÇΓöÇΓöÇΓöÇΓöÇΓöÇΓöÇΓöÇΓöÇΓöÇΓöÇΓöÇΓöÇΓöÇΓöÇΓöÇΓöÇΓöÇΓöÇΓöÇΓöÇΓöÇΓöÇΓöÇΓöÇΓöÇΓöÇΓöÇΓöÇΓöÇΓöÇΓöÇΓöÇΓöÇΓöÇΓöÇΓöÇΓöÇΓöÇΓöÇΓöÇΓöÇΓöÇΓöÇΓöÇΓöÇΓöÇΓöÇΓöÇΓöÇΓöÇΓöÇΓöÇΓöÇΓöÇΓöÇΓöÇΓöÇΓöÇΓöÇΓöÇΓöÇΓöÇΓöÇΓöÇΓöÇΓöÇΓöÇΓöÇΓöÇΓöÇΓöÇΓöÇΓöÇΓöÇΓöÇΓöÇΓöÇΓöÇΓöÇΓöÇΓöÇΓöÇΓöÇΓöÇΓöÇΓöÇΓöÇΓöÇΓöÇΓöÇΓöÇΓöÇΓöÇΓöÇΓöÇΓöÇΓöÇΓöÇΓöÇΓöÇΓöÇΓöÇΓöÇΓöÇΓöÇΓöÇΓöÇΓöÇΓöÇΓöÇΓöÇΓöÇΓöÇΓöÇΓöÇΓöÇΓöÇΓöÇΓöÇΓöÇΓöÇ  
   FAILED  Tests\Feature\SchoolManagementTest > `School Management` ΓåÆ `School Listing` ΓåÆ it shows only active schools by default            
  Expected response status code [200] but received 404.
Failed asserting that 404 is identical to 200.

  at tests\Feature\SchoolManagementTest.php:120
    116Γûò 
    117Γûò             $response = $this->actingAs($admin)
    118Γûò                 ->get('/api/schools?status=Active');
    119Γûò 
  Γ₧£ 120Γûò             $response->assertStatus(200);
    121Γûò         });
    122Γûò     });
    123Γûò });
    124Γûò


  Tests:    120 failed, 18 passed (74 assertions)
  Duration: 14.72s

